###############################################################################
#
# IAR ELF Linker V8.50.6.265/W32 for ARM                  20/Jun/2023  15:57:50
# Copyright 2007-2020 IAR Systems AB.
#
#    Output file  =
#        C:\Users\Daniluxa\Documents\GitHub\lic_module_zigbee_mcu\EWARM\lic_module_zigbee_mcu\Exe\lic_module_zigbee_mcu.out
#    Map file     =
#        C:\Users\Daniluxa\Documents\GitHub\lic_module_zigbee_mcu\EWARM\lic_module_zigbee_mcu\List\lic_module_zigbee_mcu.map
#    Command line =
#        -f C:\Users\Daniluxa\AppData\Local\Temp\EW723F.tmp
#        (C:\Users\Daniluxa\Documents\GitHub\lic_module_zigbee_mcu\EWARM\lic_module_zigbee_mcu\Obj\app_entry.o
#        C:\Users\Daniluxa\Documents\GitHub\lic_module_zigbee_mcu\EWARM\lic_module_zigbee_mcu\Obj\app_zigbee.o
#        C:\Users\Daniluxa\Documents\GitHub\lic_module_zigbee_mcu\EWARM\lic_module_zigbee_mcu\Obj\dbg_trace.o
#        C:\Users\Daniluxa\Documents\GitHub\lic_module_zigbee_mcu\EWARM\lic_module_zigbee_mcu\Obj\ee.o
#        C:\Users\Daniluxa\Documents\GitHub\lic_module_zigbee_mcu\EWARM\lic_module_zigbee_mcu\Obj\hw_flash.o
#        C:\Users\Daniluxa\Documents\GitHub\lic_module_zigbee_mcu\EWARM\lic_module_zigbee_mcu\Obj\hw_ipcc.o
#        C:\Users\Daniluxa\Documents\GitHub\lic_module_zigbee_mcu\EWARM\lic_module_zigbee_mcu\Obj\hw_timerserver.o
#        C:\Users\Daniluxa\Documents\GitHub\lic_module_zigbee_mcu\EWARM\lic_module_zigbee_mcu\Obj\hw_uart.o
#        C:\Users\Daniluxa\Documents\GitHub\lic_module_zigbee_mcu\EWARM\lic_module_zigbee_mcu\Obj\main.o
#        C:\Users\Daniluxa\Documents\GitHub\lic_module_zigbee_mcu\EWARM\lic_module_zigbee_mcu\Obj\otp.o
#        C:\Users\Daniluxa\Documents\GitHub\lic_module_zigbee_mcu\EWARM\lic_module_zigbee_mcu\Obj\shci.o
#        C:\Users\Daniluxa\Documents\GitHub\lic_module_zigbee_mcu\EWARM\lic_module_zigbee_mcu\Obj\shci_tl.o
#        C:\Users\Daniluxa\Documents\GitHub\lic_module_zigbee_mcu\EWARM\lic_module_zigbee_mcu\Obj\shci_tl_if.o
#        C:\Users\Daniluxa\Documents\GitHub\lic_module_zigbee_mcu\EWARM\lic_module_zigbee_mcu\Obj\startup_stm32wb55xx_cm4.o
#        C:\Users\Daniluxa\Documents\GitHub\lic_module_zigbee_mcu\EWARM\lic_module_zigbee_mcu\Obj\stm32_lpm.o
#        C:\Users\Daniluxa\Documents\GitHub\lic_module_zigbee_mcu\EWARM\lic_module_zigbee_mcu\Obj\stm32_lpm_if.o
#        C:\Users\Daniluxa\Documents\GitHub\lic_module_zigbee_mcu\EWARM\lic_module_zigbee_mcu\Obj\stm32_seq.o
#        C:\Users\Daniluxa\Documents\GitHub\lic_module_zigbee_mcu\Middlewares\ST\STM32_WPAN\zigbee\lib\stm32wb_zigbee_wb_lib.a
#        C:\Users\Daniluxa\Documents\GitHub\lic_module_zigbee_mcu\EWARM\lic_module_zigbee_mcu\Obj\stm32wbxx_hal.o
#        C:\Users\Daniluxa\Documents\GitHub\lic_module_zigbee_mcu\EWARM\lic_module_zigbee_mcu\Obj\stm32wbxx_hal_cortex.o
#        C:\Users\Daniluxa\Documents\GitHub\lic_module_zigbee_mcu\EWARM\lic_module_zigbee_mcu\Obj\stm32wbxx_hal_dma.o
#        C:\Users\Daniluxa\Documents\GitHub\lic_module_zigbee_mcu\EWARM\lic_module_zigbee_mcu\Obj\stm32wbxx_hal_dma_ex.o
#        C:\Users\Daniluxa\Documents\GitHub\lic_module_zigbee_mcu\EWARM\lic_module_zigbee_mcu\Obj\stm32wbxx_hal_exti.o
#        C:\Users\Daniluxa\Documents\GitHub\lic_module_zigbee_mcu\EWARM\lic_module_zigbee_mcu\Obj\stm32wbxx_hal_flash.o
#        C:\Users\Daniluxa\Documents\GitHub\lic_module_zigbee_mcu\EWARM\lic_module_zigbee_mcu\Obj\stm32wbxx_hal_flash_ex.o
#        C:\Users\Daniluxa\Documents\GitHub\lic_module_zigbee_mcu\EWARM\lic_module_zigbee_mcu\Obj\stm32wbxx_hal_gpio.o
#        C:\Users\Daniluxa\Documents\GitHub\lic_module_zigbee_mcu\EWARM\lic_module_zigbee_mcu\Obj\stm32wbxx_hal_hsem.o
#        C:\Users\Daniluxa\Documents\GitHub\lic_module_zigbee_mcu\EWARM\lic_module_zigbee_mcu\Obj\stm32wbxx_hal_ipcc.o
#        C:\Users\Daniluxa\Documents\GitHub\lic_module_zigbee_mcu\EWARM\lic_module_zigbee_mcu\Obj\stm32wbxx_hal_msp.o
#        C:\Users\Daniluxa\Documents\GitHub\lic_module_zigbee_mcu\EWARM\lic_module_zigbee_mcu\Obj\stm32wbxx_hal_pwr.o
#        C:\Users\Daniluxa\Documents\GitHub\lic_module_zigbee_mcu\EWARM\lic_module_zigbee_mcu\Obj\stm32wbxx_hal_pwr_ex.o
#        C:\Users\Daniluxa\Documents\GitHub\lic_module_zigbee_mcu\EWARM\lic_module_zigbee_mcu\Obj\stm32wbxx_hal_rcc.o
#        C:\Users\Daniluxa\Documents\GitHub\lic_module_zigbee_mcu\EWARM\lic_module_zigbee_mcu\Obj\stm32wbxx_hal_rcc_ex.o
#        C:\Users\Daniluxa\Documents\GitHub\lic_module_zigbee_mcu\EWARM\lic_module_zigbee_mcu\Obj\stm32wbxx_hal_rtc.o
#        C:\Users\Daniluxa\Documents\GitHub\lic_module_zigbee_mcu\EWARM\lic_module_zigbee_mcu\Obj\stm32wbxx_hal_rtc_ex.o
#        C:\Users\Daniluxa\Documents\GitHub\lic_module_zigbee_mcu\EWARM\lic_module_zigbee_mcu\Obj\stm32wbxx_hal_spi.o
#        C:\Users\Daniluxa\Documents\GitHub\lic_module_zigbee_mcu\EWARM\lic_module_zigbee_mcu\Obj\stm32wbxx_hal_spi_ex.o
#        C:\Users\Daniluxa\Documents\GitHub\lic_module_zigbee_mcu\EWARM\lic_module_zigbee_mcu\Obj\stm32wbxx_hal_tim.o
#        C:\Users\Daniluxa\Documents\GitHub\lic_module_zigbee_mcu\EWARM\lic_module_zigbee_mcu\Obj\stm32wbxx_hal_tim_ex.o
#        C:\Users\Daniluxa\Documents\GitHub\lic_module_zigbee_mcu\EWARM\lic_module_zigbee_mcu\Obj\stm32wbxx_hal_uart.o
#        C:\Users\Daniluxa\Documents\GitHub\lic_module_zigbee_mcu\EWARM\lic_module_zigbee_mcu\Obj\stm32wbxx_hal_uart_ex.o
#        C:\Users\Daniluxa\Documents\GitHub\lic_module_zigbee_mcu\EWARM\lic_module_zigbee_mcu\Obj\stm32wbxx_it.o
#        C:\Users\Daniluxa\Documents\GitHub\lic_module_zigbee_mcu\EWARM\lic_module_zigbee_mcu\Obj\stm_list.o
#        C:\Users\Daniluxa\Documents\GitHub\lic_module_zigbee_mcu\EWARM\lic_module_zigbee_mcu\Obj\stm_logging.o
#        C:\Users\Daniluxa\Documents\GitHub\lic_module_zigbee_mcu\EWARM\lic_module_zigbee_mcu\Obj\stm_queue.o
#        C:\Users\Daniluxa\Documents\GitHub\lic_module_zigbee_mcu\EWARM\lic_module_zigbee_mcu\Obj\system_stm32wbxx.o
#        C:\Users\Daniluxa\Documents\GitHub\lic_module_zigbee_mcu\EWARM\lic_module_zigbee_mcu\Obj\tl_mbox.o
#        C:\Users\Daniluxa\Documents\GitHub\lic_module_zigbee_mcu\EWARM\lic_module_zigbee_mcu\Obj\tl_zigbee_hci.o
#        C:\Users\Daniluxa\Documents\GitHub\lic_module_zigbee_mcu\EWARM\lic_module_zigbee_mcu\Obj\zigbee_core_wb.o
#        --no_out_extension -o
#        C:\Users\Daniluxa\Documents\GitHub\lic_module_zigbee_mcu\EWARM\lic_module_zigbee_mcu\Exe\lic_module_zigbee_mcu.out
#        --redirect _Printf=_PrintfFullNoMb --redirect _Scanf=_ScanfFullNoMb
#        --map
#        C:\Users\Daniluxa\Documents\GitHub\lic_module_zigbee_mcu\EWARM\lic_module_zigbee_mcu\List\lic_module_zigbee_mcu.map
#        --config
#        C:\Users\Daniluxa\Documents\GitHub\lic_module_zigbee_mcu\EWARM/stm32wb55xx_flash_cm4.icf
#        --semihosting --entry __iar_program_start --vfe --text_out locale)
#
###############################################################################

*******************************************************************************
*** RUNTIME MODEL ATTRIBUTES
***

CppFlavor       = *
__Heap_Handler  = DLMalloc
__SystemLibrary = DLib
__dlib_version  = 6


*******************************************************************************
*** HEAP SELECTION
***

The advanced heap was selected because the application calls memory
allocation functions outside of system library functions, and there
are calls to deallocation functions in the application.


*******************************************************************************
*** PLACEMENT SUMMARY
***

"A0":  place at address 0x800'0000 { ro section .intvec };
"P1":  place in [from 0x800'0000 to 0x807'ffff] { ro };
define block CSTACK with size = 4K, alignment = 8 { };
define block HEAP with size = 100K, alignment = 8 { };
"P2":  place in [from 0x2000'0008 to 0x2002'ffff] {
          rw, block CSTACK, block HEAP };
"P3":  place in [from 0x2003'0000 to 0x2003'27ff] {
          first section MAPPING_TABLE };
"P4":  place in [from 0x2003'0000 to 0x2003'27ff] { section MB_MEM1 };
"P5":  place in [from 0x2003'0000 to 0x2003'27ff] { section MB_MEM2 };
do not initialize { section .noinit, section MAPPING_TABLE, section MB_MEM1 };
initialize by copy { rw };

  Section                Kind         Address      Size  Object
  -------                ----         -------      ----  ------
"A0":                                             0x148
  .intvec                ro code   0x800'0000     0x148  startup_stm32wb55xx_cm4.o [1]
                                 - 0x800'0148     0x148

"P1", part 1 of 3:                             0x1'0ea0
  .text                  ro code   0x800'0148    0x18ac  zcl_attr_report.o [6]
  .text                  ro code   0x800'19f4    0x16e0  zigbee_core_wb.o [1]
  .text                  ro code   0x800'30d4      0x66  ABImemset.o [4]
  .text                  ro code   0x800'313a      0x3a  zero_init3.o [4]
  .text                  ro code   0x800'3174      0xa6  ABImemcpy.o [4]
  .text                  ro code   0x800'321a      0xf8  zcl_header.o [6]
  .text                  ro code   0x800'3312      0x1a  xsnprout.o [2]
  .text                  ro code   0x800'332c     0x212  zcl_cluster.o [6]
  .text                  ro code   0x800'353e      0xee  pletoh.o [6]
  .text                  ro code   0x800'362c    0x1046  zcl_attr.o [6]
  .text                  ro code   0x800'4672       0xa  xsprout.o [2]
  .text                  ro code   0x800'467c     0x40a  zcl_attr_float.o [6]
  .rodata                const     0x800'4a86       0x2  app_entry.o [1]
  .text                  ro code   0x800'4a88      0xe2  DblSub.o [3]
  .rodata                const     0x800'4b6a       0x2  app_entry.o [1]
  .text                  ro code   0x800'4b6c      0x2e  DblCmpLe.o [3]
  .rodata                const     0x800'4b9a       0x2  app_entry.o [1]
  .text                  ro code   0x800'4b9c     0x7ca  zcl_attr_integer.o [6]
  .rodata                const     0x800'5366       0x2  xlocale_c.o [2]
  .text                  ro code   0x800'5368      0x52  S64ToDbl.o [3]
  .text                  ro code   0x800'53ba       0x2  stm32wbxx_hal_ipcc.o [1]
  .text                  ro code   0x800'53bc      0x20  DblCmpEq.o [3]
  .text                  ro code   0x800'53dc      0x2e  DblCmpGe.o [3]
  .text                  ro code   0x800'540a       0x2  stm32wbxx_hal_ipcc.o [1]
  .text                  ro code   0x800'540c      0x3a  DblToS32.o [3]
  .rodata                const     0x800'5446       0x1  xlocale_c.o [2]
  .text                  ro code   0x800'5448      0x28  DblToU32.o [3]
  .text                  ro code   0x800'5470      0x52  DblToU64.o [3]
  .text                  ro code   0x800'54c4    0x149c  dlmalloc.o [2]
  .text                  ro code   0x800'6960       0x4  heaptramp0.o [2]
  .text                  ro code   0x800'6964     0x9a4  app_zigbee.o [1]
  .text                  ro code   0x800'7308      0x24  ABIassert.o [5]
  .text                  ro code   0x800'732c     0x94c  zcl_command_ind.o [6]
  .text                  ro code   0x800'7c78     0x31a  tl_mbox.o [1]
  .text                  ro code   0x800'7f94     0x242  zcl_attr_list.o [6]
  .text                  ro code   0x800'81d8      0x5c  DblToS64.o [3]
  .text                  ro code   0x800'8234     0x246  DblDiv.o [3]
  .text                  ro code   0x800'847c      0x1a  U32ToDbl.o [3]
  .text                  ro code   0x800'8498      0x46  U64ToDbl.o [3]
  .text                  ro code   0x800'84e0     0x17a  DblAdd.o [3]
  .text                  ro code   0x800'865c      0x22  I64Shl.o [4]
  .text                  ro code   0x800'8680     0x1a2  DblMul.o [3]
  .text                  ro code   0x800'8822       0x6  abort.o [2]
  .text                  ro code   0x800'8828      0x2c  xgetmemchunk.o [2]
  .text                  ro code   0x800'8854     0x158  stm_logging.o [1]
  .text                  ro code   0x800'89ac     0x260  stm32_seq.o [1]
  .text                  ro code   0x800'8c0c     0x10c  shci.o [1]
  .text                  ro code   0x800'8d18       0xc  stm32wbxx_hal.o [1]
  .text                  ro code   0x800'8d24      0x2e  zcl_press_meas_client.o [6]
  .text                  ro code   0x800'8d52      0x2e  zcl_temp_meas_client.o [6]
  .text                  ro code   0x800'8d80      0x56  zcl_water_content_client.o [6]
  .text                  ro code   0x800'8dd6      0x2c  strstr.o [2]
  .text                  ro code   0x800'8e04      0x16  strchr.o [4]
  .text                  ro code   0x800'8e1c      0x40  sprintf.o [2]
  .text                  ro code   0x800'8e5c     0x378  stm32wbxx_hal_gpio.o [1]
  .text                  ro code   0x800'91d4     0x22c  zcl_cluster_scene.o [6]
  .text                  ro code   0x800'9400     0x374  hw_ipcc.o [1]
  .text                  ro code   0x800'9774      0x86  stm_list.o [1]
  .text                  ro code   0x800'97fc     0x80c  app_entry.o [1]
  .text                  ro code   0x800'a008      0x14  exit.o [5]
  .text                  ro code   0x800'a01c      0x18  strcpy.o [4]
  .text                  ro code   0x800'a034      0x44  snprintf.o [2]
  .text                  ro code   0x800'a078      0x3c  vsnprint.o [2]
  .text                  ro code   0x800'a0b4      0x28  printf.o [2]
  .text                  ro code   0x800'a0dc       0x2  stm32_seq.o [1]
  .text                  ro code   0x800'a0de       0x2  stm32_seq.o [1]
  .text                  ro code   0x800'a0e0     0x1b4  shci_tl.o [1]
  .text                  ro code   0x800'a294     0x5c2  zcl_cluster_init.o [6]
  .text                  ro code   0x800'a858     0xfc2  xprintffull_nomb.o [2]
  .text                  ro code   0x800'b81c     0x1e4  stm32wbxx_hal_cortex.o [1]
  .text                  ro code   0x800'ba00     0x8a8  hw_timerserver.o [1]
  .text                  ro code   0x800'c2a8      0x12  stm32wbxx_hal_pwr.o [1]
  .text                  ro code   0x800'c2bc      0x30  otp.o [1]
  .text                  ro code   0x800'c2ec      0x48  stm32_lpm.o [1]
  .text                  ro code   0x800'c334      0xd0  dbg_trace.o [1]
  .text                  ro code   0x800'c404      0xcc  hw_uart.o [1]
  .text                  ro code   0x800'c4d0     0xa5c  stm32wbxx_hal_spi.o [1]
  .text                  ro code   0x800'cf2c     0xcd4  stm32wbxx_hal_rcc.o [1]
  .text                  ro code   0x800'dc00     0x2a4  main.o [1]
  .text                  ro code   0x800'dea4      0x14  shci_tl_if.o [1]
  .text                  ro code   0x800'deb8      0x40  xfail_s.o [2]
  .text                  ro code   0x800'def8      0x36  strlen.o [4]
  .text                  ro code   0x800'df30      0x58  memchr.o [4]
  .text                  ro code   0x800'df88      0x70  frexp.o [3]
  .text                  ro code   0x800'dff8     0x13a  ldexp.o [3]
  .text                  ro code   0x800'e134      0x22  S32ToDbl.o [3]
  .text                  ro code   0x800'e158       0x8  xlocale_c.o [2]
  .text                  ro code   0x800'e160     0x230  I64DivMod.o [4]
  .text                  ro code   0x800'e390     0x558  stm_queue.o [1]
  .text                  ro code   0x800'e8e8     0x5e4  stm32wbxx_hal_uart.o [1]
  .text                  ro code   0x800'eecc     0x20c  stm32wbxx_hal_msp.o [1]
  .text                  ro code   0x800'f0d8      0x5c  stm32wbxx_hal.o [1]
  .text                  ro code   0x800'f134      0x3c  stm32wbxx_hal.o [1]
  .text                  ro code   0x800'f170      0x86  stm32wbxx_hal_pwr_ex.o [1]
  .text                  ro code   0x800'f1f8     0x4dc  stm32wbxx_hal_rcc_ex.o [1]
  .text                  ro code   0x800'f6d4      0x7c  stm32wbxx_hal_ipcc.o [1]
  .text                  ro code   0x800'f750     0x154  stm32wbxx_hal_rtc.o [1]
  .text                  ro code   0x800'f8a4     0x120  stm32wbxx_hal_rtc_ex.o [1]
  .text                  ro code   0x800'f9c4       0x2  I64DivZer.o [4]
  .text                  ro code   0x800'f9c8     0x2fe  stm32wbxx_hal_dma.o [1]
  .text                  ro code   0x800'fcc6       0x2  stm32wbxx_hal_uart.o [1]
  .text                  ro code   0x800'fcc8       0x2  stm32wbxx_hal_uart.o [1]
  .text                  ro code   0x800'fccc       0x2  stm32wbxx_hal_uart_ex.o [1]
  .text                  ro code   0x800'fcce       0x2  stm32wbxx_hal_uart_ex.o [1]
  .text                  ro code   0x800'fcd0       0x2  stm32wbxx_hal_uart_ex.o [1]
  .text                  ro code   0x800'fcd2       0x2  stm32wbxx_hal_uart.o [1]
  .text                  ro code   0x800'fcd4       0x2  stm32wbxx_hal_pwr_ex.o [1]
  .rodata                const     0x800'fcd8     0x200  zigbee_core_wb.o [1]
  .text                  ro code   0x800'fed8      0xd8  xfspos.o [2]
  .text                  ro code   0x800'ffb0      0xac  fflush.o [2]
  .text                  ro code   0x801'005c       0xc  xfgpos.o [2]
  .text                  ro code   0x801'0068      0x4a  lseek.o [5]
  .text                  ro code   0x801'00b4      0xcc  XShHandles.o [2]
  .text                  ro code   0x801'0180      0xd6  stm32wbxx_hal_flash.o [1]
  .text                  ro code   0x801'0256       0x2  stm32wbxx_hal_flash.o [1]
  .text                  ro code   0x801'0258      0x1c  stm32wbxx_hal_flash_ex.o [1]
  .text                  ro code   0x801'0274      0xb4  xfwprep.o [2]
  .text                  ro code   0x801'0328      0x24  fseek.o [2]
  .text                  ro code   0x801'034c      0x9c  xfofind.o [2]
  .text                  ro code   0x801'03e8      0x94  stm32wbxx_it.o [1]
  .text                  ro code   0x801'047c      0x18  stm32wbxx_hal.o [1]
  .text                  ro code   0x801'0494      0x2a  stm32wbxx_hal_hsem.o [1]
  .text                  ro code   0x801'04be      0x7e  fclose.o [2]
  .text                  ro code   0x801'053c      0x18  close.o [5]
  .text                  ro code   0x801'0554      0x14  remove.o [5]
  .text                  ro code   0x801'0568      0x78  system_stm32wbxx.o [1]
  .text                  ro code   0x801'05e0      0x78  lz77_init_single.o [4]
  .rodata                const     0x801'0658      0x74  zigbee_core_wb.o [1]
  .rodata                const     0x801'06cc      0x58  app_zigbee.o [1]
  .text                  ro code   0x801'0724      0x54  fputc.o [2]
  .rodata                const     0x801'0778      0x40  app_zigbee.o [1]
  .rodata                const     0x801'07b8      0x40  system_stm32wbxx.o [1]
  .rodata                const     0x801'07f8      0x40  system_stm32wbxx.o [1]
  .rodata                const     0x801'0838      0x3c  app_zigbee.o [1]
  .text                  ro code   0x801'0874      0x3c  xcloseall.o [2]
  .rodata                const     0x801'08b0      0x38  app_zigbee.o [1]
  .rodata                const     0x801'08e8      0x30  app_zigbee.o [1]
  .rodata                const     0x801'0918      0x30  app_zigbee.o [1]
  .rodata                const     0x801'0948      0x30  app_zigbee.o [1]
  .rodata                const     0x801'0978      0x30  app_zigbee.o [1]
  .rodata                const     0x801'09a8      0x2c  app_zigbee.o [1]
  .rodata                const     0x801'09d4      0x2c  app_zigbee.o [1]
  .rodata                const     0x801'0a00      0x2c  app_zigbee.o [1]
  .rodata                const     0x801'0a2c      0x2c  app_zigbee.o [1]
  .rodata                const     0x801'0a58      0x28  app_zigbee.o [1]
  .rodata                const     0x801'0a80      0x28  app_zigbee.o [1]
  .rodata                const     0x801'0aa8      0x28  zcl_cluster_init.o [6]
  .text                  ro code   0x801'0ad0      0x28  data_init.o [4]
  .rodata                const     0x801'0af8      0x24  app_zigbee.o [1]
  .rodata                const     0x801'0b1c      0x24  app_zigbee.o [1]
  .text                  ro code   0x801'0b40      0x22  fpinit_M.o [3]
  .iar.init_table        const     0x801'0b64      0x28  - Linker created -
  .rodata                const     0x801'0b8c      0x20  app_entry.o [1]
  .rodata                const     0x801'0bac      0x20  app_entry.o [1]
  .text                  ro code   0x801'0bcc      0x1e  cmain.o [4]
  .text                  ro code   0x801'0bea       0x4  low_level_init.o [2]
  .text                  ro code   0x801'0bee       0x4  exit.o [2]
  .text                  ro code   0x801'0bf4       0xe  cexit.o [4]
  .rodata                const     0x801'0c04      0x1c  app_zigbee.o [1]
  .rodata                const     0x801'0c20      0x1c  app_zigbee.o [1]
  .rodata                const     0x801'0c3c      0x1c  app_zigbee.o [1]
  .rodata                const     0x801'0c58      0x1c  app_zigbee.o [1]
  .rodata                const     0x801'0c74      0x1c  app_zigbee.o [1]
  .rodata                const     0x801'0c90      0x1c  app_zigbee.o [1]
  .rodata                const     0x801'0cac      0x1c  app_zigbee.o [1]
  .rodata                const     0x801'0cc8      0x1c  zigbee_core_wb.o [1]
  .rodata                const     0x801'0ce4      0x1c  zigbee_core_wb.o [1]
  .rodata                const     0x801'0d00      0x1c  zigbee_core_wb.o [1]
  .rodata                const     0x801'0d1c      0x1c  zigbee_core_wb.o [1]
  .rodata                const     0x801'0d38      0x18  app_zigbee.o [1]
  .rodata                const     0x801'0d50      0x18  app_zigbee.o [1]
  .rodata                const     0x801'0d68      0x18  zigbee_core_wb.o [1]
  .text                  ro code   0x801'0d80      0x16  xprout.o [2]
  .text                  ro code   0x801'0d98       0xc  putchar.o [2]
  .rodata                const     0x801'0da4      0x14  app_zigbee.o [1]
  .rodata                const     0x801'0db8      0x14  app_zigbee.o [1]
  .rodata                const     0x801'0dcc      0x14  app_zigbee.o [1]
  .rodata                const     0x801'0de0      0x14  stm_logging.o [1]
  .rodata                const     0x801'0df4      0x14  zigbee_core_wb.o [1]
  .rodata                const     0x801'0e08      0x14  zigbee_core_wb.o [1]
  .rodata                const     0x801'0e1c      0x10  app_zigbee.o [1]
  .rodata                const     0x801'0e2c      0x10  app_zigbee.o [1]
  .rodata                const     0x801'0e3c      0x10  app_zigbee.o [1]
  .rodata                const     0x801'0e4c      0x10  stm32_seq.o [1]
  .rodata                const     0x801'0e5c      0x10  stm32wbxx_hal_rcc.o [1]
  .rodata                const     0x801'0e6c      0x10  stm32wbxx_hal_rcc.o [1]
  .rodata                const     0x801'0e7c      0x10  stm_logging.o [1]
  .rodata                const     0x801'0e8c      0x10  zigbee_core_wb.o [1]
  .rodata                const     0x801'0e9c       0xc  stm32wbxx_hal_rcc.o [1]
  .rodata                const     0x801'0ea8      0x10  zigbee_core_wb.o [1]
  .text                  ro code   0x801'0eb8      0x10  startup_stm32wb55xx_cm4.o [1]
  .rodata                const     0x801'0ec8       0xc  zigbee_core_wb.o [1]
  .text                  ro code   0x801'0ed4       0xc  cstartup_M.o [4]
  .rodata                const     0x801'0ee0       0x8  app_zigbee.o [1]
  .rodata                const     0x801'0ee8       0x8  app_zigbee.o [1]
  .rodata                const     0x801'0ef0       0x8  stm_logging.o [1]
  .rodata                const     0x801'0ef8       0x8  stm_logging.o [1]
  .rodata                const     0x801'0f00       0x8  stm_logging.o [1]
  .rodata                const     0x801'0f08       0x8  stm_logging.o [1]
  .rodata                const     0x801'0f10       0x8  stm_logging.o [1]
  .rodata                const     0x801'0f18       0x8  xprintffull_nomb.o [2]
  .rodata                const     0x801'0f20       0x4  app_entry.o [1]
  .rodata                const     0x801'0f24       0x4  app_entry.o [1]
  .text                  ro code   0x801'0f28       0x4  startup_stm32wb55xx_cm4.o [1]
  .text                  ro code   0x801'0f2c       0x4  startup_stm32wb55xx_cm4.o [1]
  .text                  ro code   0x801'0f30       0x4  startup_stm32wb55xx_cm4.o [1]
  .text                  ro code   0x801'0f34       0x4  startup_stm32wb55xx_cm4.o [1]
  .text                  ro code   0x801'0f38       0x4  startup_stm32wb55xx_cm4.o [1]
  .text                  ro code   0x801'0f3c       0x4  startup_stm32wb55xx_cm4.o [1]
  .text                  ro code   0x801'0f40       0x4  startup_stm32wb55xx_cm4.o [1]
  .text                  ro code   0x801'0f44       0x4  startup_stm32wb55xx_cm4.o [1]
  .text                  ro code   0x801'0f48       0x4  startup_stm32wb55xx_cm4.o [1]
  .text                  ro code   0x801'0f4c       0x4  startup_stm32wb55xx_cm4.o [1]
  .text                  ro code   0x801'0f50       0x4  startup_stm32wb55xx_cm4.o [1]
  .text                  ro code   0x801'0f54       0x4  startup_stm32wb55xx_cm4.o [1]
  .text                  ro code   0x801'0f58       0x4  startup_stm32wb55xx_cm4.o [1]
  .text                  ro code   0x801'0f5c       0x4  startup_stm32wb55xx_cm4.o [1]
  .text                  ro code   0x801'0f60       0x4  startup_stm32wb55xx_cm4.o [1]
  .text                  ro code   0x801'0f64       0x4  startup_stm32wb55xx_cm4.o [1]
  .text                  ro code   0x801'0f68       0x4  startup_stm32wb55xx_cm4.o [1]
  .text                  ro code   0x801'0f6c       0x4  startup_stm32wb55xx_cm4.o [1]
  .text                  ro code   0x801'0f70       0x4  startup_stm32wb55xx_cm4.o [1]
  .text                  ro code   0x801'0f74       0x4  startup_stm32wb55xx_cm4.o [1]
  .text                  ro code   0x801'0f78       0x4  startup_stm32wb55xx_cm4.o [1]
  .text                  ro code   0x801'0f7c       0x4  startup_stm32wb55xx_cm4.o [1]
  .text                  ro code   0x801'0f80       0x4  startup_stm32wb55xx_cm4.o [1]
  .text                  ro code   0x801'0f84       0x4  startup_stm32wb55xx_cm4.o [1]
  .text                  ro code   0x801'0f88       0x4  startup_stm32wb55xx_cm4.o [1]
  .text                  ro code   0x801'0f8c       0x4  startup_stm32wb55xx_cm4.o [1]
  .text                  ro code   0x801'0f90       0x4  startup_stm32wb55xx_cm4.o [1]
  .text                  ro code   0x801'0f94       0x4  startup_stm32wb55xx_cm4.o [1]
  .text                  ro code   0x801'0f98       0x4  startup_stm32wb55xx_cm4.o [1]
  .text                  ro code   0x801'0f9c       0x4  startup_stm32wb55xx_cm4.o [1]
  .text                  ro code   0x801'0fa0       0x4  startup_stm32wb55xx_cm4.o [1]
  .text                  ro code   0x801'0fa4       0x4  startup_stm32wb55xx_cm4.o [1]
  .text                  ro code   0x801'0fa8       0x4  startup_stm32wb55xx_cm4.o [1]
  .text                  ro code   0x801'0fac       0x4  startup_stm32wb55xx_cm4.o [1]
  .text                  ro code   0x801'0fb0       0x4  startup_stm32wb55xx_cm4.o [1]
  .text                  ro code   0x801'0fb4       0x4  startup_stm32wb55xx_cm4.o [1]
  .text                  ro code   0x801'0fb8       0x4  startup_stm32wb55xx_cm4.o [1]
  .text                  ro code   0x801'0fbc       0x4  startup_stm32wb55xx_cm4.o [1]
  .text                  ro code   0x801'0fc0       0x4  startup_stm32wb55xx_cm4.o [1]
  .text                  ro code   0x801'0fc4       0x4  startup_stm32wb55xx_cm4.o [1]
  .text                  ro code   0x801'0fc8       0x4  startup_stm32wb55xx_cm4.o [1]
  .text                  ro code   0x801'0fcc       0x4  startup_stm32wb55xx_cm4.o [1]
  .text                  ro code   0x801'0fd0       0x4  startup_stm32wb55xx_cm4.o [1]
  .text                  ro code   0x801'0fd4       0x4  startup_stm32wb55xx_cm4.o [1]
  .text                  ro code   0x801'0fd8       0x4  startup_stm32wb55xx_cm4.o [1]
  .text                  ro code   0x801'0fdc       0x4  startup_stm32wb55xx_cm4.o [1]
  .text                  ro code   0x801'0fe0       0x4  startup_stm32wb55xx_cm4.o [1]
  .text                  ro code   0x801'0fe4       0x4  startup_stm32wb55xx_cm4.o [1]
  .text                  ro code   0x801'0fe8       0x0  cstart_closeall.o [4]
  .rodata                const     0x801'0fe8       0x0  zero_init3.o [4]
  .rodata                const     0x801'0fe8       0x0  lz77_init_single.o [4]
                                 - 0x801'0fe8  0x1'0ea0

"P1", part 2 of 3:                                  0x4
  .rodata                uninit    0x801'0fe8       0x4  zigbee_core_wb.o [1]
                                 - 0x801'0fec       0x4

"P1", part 3 of 3:                                 0x75
  Initializer bytes      const     0x801'0fec      0x75  <for P2-1>
                                 - 0x801'1061      0x75

"P2", part 1 of 3:                                0x146
  P2-1                            0x2000'0008     0x146  <Init block>
    .data                inited   0x2000'0008       0x4  stm32_seq.o [1]
    .data                inited   0x2000'000c       0x4  stm32_seq.o [1]
    .data                inited   0x2000'0010       0x4  stm32wbxx_hal.o [1]
    .data                inited   0x2000'0014       0x4  system_stm32wbxx.o [1]
    .data                inited   0x2000'0018       0x4  zigbee_core_wb.o [1]
    .data                inited   0x2000'001c      0x38  xlocale_c.o [2]
    .data                inited   0x2000'0054      0x48  xfiles.o [2]
    .data                inited   0x2000'009c      0x48  xfiles.o [2]
    .data                inited   0x2000'00e4      0x48  xfiles.o [2]
    .data                inited   0x2000'012c      0x20  xfiles.o [2]
    .data                inited   0x2000'014c       0x1  dbg_trace.o [1]
    .data                inited   0x2000'014d       0x1  stm32wbxx_hal.o [1]
                                - 0x2000'014e     0x146

"P2", part 2 of 3:                                0xa24
  .bss                   zero     0x2000'0150     0x1d8  dlmalloc.o [2]
  .bss                   zero     0x2000'0328     0x180  zigbee_core_wb.o [1]
  .bss                   zero     0x2000'04a8      0x90  main.o [1]
  .bss                   zero     0x2000'0538      0x90  main.o [1]
  TIMERSERVER_CONTEXT    zero     0x2000'05c8      0x90  hw_timerserver.o [1]
  .bss                   zero     0x2000'0658      0x80  stm32_seq.o [1]
  .bss                   zero     0x2000'06d8      0x80  XShHandles.o [2]
  .bss                   zero     0x2000'0758      0x64  main.o [1]
  .bss                   zero     0x2000'07bc      0x60  main.o [1]
  .bss                   zero     0x2000'081c      0x60  main.o [1]
  .bss                   zero     0x2000'087c      0x60  zigbee_core_wb.o [1]
  .bss                   zero     0x2000'08dc      0x50  app_zigbee.o [1]
  .bss                   zero     0x2000'092c      0x50  xfiles.o [2]
  .bss                   zero     0x2000'097c      0x50  xfiles.o [2]
  .bss                   zero     0x2000'09cc      0x3c  main.o [1]
  .bss                   zero     0x2000'0a08      0x24  main.o [1]
  .bss                   zero     0x2000'0a2c      0x20  dbg_trace.o [1]
  .bss                   zero     0x2000'0a4c      0x20  shci_tl.o [1]
  .bss                   zero     0x2000'0a6c      0x1c  app_zigbee.o [1]
  .bss                   zero     0x2000'0a88      0x18  stm32wbxx_hal_flash.o [1]
  .bss                   zero     0x2000'0aa0      0x18  dlmalloc.o [2]
  .bss                   zero     0x2000'0ab8      0x14  zigbee_core_wb.o [1]
  .bss                   zero     0x2000'0acc      0x10  stm32_seq.o [1]
  .bss                   zero     0x2000'0adc       0x8  tl_mbox.o [1]
  SYSTEM_DRIVER_CONTEXT  zero     0x2000'0ae4       0x8  shci_tl.o [1]
  .bss                   zero     0x2000'0aec       0x4  app_zigbee.o [1]
  .bss                   zero     0x2000'0af0       0x4  app_zigbee.o [1]
  .bss                   zero     0x2000'0af4       0x4  app_zigbee.o [1]
  .bss                   zero     0x2000'0af8       0x4  app_zigbee.o [1]
  .bss                   zero     0x2000'0afc       0x4  app_zigbee.o [1]
  .bss                   zero     0x2000'0b00       0x4  hw_ipcc.o [1]
  .bss                   zero     0x2000'0b04       0x4  hw_timerserver.o [1]
  .bss                   zero     0x2000'0b08       0x4  hw_uart.o [1]
  .bss                   zero     0x2000'0b0c       0x4  hw_uart.o [1]
  .bss                   zero     0x2000'0b10       0x4  shci_tl.o [1]
  .bss                   zero     0x2000'0b14       0x4  stm32_lpm.o [1]
  .bss                   zero     0x2000'0b18       0x4  stm32_lpm.o [1]
  .bss                   zero     0x2000'0b1c       0x4  stm32_seq.o [1]
  .bss                   zero     0x2000'0b20       0x4  stm32_seq.o [1]
  .bss                   zero     0x2000'0b24       0x4  stm32_seq.o [1]
  .bss                   zero     0x2000'0b28       0x4  stm32_seq.o [1]
  .bss                   zero     0x2000'0b2c       0x4  stm32wbxx_hal.o [1]
  .bss                   zero     0x2000'0b30       0x4  tl_mbox.o [1]
  .bss                   zero     0x2000'0b34       0x4  tl_mbox.o [1]
  .bss                   zero     0x2000'0b38       0x4  tl_mbox.o [1]
  .bss                   zero     0x2000'0b3c       0x4  tl_mbox.o [1]
  .bss                   zero     0x2000'0b40       0x4  tl_mbox.o [1]
  .bss                   zero     0x2000'0b44       0x4  zigbee_core_wb.o [1]
  .bss                   zero     0x2000'0b48       0x4  zigbee_core_wb.o [1]
  .bss                   zero     0x2000'0b4c       0x4  zigbee_core_wb.o [1]
  .bss                   zero     0x2000'0b50       0x4  zigbee_core_wb.o [1]
  .bss                   zero     0x2000'0b54       0x4  zigbee_core_wb.o [1]
  .bss                   zero     0x2000'0b58       0x4  xgetmemchunk.o [2]
  .bss                   zero     0x2000'0b5c       0x4  xfail_s.o [2]
  SYSTEM_DRIVER_CONTEXT  zero     0x2000'0b60       0x4  shci_tl.o [1]
  TIMERSERVER_CONTEXT    zero     0x2000'0b64       0x4  hw_timerserver.o [1]
  .bss                   zero     0x2000'0b68       0x2  hw_timerserver.o [1]
  .bss                   zero     0x2000'0b6a       0x2  hw_timerserver.o [1]
  .bss                   zero     0x2000'0b6c       0x1  hw_timerserver.o [1]
  .bss                   zero     0x2000'0b6d       0x1  hw_timerserver.o [1]
  SYSTEM_DRIVER_CONTEXT  zero     0x2000'0b6e       0x1  shci_tl.o [1]
  SYSTEM_DRIVER_CONTEXT  zero     0x2000'0b6f       0x1  shci_tl.o [1]
  TIMERSERVER_CONTEXT    zero     0x2000'0b70       0x1  hw_timerserver.o [1]
  TIMERSERVER_CONTEXT    zero     0x2000'0b71       0x1  hw_timerserver.o [1]
  TIMERSERVER_CONTEXT    zero     0x2000'0b72       0x1  hw_timerserver.o [1]
                                - 0x2000'0b73     0xa23

"P2", part 3 of 3:                             0x1'a000
  CSTACK                          0x2000'0b78    0x1000  <Block>
    CSTACK               uninit   0x2000'0b78    0x1000  <Block tail>
  HEAP                            0x2000'1b78  0x1'9000  <Block>
    HEAP                 uninit   0x2000'1b78  0x1'9000  <Block tail>
                                - 0x2001'ab78  0x1'a000

"P3":                                              0x28
  MAPPING_TABLE          uninit   0x2003'0000      0x28  tl_mbox.o [1]
                                - 0x2003'0028      0x28

"P4-P5", part 1 of 2:                             0xa78
  MB_MEM2                zero     0x2003'0028     0x53c  app_entry.o [1]
  MB_MEM2                zero     0x2003'0564     0x10c  app_entry.o [1]
  MB_MEM2                zero     0x2003'0670     0x10c  app_entry.o [1]
  MB_MEM2                zero     0x2003'077c     0x10c  app_zigbee.o [1]
  MB_MEM2                zero     0x2003'0888     0x10c  app_zigbee.o [1]
  MB_MEM2                zero     0x2003'0994     0x10c  app_zigbee.o [1]
                                - 0x2003'0aa0     0xa78

"P4-P5", part 2 of 2:                              0xbc
  MB_MEM1                uninit   0x2003'0aa0      0x20  tl_mbox.o [1]
  MB_MEM1                uninit   0x2003'0ac0      0x1c  tl_mbox.o [1]
  MB_MEM1                uninit   0x2003'0adc      0x10  tl_mbox.o [1]
  MB_MEM1                uninit   0x2003'0aec      0x10  tl_mbox.o [1]
  MB_MEM1                uninit   0x2003'0afc       0xc  app_zigbee.o [1]
  MB_MEM1                uninit   0x2003'0b08       0xc  tl_mbox.o [1]
  MB_MEM1                uninit   0x2003'0b14       0xc  tl_mbox.o [1]
  MB_MEM1                uninit   0x2003'0b20       0x8  tl_mbox.o [1]
  MB_MEM1                uninit   0x2003'0b28       0x8  tl_mbox.o [1]
  MB_MEM1                uninit   0x2003'0b30       0x8  tl_mbox.o [1]
  MB_MEM1                uninit   0x2003'0b38       0x8  tl_mbox.o [1]
  MB_MEM1                uninit   0x2003'0b40       0x8  tl_mbox.o [1]
  MB_MEM1                uninit   0x2003'0b48       0x8  tl_mbox.o [1]
  MB_MEM1                uninit   0x2003'0b50       0x8  tl_mbox.o [1]
  MB_MEM1                uninit   0x2003'0b58       0x4  tl_mbox.o [1]
                                - 0x2003'0b5c      0xbc

Unused ranges:

         From           To      Size
         ----           --      ----
   0x801'1061   0x807'ffff  0x6'ef9f
  0x2000'014e  0x2000'014f       0x2
  0x2000'0b74  0x2000'0b77       0x4
  0x2001'ab78  0x2002'ffff  0x1'5488
  0x2003'0b5c  0x2003'27ff    0x1ca4


*******************************************************************************
*** INIT TABLE
***

          Address      Size
          -------      ----
Zero (__iar_zero_init3)
    2 destination ranges, total size 0x149b:
          0x2000'0150  0xa23
          0x2003'0028  0xa78

Copy/lz77 (__iar_lz77_init_single3)
    1 source range, total size 0x75 (35% of destination):
           0x801'0fec   0x75
    1 destination range, total size 0x146:
          0x2000'0008  0x146



*******************************************************************************
*** MODULE SUMMARY
***

    Module                      ro code  ro data  rw data
    ------                      -------  -------  -------
command line/config:
    -----------------------------------------------------
    Total:

C:\Users\Daniluxa\Documents\GitHub\lic_module_zigbee_mcu\EWARM\lic_module_zigbee_mcu\Obj: [1]
    app_entry.o                   2'060       78    1'876
    app_zigbee.o                  2'468    1'156      944
    dbg_trace.o                     208                33
    hw_ipcc.o                       884                 4
    hw_timerserver.o              2'216               161
    hw_uart.o                       204                 8
    main.o                          676               676
    otp.o                            48
    shci.o                          268
    shci_tl.o                       436                50
    shci_tl_if.o                     20
    startup_stm32wb55xx_cm4.o       536
    stm32_lpm.o                      72                 8
    stm32_seq.o                     612       18      168
    stm32wbxx_hal.o                 188        3        9
    stm32wbxx_hal_cortex.o          484
    stm32wbxx_hal_dma.o             766
    stm32wbxx_hal_flash.o           216                24
    stm32wbxx_hal_flash_ex.o         28
    stm32wbxx_hal_gpio.o            888
    stm32wbxx_hal_hsem.o             42
    stm32wbxx_hal_ipcc.o            128
    stm32wbxx_hal_msp.o             524
    stm32wbxx_hal_pwr.o              18
    stm32wbxx_hal_pwr_ex.o          136
    stm32wbxx_hal_rcc.o           3'284       44
    stm32wbxx_hal_rcc_ex.o        1'244
    stm32wbxx_hal_rtc.o             340
    stm32wbxx_hal_rtc_ex.o          288
    stm32wbxx_hal_spi.o           2'652
    stm32wbxx_hal_uart.o          1'514
    stm32wbxx_hal_uart_ex.o           6
    stm32wbxx_it.o                  148
    stm_list.o                      134
    stm_logging.o                   344       76
    stm_queue.o                   1'368
    system_stm32wbxx.o              120      129        4
    tl_mbox.o                       794               244
    zigbee_core_wb.o              5'856      854      524
    -----------------------------------------------------
    Total:                       32'218    2'358    4'733

dl7M_tlf.a: [2]
    XShHandles.o                    204               128
    abort.o                           6
    dlmalloc.o                    5'276               496
    exit.o                            4
    fclose.o                        126
    fflush.o                        172
    fputc.o                          84
    fseek.o                          36
    heaptramp0.o                      4
    low_level_init.o                  4
    printf.o                         40
    putchar.o                        12
    snprintf.o                       68
    sprintf.o                        64
    strstr.o                         44
    vsnprint.o                       60
    xcloseall.o                      60
    xfail_s.o                        64                 4
    xfgpos.o                         12
    xfiles.o                                  89      408
    xfofind.o                       156
    xfspos.o                        216
    xfwprep.o                       180
    xgetmemchunk.o                   44                 4
    xlocale_c.o                       8       23       56
    xprintffull_nomb.o            4'034        8
    xprout.o                         22
    xsnprout.o                       26
    xsprout.o                        10
    -----------------------------------------------------
    Total:                       11'036      120    1'096

m7M_tls.a: [3]
    DblAdd.o                        378
    DblCmpEq.o                       32
    DblCmpGe.o                       46
    DblCmpLe.o                       46
    DblDiv.o                        582
    DblMul.o                        418
    DblSub.o                        226
    DblToS32.o                       58
    DblToS64.o                       92
    DblToU32.o                       40
    DblToU64.o                       82
    S32ToDbl.o                       34
    S64ToDbl.o                       82
    U32ToDbl.o                       26
    U64ToDbl.o                       70
    fpinit_M.o                       34
    frexp.o                         112
    ldexp.o                         314
    -----------------------------------------------------
    Total:                        2'672

rt7M_tl.a: [4]
    ABImemcpy.o                     166
    ABImemset.o                     102
    I64DivMod.o                     560
    I64DivZer.o                       2
    I64Shl.o                         34
    cexit.o                          14
    cmain.o                          30
    cstart_closeall.o
    cstartup_M.o                     12
    data_init.o                      40
    lz77_init_single.o              120
    memchr.o                         88
    strchr.o                         22
    strcpy.o                         24
    strlen.o                         54
    zero_init3.o                     58
    -----------------------------------------------------
    Total:                        1'326

shb_l.a: [5]
    ABIassert.o                      36
    close.o                          24
    exit.o                           20
    lseek.o                          74
    remove.o                         20
    -----------------------------------------------------
    Total:                          174

stm32wb_zigbee_wb_lib.a: [6]
    pletoh.o                        238
    zcl_attr.o                    4'166
    zcl_attr_float.o              1'034
    zcl_attr_integer.o            1'994
    zcl_attr_list.o                 578
    zcl_attr_report.o             6'316
    zcl_cluster.o                   530
    zcl_cluster_init.o            1'474       40
    zcl_cluster_scene.o             556
    zcl_command_ind.o             2'380
    zcl_header.o                    248
    zcl_press_meas_client.o          46
    zcl_temp_meas_client.o           46
    zcl_water_content_client.o       86
    -----------------------------------------------------
    Total:                       19'692       40

    Gaps                             47        6
    Linker created                            40  106'496
---------------------------------------------------------
    Grand Total:                 67'165    2'564  112'325


*******************************************************************************
*** ENTRY LIST
***

Entry                       Address   Size  Type      Object
-----                       -------   ----  ----      ------
.iar.init_table$$Base    0x801'0b64          --   Gb  - Linker created -
.iar.init_table$$Limit   0x801'0b8c          --   Gb  - Linker created -
?main                    0x801'0bcd         Code  Gb  cmain.o [4]
AHBPrescTable            0x801'07b8   0x40  Data  Gb  system_stm32wbxx.o [1]
APPE_SysEvtError         0x800'9a5d   0x2c  Code  Lc  app_entry.o [1]
APPE_SysEvtReadyProcessing
                         0x800'9a89   0x14  Code  Lc  app_entry.o [1]
APPE_SysStatusNot        0x800'9a2d    0x2  Code  Lc  app_entry.o [1]
APPE_SysUserEvtRx        0x800'9a31   0x2c  Code  Lc  app_entry.o [1]
APP_ZIGBEE_CheckWirelessFirmwareInfo
                         0x800'6f0f  0x14e  Code  Lc  app_zigbee.o [1]
APP_ZIGBEE_ConfigEndpoints
                         0x800'6a29   0xe8  Code  Lc  app_zigbee.o [1]
APP_ZIGBEE_Error         0x800'6ee5   0x12  Code  Gb  app_zigbee.o [1]
APP_ZIGBEE_Init          0x800'6965   0x5a  Code  Gb  app_zigbee.o [1]
APP_ZIGBEE_NwkForm       0x800'6d81   0xe8  Code  Lc  app_zigbee.o [1]
APP_ZIGBEE_ProcessNotifyM0ToM4
                         0x800'7125   0x24  Code  Gb  app_zigbee.o [1]
APP_ZIGBEE_ProcessRequestM0ToM4
                         0x800'7149   0x14  Code  Gb  app_zigbee.o [1]
APP_ZIGBEE_RegisterCmdBuffer
                         0x800'705d    0x6  Code  Gb  app_zigbee.o [1]
APP_ZIGBEE_StackLayersInit
                         0x800'69bf   0x6a  Code  Lc  app_zigbee.o [1]
APP_ZIGBEE_TL_INIT       0x800'710f   0x16  Code  Gb  app_zigbee.o [1]
APP_ZIGBEE_TraceError    0x800'6ef7   0x18  Code  Lc  app_zigbee.o [1]
AsynchPrescalerUserConfig
                        0x2000'0b6d    0x1  Data  Lc  hw_timerserver.o [1]
BLE_IoBusAclDataTxAck   0x2000'0b34    0x4  Data  Lc  tl_mbox.o [1]
BLE_IoBusEvtCallBackFunction
                        0x2000'0b30    0x4  Data  Lc  tl_mbox.o [1]
BusFault_Handler         0x801'03ef    0x2  Code  Gb  stm32wbxx_it.o [1]
C2SEV_PWR_C2H_IRQHandler
                         0x801'042f    0x2  Code  Gb  stm32wbxx_it.o [1]
CSTACK$$Base            0x2000'0b78          --   Gb  - Linker created -
CSTACK$$Limit           0x2000'1b78          --   Gb  - Linker created -
CircularQueue_Add        0x800'e391  0x348  Code  Gb  stm_queue.o [1]
CircularQueue_Remove     0x800'e6d9  0x136  Code  Gb  stm_queue.o [1]
CircularQueue_Sense      0x800'e80f   0xda  Code  Gb  stm_queue.o [1]
Cmd_SetStatus            0x800'a21f   0x38  Code  Lc  shci_tl.o [1]
Config_HSE               0x800'9985   0x16  Code  Lc  app_entry.o [1]
CptReceiveNotifyFromM0  0x2000'0af8    0x4  Data  Lc  app_zigbee.o [1]
CptReceiveRequestFromM0
                        0x2000'0afc    0x4  Data  Lc  app_zigbee.o [1]
CurrentRunningTimerID   0x2000'0b70    0x1  Data  Lc  hw_timerserver.o [1]
CurrentTaskIdx          0x2000'0b28    0x4  Data  Lc  stm32_seq.o [1]
DMA1_Channel1_IRQHandler
                         0x801'041b    0xa  Code  Gb  stm32wbxx_it.o [1]
DMA1_Channel2_IRQHandler
                         0x801'0425    0xa  Code  Gb  stm32wbxx_it.o [1]
DMA_SetConfig            0x800'fc83   0x44  Code  Lc  stm32wbxx_hal_dma.o [1]
DbgOutputTraces          0x800'9b1d   0x18  Code  Gb  app_entry.o [1]
DbgTracePeripheralReady
                        0x2000'014c    0x1  Data  Gb  dbg_trace.o [1]
DbgTraceWrite            0x800'c387   0x72  Code  Gb  dbg_trace.o [1]
DbgTrace_TxCpltCallback
                         0x800'c335   0x3e  Code  Lc  dbg_trace.o [1]
DebugMon_Handler         0x801'03f5    0x2  Code  Gb  stm32wbxx_it.o [1]
EXTI15_10_IRQHandler     0x801'0455    0xc  Code  Gb  stm32wbxx_it.o [1]
Error_Handler            0x800'dea1    0x4  Code  Gb  main.o [1]
EvtPool                 0x2003'0028  0x53c  Data  Lc  app_entry.o [1]
EvtQueue                0x2003'0b48    0x8  Data  Lc  tl_mbox.o [1]
EvtSet                  0x2000'0b20    0x4  Data  Lc  stm32_seq.o [1]
EvtWaited               0x2000'0b24    0x4  Data  Lc  stm32_seq.o [1]
FLASH_IRQHandler         0x801'0411    0x8  Code  Gb  stm32wbxx_it.o [1]
FLASH_PageErase          0x801'0259   0x18  Code  Gb  stm32wbxx_hal_flash_ex.o [1]
FPU_IRQHandler           0x801'047b    0x2  Code  Gb  stm32wbxx_it.o [1]
FreeBufCb               0x2000'0b00    0x4  Data  Lc  hw_ipcc.o [1]
FreeBufQueue            0x2003'0b38    0x8  Data  Lc  tl_mbox.o [1]
HAL_DMA_Abort            0x800'fa87   0x82  Code  Gb  stm32wbxx_hal_dma.o [1]
HAL_DMA_Abort_IT         0x800'fb09   0x88  Code  Gb  stm32wbxx_hal_dma.o [1]
HAL_DMA_IRQHandler       0x800'fb91   0xf2  Code  Gb  stm32wbxx_hal_dma.o [1]
HAL_DMA_Start_IT         0x800'f9c9   0xbe  Code  Gb  stm32wbxx_hal_dma.o [1]
HAL_FLASH_IRQHandler     0x801'0181   0xc0  Code  Gb  stm32wbxx_hal_flash.o [1]
HAL_GPIO_DeInit          0x800'900b  0x166  Code  Gb  stm32wbxx_hal_gpio.o [1]
HAL_GPIO_EXTI_Callback   0x800'9b35   0x8c  Code  Gb  app_entry.o [1]
HAL_GPIO_EXTI_IRQHandler
                         0x800'9189   0x20  Code  Gb  stm32wbxx_hal_gpio.o [1]
HAL_GPIO_Init            0x800'8e5d  0x1ae  Code  Gb  stm32wbxx_hal_gpio.o [1]
HAL_GPIO_WritePin        0x800'9171   0x18  Code  Gb  stm32wbxx_hal_gpio.o [1]
HAL_GetTick              0x800'8d19    0xc  Code  Wk  stm32wbxx_hal.o [1]
HAL_GetTickPrio          0x800'f163    0x6  Code  Gb  stm32wbxx_hal.o [1]
HAL_HSEM_IRQHandler      0x801'0495   0x1a  Code  Gb  stm32wbxx_hal_hsem.o [1]
HAL_IPCC_Init            0x800'f6d5   0x44  Code  Gb  stm32wbxx_hal_ipcc.o [1]
HAL_IPCC_MspInit         0x800'efc3   0x36  Code  Gb  stm32wbxx_hal_msp.o [1]
HAL_IncTick              0x801'047d   0x18  Code  Wk  stm32wbxx_hal.o [1]
HAL_Init                 0x800'f135   0x2e  Code  Gb  stm32wbxx_hal.o [1]
HAL_InitTick             0x800'f0d9   0x5c  Code  Wk  stm32wbxx_hal.o [1]
HAL_MspInit              0x800'ef47   0x7c  Code  Gb  stm32wbxx_hal_msp.o [1]
HAL_NVIC_ClearPendingIRQ
                         0x800'b9c7    0xe  Code  Gb  stm32wbxx_hal_cortex.o [1]
HAL_NVIC_DisableIRQ      0x800'b99f    0xe  Code  Gb  stm32wbxx_hal_cortex.o [1]
HAL_NVIC_EnableIRQ       0x800'b991    0xe  Code  Gb  stm32wbxx_hal_cortex.o [1]
HAL_NVIC_SetPendingIRQ   0x800'b9b9    0xe  Code  Gb  stm32wbxx_hal_cortex.o [1]
HAL_NVIC_SetPriority     0x800'b96d   0x24  Code  Gb  stm32wbxx_hal_cortex.o [1]
HAL_NVIC_SetPriorityGrouping
                         0x800'b961    0xc  Code  Gb  stm32wbxx_hal_cortex.o [1]
HAL_PWREx_GetVoltageRange
                         0x800'f195    0xc  Code  Gb  stm32wbxx_hal_pwr_ex.o [1]
HAL_PWREx_PVD_PVM_IRQHandler
                         0x800'f1ad   0x48  Code  Gb  stm32wbxx_hal_pwr_ex.o [1]
HAL_PWR_EnableBkUpAccess
                         0x800'c2a9    0xc  Code  Gb  stm32wbxx_hal_pwr.o [1]
HAL_PWR_PVDCallback      0x800'c2b9    0x2  Code  Wk  stm32wbxx_hal_pwr.o [1]
HAL_RCCEx_PeriphCLKConfig
                         0x800'f341  0x1f8  Code  Gb  stm32wbxx_hal_rcc_ex.o [1]
HAL_RCC_ClockConfig      0x800'd829  0x1c6  Code  Gb  stm32wbxx_hal_rcc.o [1]
HAL_RCC_DeInit           0x800'd21b   0xf2  Code  Gb  stm32wbxx_hal_rcc.o [1]
HAL_RCC_GetHCLKFreq      0x800'daa1   0x1c  Code  Gb  stm32wbxx_hal_rcc.o [1]
HAL_RCC_GetSysClockFreq
                         0x800'd9fd   0xa4  Code  Gb  stm32wbxx_hal_rcc.o [1]
HAL_RCC_OscConfig        0x800'd30d  0x51c  Code  Gb  stm32wbxx_hal_rcc.o [1]
HAL_RTCEx_SetWakeUpTimer_IT
                         0x800'f8a5  0x116  Code  Gb  stm32wbxx_hal_rtc_ex.o [1]
HAL_RTC_Init             0x800'f751   0xe2  Code  Gb  stm32wbxx_hal_rtc.o [1]
HAL_RTC_MspInit          0x800'eff9   0x54  Code  Gb  stm32wbxx_hal_msp.o [1]
HAL_RTC_WaitForSynchro   0x800'f839   0x34  Code  Gb  stm32wbxx_hal_rtc.o [1]
HAL_SPI_DeInit           0x800'c5c9   0x38  Code  Gb  stm32wbxx_hal_spi.o [1]
HAL_SPI_Init             0x800'c4d1   0xf8  Code  Gb  stm32wbxx_hal_spi.o [1]
HAL_SPI_MspDeInit        0x800'f095   0x1e  Code  Gb  stm32wbxx_hal_msp.o [1]
HAL_SPI_MspInit          0x800'f04d   0x48  Code  Gb  stm32wbxx_hal_msp.o [1]
HAL_SPI_Receive          0x800'c7f5  0x1b0  Code  Gb  stm32wbxx_hal_spi.o [1]
HAL_SPI_Transmit         0x800'c601  0x1f4  Code  Gb  stm32wbxx_hal_spi.o [1]
HAL_SPI_TransmitReceive
                         0x800'c9a5  0x2ce  Code  Gb  stm32wbxx_hal_spi.o [1]
HAL_SYSTICK_Config       0x800'b9ad    0xc  Code  Gb  stm32wbxx_hal_cortex.o [1]
HAL_UARTEx_RxFifoFullCallback
                         0x800'fcd1    0x2  Code  Wk  stm32wbxx_hal_uart_ex.o [1]
HAL_UARTEx_TxFifoEmptyCallback
                         0x800'fccf    0x2  Code  Wk  stm32wbxx_hal_uart_ex.o [1]
HAL_UARTEx_WakeupCallback
                         0x800'fccd    0x2  Code  Wk  stm32wbxx_hal_uart_ex.o [1]
HAL_UART_IRQHandler      0x800'e9b1  0x366  Code  Gb  stm32wbxx_hal_uart.o [1]
HAL_UART_Transmit_DMA    0x800'e8e9   0xc8  Code  Gb  stm32wbxx_hal_uart.o [1]
HAL_UART_TxCpltCallback
                         0x800'c489   0x30  Code  Gb  hw_uart.o [1]
HEAP$$Base              0x2000'1b78          --   Gb  - Linker created -
HEAP$$Limit             0x2001'ab78          --   Gb  - Linker created -
HSEM_IRQHandler          0x801'0473    0x8  Code  Gb  stm32wbxx_it.o [1]
HW_IPCC_BLE_AclDataAckNot
                         0x800'7cf7    0xa  Code  Gb  tl_mbox.o [1]
HW_IPCC_BLE_AclDataEvtHandler
                         0x800'9615   0x10  Code  Lc  hw_ipcc.o [1]
HW_IPCC_BLE_EvtHandler   0x800'9605   0x10  Code  Lc  hw_ipcc.o [1]
HW_IPCC_BLE_RxEvtNot     0x800'7cb3   0x44  Code  Gb  tl_mbox.o [1]
HW_IPCC_Enable           0x800'95bb   0x24  Code  Gb  hw_ipcc.o [1]
HW_IPCC_Init             0x800'95df   0x26  Code  Gb  hw_ipcc.o [1]
HW_IPCC_MM_FreeBufHandler
                         0x800'971b   0x1c  Code  Lc  hw_ipcc.o [1]
HW_IPCC_MM_SendFreeBuf   0x800'96ef   0x2c  Code  Gb  hw_ipcc.o [1]
HW_IPCC_Rx_Handler       0x800'94b9   0x90  Code  Gb  hw_ipcc.o [1]
HW_IPCC_SYS_CmdEvtHandler
                         0x800'9647   0x10  Code  Lc  hw_ipcc.o [1]
HW_IPCC_SYS_CmdEvtNot    0x800'7d4f   0x1a  Code  Gb  tl_mbox.o [1]
HW_IPCC_SYS_EvtHandler   0x800'9657   0x10  Code  Lc  hw_ipcc.o [1]
HW_IPCC_SYS_EvtNot       0x800'7d69   0x2a  Code  Gb  tl_mbox.o [1]
HW_IPCC_SYS_Init         0x800'9625    0xc  Code  Gb  hw_ipcc.o [1]
HW_IPCC_SYS_SendCmd      0x800'9631   0x16  Code  Gb  hw_ipcc.o [1]
HW_IPCC_TRACES_EvtHandler
                         0x800'9743   0x10  Code  Lc  hw_ipcc.o [1]
HW_IPCC_TRACES_EvtNot    0x800'7ead   0x20  Code  Gb  tl_mbox.o [1]
HW_IPCC_TRACES_Init      0x800'9737    0xc  Code  Gb  hw_ipcc.o [1]
HW_IPCC_Tx_Handler       0x800'9549   0x72  Code  Gb  hw_ipcc.o [1]
HW_IPCC_ZIGBEE_CmdEvtHandler
                         0x800'96a9   0x10  Code  Lc  hw_ipcc.o [1]
HW_IPCC_ZIGBEE_Init      0x800'9667   0x16  Code  Gb  hw_ipcc.o [1]
HW_IPCC_ZIGBEE_RecvAppliAckFromM0
                         0x800'7dbf    0xe  Code  Gb  tl_mbox.o [1]
HW_IPCC_ZIGBEE_RecvM0NotifyToM4
                         0x800'7dcd    0xe  Code  Gb  tl_mbox.o [1]
HW_IPCC_ZIGBEE_RecvM0RequestToM4
                         0x800'7ded    0xe  Code  Gb  tl_mbox.o [1]
HW_IPCC_ZIGBEE_SendM4AckToM0Notify
                         0x800'9693   0x16  Code  Gb  hw_ipcc.o [1]
HW_IPCC_ZIGBEE_SendM4AckToM0Request
                         0x800'96d9   0x16  Code  Gb  hw_ipcc.o [1]
HW_IPCC_ZIGBEE_SendM4RequestToM0
                         0x800'967d   0x16  Code  Gb  hw_ipcc.o [1]
HW_IPCC_ZIGBEE_StackM0RequestHandler
                         0x800'96c9   0x10  Code  Lc  hw_ipcc.o [1]
HW_IPCC_ZIGBEE_StackNotifEvtHandler
                         0x800'96b9   0x10  Code  Lc  hw_ipcc.o [1]
HW_TS_Init               0x800'bf85  0x14a  Code  Gb  hw_timerserver.o [1]
HW_TS_RTC_Wakeup_Handler
                         0x800'be5f  0x126  Code  Gb  hw_timerserver.o [1]
HW_TS_Start              0x800'c191   0xc6  Code  Gb  hw_timerserver.o [1]
HW_TS_Stop               0x800'c0cf   0xc2  Code  Gb  hw_timerserver.o [1]
HW_UART_Transmit_DMA     0x800'c405   0x84  Code  Gb  hw_uart.o [1]
HW_hlpuart1TxCb         0x2000'0b0c    0x4  Data  Gb  hw_uart.o [1]
HW_huart1TxCb           0x2000'0b08    0x4  Data  Gb  hw_uart.o [1]
HardFault_Handler        0x801'03eb    0x2  Code  Gb  stm32wbxx_it.o [1]
IPCC_C1_RX_IRQHandler    0x801'0463    0x8  Code  Gb  stm32wbxx_it.o [1]
IPCC_C1_TX_IRQHandler    0x801'046b    0x8  Code  Gb  stm32wbxx_it.o [1]
IPCC_Reset_Register      0x800'f741   0x10  Code  Gb  stm32wbxx_hal_ipcc.o [1]
IPCC_SetDefaultCallbacks
                         0x800'f719   0x1c  Code  Gb  stm32wbxx_hal_ipcc.o [1]
Init_Exti                0x800'990b    0xa  Code  Gb  app_entry.o [1]
Init_Rtc                 0x800'99ab   0x1c  Code  Lc  app_entry.o [1]
Init_Smps                0x800'9909    0x2  Code  Gb  app_entry.o [1]
LL_AHB1_GRP1_EnableClock
                         0x800'dc0f   0x16  Code  Lc  main.o [1]
LL_AHB2_GRP1_EnableClock
                         0x800'dc25   0x16  Code  Lc  main.o [1]
LL_AHB2_GRP1_EnableClock
                         0x800'eedb   0x18  Code  Lc  stm32wbxx_hal_msp.o [1]
LL_AHB3_GRP1_EnableClock
                         0x800'9879   0x18  Code  Lc  app_entry.o [1]
LL_AHB3_GRP1_EnableClock
                         0x800'9427   0x18  Code  Lc  hw_ipcc.o [1]
LL_AHB3_GRP1_EnableClock
                         0x800'eef3   0x18  Code  Lc  stm32wbxx_hal_msp.o [1]
LL_APB1_GRP1_EnableClock
                         0x800'ef0b   0x18  Code  Lc  stm32wbxx_hal_msp.o [1]
LL_APB2_GRP1_DisableClock
                         0x800'ef3b    0xc  Code  Lc  stm32wbxx_hal_msp.o [1]
LL_APB2_GRP1_EnableClock
                         0x800'ef23   0x18  Code  Lc  stm32wbxx_hal_msp.o [1]
LL_C1_IPCC_ClearFlag_CHx
                         0x800'98b5    0x4  Code  Lc  app_entry.o [1]
LL_C1_IPCC_ClearFlag_CHx
                         0x800'948f    0x4  Code  Lc  hw_ipcc.o [1]
LL_C1_IPCC_DisableReceiveChannel
                         0x800'989b    0x8  Code  Lc  app_entry.o [1]
LL_C1_IPCC_DisableReceiveChannel
                         0x800'9487    0x8  Code  Lc  hw_ipcc.o [1]
LL_C1_IPCC_DisableTransmitChannel
                         0x800'9891    0xa  Code  Lc  app_entry.o [1]
LL_C1_IPCC_DisableTransmitChannel
                         0x800'9475    0xa  Code  Lc  hw_ipcc.o [1]
LL_C1_IPCC_EnableIT_RXO
                         0x800'9461    0xa  Code  Lc  hw_ipcc.o [1]
LL_C1_IPCC_EnableIT_TXF
                         0x800'9457    0xa  Code  Lc  hw_ipcc.o [1]
LL_C1_IPCC_EnableReceiveChannel
                         0x800'947f    0x8  Code  Lc  hw_ipcc.o [1]
LL_C1_IPCC_EnableTransmitChannel
                         0x800'946b    0xa  Code  Lc  hw_ipcc.o [1]
LL_C1_IPCC_IsActiveFlag_CHx
                         0x800'9499   0x10  Code  Lc  hw_ipcc.o [1]
LL_C1_IPCC_SetFlag_CHx   0x800'9493    0x6  Code  Lc  hw_ipcc.o [1]
LL_C2_AHB3_GRP1_EnableClock
                         0x800'943f   0x18  Code  Lc  hw_ipcc.o [1]
LL_C2_EXTI_EnableEvent_32_63
                         0x800'940f    0xc  Code  Lc  hw_ipcc.o [1]
LL_C2_IPCC_ClearFlag_CHx
                         0x800'98b9    0x4  Code  Lc  app_entry.o [1]
LL_C2_IPCC_DisableReceiveChannel
                         0x800'98ad    0x8  Code  Lc  app_entry.o [1]
LL_C2_IPCC_DisableTransmitChannel
                         0x800'98a3    0xa  Code  Lc  app_entry.o [1]
LL_C2_IPCC_IsActiveFlag_CHx
                         0x800'94a9   0x10  Code  Lc  hw_ipcc.o [1]
LL_C2_PWR_SetPowerMode   0x800'97fd   0x10  Code  Lc  app_entry.o [1]
LL_C2_RCC_SetAHBPrescaler
                         0x800'd111   0x10  Code  Lc  stm32wbxx_hal_rcc.o [1]
LL_EXTI_ClearFlag_0_31   0x800'f185    0x8  Code  Lc  stm32wbxx_hal_pwr_ex.o [1]
LL_EXTI_ClearFlag_32_63
                         0x800'f18d    0x8  Code  Lc  stm32wbxx_hal_pwr_ex.o [1]
LL_EXTI_EnableIT_0_31    0x800'ba01    0xc  Code  Lc  hw_timerserver.o [1]
LL_EXTI_EnableIT_32_63   0x800'980d    0xc  Code  Lc  app_entry.o [1]
LL_EXTI_EnableRisingTrig_0_31
                         0x800'ba0d    0xc  Code  Lc  hw_timerserver.o [1]
LL_EXTI_EnableRisingTrig_32_63
                         0x800'941b    0xc  Code  Lc  hw_ipcc.o [1]
LL_EXTI_ReadFlag_0_31    0x800'f171    0xa  Code  Lc  stm32wbxx_hal_pwr_ex.o [1]
LL_EXTI_ReadFlag_32_63   0x800'f17b    0xa  Code  Lc  stm32wbxx_hal_pwr_ex.o [1]
LL_PWR_EnableBootC2      0x800'9401    0xe  Code  Lc  hw_ipcc.o [1]
LL_RCC_EnableRTC         0x800'eecd    0xe  Code  Lc  stm32wbxx_hal_msp.o [1]
LL_RCC_ForceBackupDomainReset
                         0x800'9841    0xe  Code  Lc  app_entry.o [1]
LL_RCC_ForceBackupDomainReset
                         0x800'f2fb    0xe  Code  Lc  stm32wbxx_hal_rcc_ex.o [1]
LL_RCC_GetAHB4Prescaler
                         0x800'd15f    0xe  Code  Lc  stm32wbxx_hal_rcc.o [1]
LL_RCC_GetAHBPrescaler   0x800'd153    0xc  Code  Lc  stm32wbxx_hal_rcc.o [1]
LL_RCC_GetRTCClockSource
                         0x800'f2ef    0xc  Code  Lc  stm32wbxx_hal_rcc_ex.o [1]
LL_RCC_GetSysClkSource   0x800'd0f5    0xc  Code  Lc  stm32wbxx_hal_rcc.o [1]
LL_RCC_HSE_Disable       0x800'cf49    0xe  Code  Lc  stm32wbxx_hal_rcc.o [1]
LL_RCC_HSE_Enable        0x800'cf3b    0xe  Code  Lc  stm32wbxx_hal_rcc.o [1]
LL_RCC_HSE_IsEnabledDiv2
                         0x800'cf2d    0xe  Code  Lc  stm32wbxx_hal_rcc.o [1]
LL_RCC_HSE_IsReady       0x800'cf57    0xe  Code  Lc  stm32wbxx_hal_rcc.o [1]
LL_RCC_HSE_SetCapacitorTuning
                         0x800'9819   0x18  Code  Lc  app_entry.o [1]
LL_RCC_HSI48_Disable     0x800'cfaf    0xe  Code  Lc  stm32wbxx_hal_rcc.o [1]
LL_RCC_HSI48_Enable      0x800'cfa1    0xe  Code  Lc  stm32wbxx_hal_rcc.o [1]
LL_RCC_HSI48_IsReady     0x800'cfbd    0xe  Code  Lc  stm32wbxx_hal_rcc.o [1]
LL_RCC_HSI_Disable       0x800'cf73    0xe  Code  Lc  stm32wbxx_hal_rcc.o [1]
LL_RCC_HSI_Enable        0x800'cf65    0xe  Code  Lc  stm32wbxx_hal_rcc.o [1]
LL_RCC_HSI_IsReady       0x800'cf81    0xe  Code  Lc  stm32wbxx_hal_rcc.o [1]
LL_RCC_HSI_SetCalibTrimming
                         0x800'cf8f   0x12  Code  Lc  stm32wbxx_hal_rcc.o [1]
LL_RCC_IsActiveFlag_C2HPRE
                         0x800'd1e3    0xe  Code  Lc  stm32wbxx_hal_rcc.o [1]
LL_RCC_IsActiveFlag_HPRE
                         0x800'd1d5    0xe  Code  Lc  stm32wbxx_hal_rcc.o [1]
LL_RCC_IsActiveFlag_PINRST
                         0x800'985d    0xe  Code  Lc  app_entry.o [1]
LL_RCC_IsActiveFlag_PPRE1
                         0x800'd1ff    0xe  Code  Lc  stm32wbxx_hal_rcc.o [1]
LL_RCC_IsActiveFlag_PPRE2
                         0x800'd20d    0xe  Code  Lc  stm32wbxx_hal_rcc.o [1]
LL_RCC_IsActiveFlag_SFTRST
                         0x800'986b    0xe  Code  Lc  app_entry.o [1]
LL_RCC_IsActiveFlag_SHDHPRE
                         0x800'd1f1    0xe  Code  Lc  stm32wbxx_hal_rcc.o [1]
LL_RCC_LSE_Disable       0x800'cfd9    0xe  Code  Lc  stm32wbxx_hal_rcc.o [1]
LL_RCC_LSE_DisableBypass
                         0x800'cff5    0xe  Code  Lc  stm32wbxx_hal_rcc.o [1]
LL_RCC_LSE_Enable        0x800'cfcb    0xe  Code  Lc  stm32wbxx_hal_rcc.o [1]
LL_RCC_LSE_EnableBypass
                         0x800'cfe7    0xe  Code  Lc  stm32wbxx_hal_rcc.o [1]
LL_RCC_LSE_IsEnabled     0x800'f1f9    0xc  Code  Lc  stm32wbxx_hal_rcc_ex.o [1]
LL_RCC_LSE_IsReady       0x800'd003    0xe  Code  Lc  stm32wbxx_hal_rcc.o [1]
LL_RCC_LSE_IsReady       0x800'f205    0xe  Code  Lc  stm32wbxx_hal_rcc_ex.o [1]
LL_RCC_LSE_SetDriveCapability
                         0x800'dc01    0xe  Code  Lc  main.o [1]
LL_RCC_LSI1_Disable      0x800'd01f    0xe  Code  Lc  stm32wbxx_hal_rcc.o [1]
LL_RCC_LSI1_Enable       0x800'd011    0xe  Code  Lc  stm32wbxx_hal_rcc.o [1]
LL_RCC_LSI1_IsReady      0x800'd02d    0xe  Code  Lc  stm32wbxx_hal_rcc.o [1]
LL_RCC_LSI2_Disable      0x800'd049    0xe  Code  Lc  stm32wbxx_hal_rcc.o [1]
LL_RCC_LSI2_Enable       0x800'd03b    0xe  Code  Lc  stm32wbxx_hal_rcc.o [1]
LL_RCC_LSI2_IsReady      0x800'd057    0xe  Code  Lc  stm32wbxx_hal_rcc.o [1]
LL_RCC_LSI2_SetTrimming
                         0x800'd065   0x12  Code  Lc  stm32wbxx_hal_rcc.o [1]
LL_RCC_MSI_Disable       0x800'd085    0xe  Code  Lc  stm32wbxx_hal_rcc.o [1]
LL_RCC_MSI_DisablePLLMode
                         0x800'd0a1    0xe  Code  Lc  stm32wbxx_hal_rcc.o [1]
LL_RCC_MSI_Enable        0x800'd077    0xe  Code  Lc  stm32wbxx_hal_rcc.o [1]
LL_RCC_MSI_GetRange      0x800'd0bf   0x14  Code  Lc  stm32wbxx_hal_rcc.o [1]
LL_RCC_MSI_IsReady       0x800'd093    0xe  Code  Lc  stm32wbxx_hal_rcc.o [1]
LL_RCC_MSI_SetCalibTrimming
                         0x800'd0d3   0x12  Code  Lc  stm32wbxx_hal_rcc.o [1]
LL_RCC_MSI_SetRange      0x800'd0af   0x10  Code  Lc  stm32wbxx_hal_rcc.o [1]
LL_RCC_PLLSAI1_Disable   0x800'f325    0xe  Code  Lc  stm32wbxx_hal_rcc_ex.o [1]
LL_RCC_PLLSAI1_Enable    0x800'f317    0xe  Code  Lc  stm32wbxx_hal_rcc_ex.o [1]
LL_RCC_PLLSAI1_IsReady   0x800'd1bb    0xe  Code  Lc  stm32wbxx_hal_rcc.o [1]
LL_RCC_PLLSAI1_IsReady   0x800'f333    0xe  Code  Lc  stm32wbxx_hal_rcc_ex.o [1]
LL_RCC_PLL_Disable       0x800'd17b    0xe  Code  Lc  stm32wbxx_hal_rcc.o [1]
LL_RCC_PLL_Enable        0x800'd16d    0xe  Code  Lc  stm32wbxx_hal_rcc.o [1]
LL_RCC_PLL_GetDivider    0x800'd1af    0xc  Code  Lc  stm32wbxx_hal_rcc.o [1]
LL_RCC_PLL_GetMainSource
                         0x800'd1c9    0xc  Code  Lc  stm32wbxx_hal_rcc.o [1]
LL_RCC_PLL_GetN          0x800'd197    0xc  Code  Lc  stm32wbxx_hal_rcc.o [1]
LL_RCC_PLL_GetR          0x800'd1a3    0xc  Code  Lc  stm32wbxx_hal_rcc.o [1]
LL_RCC_PLL_IsReady       0x800'd189    0xe  Code  Lc  stm32wbxx_hal_rcc.o [1]
LL_RCC_ReleaseBackupDomainReset
                         0x800'984f    0xe  Code  Lc  app_entry.o [1]
LL_RCC_ReleaseBackupDomainReset
                         0x800'f309    0xe  Code  Lc  stm32wbxx_hal_rcc_ex.o [1]
LL_RCC_SetADCClockSource
                         0x800'f2cf   0x10  Code  Lc  stm32wbxx_hal_rcc_ex.o [1]
LL_RCC_SetAHB4Prescaler
                         0x800'd121   0x12  Code  Lc  stm32wbxx_hal_rcc.o [1]
LL_RCC_SetAHBPrescaler   0x800'd101   0x10  Code  Lc  stm32wbxx_hal_rcc.o [1]
LL_RCC_SetAPB1Prescaler
                         0x800'd133   0x10  Code  Lc  stm32wbxx_hal_rcc.o [1]
LL_RCC_SetAPB2Prescaler
                         0x800'd143   0x10  Code  Lc  stm32wbxx_hal_rcc.o [1]
LL_RCC_SetCLK48ClockSource
                         0x800'f2b3   0x10  Code  Lc  stm32wbxx_hal_rcc_ex.o [1]
LL_RCC_SetClkAfterWakeFromStop
                         0x800'9831   0x10  Code  Lc  app_entry.o [1]
LL_RCC_SetI2CClockSource
                         0x800'f263   0x1c  Code  Lc  stm32wbxx_hal_rcc_ex.o [1]
LL_RCC_SetLPTIMClockSource
                         0x800'f27f   0x14  Code  Lc  stm32wbxx_hal_rcc_ex.o [1]
LL_RCC_SetLPUARTClockSource
                         0x800'f253   0x10  Code  Lc  stm32wbxx_hal_rcc_ex.o [1]
LL_RCC_SetRFWKPClockSource
                         0x800'f213   0x10  Code  Lc  stm32wbxx_hal_rcc_ex.o [1]
LL_RCC_SetRNGClockSource
                         0x800'f2a3   0x10  Code  Lc  stm32wbxx_hal_rcc_ex.o [1]
LL_RCC_SetRTCClockSource
                         0x800'f2df   0x10  Code  Lc  stm32wbxx_hal_rcc_ex.o [1]
LL_RCC_SetSAIClockSource
                         0x800'f293   0x10  Code  Lc  stm32wbxx_hal_rcc_ex.o [1]
LL_RCC_SetSMPSClockSource
                         0x800'f223   0x10  Code  Lc  stm32wbxx_hal_rcc_ex.o [1]
LL_RCC_SetSMPSPrescaler
                         0x800'f233   0x10  Code  Lc  stm32wbxx_hal_rcc_ex.o [1]
LL_RCC_SetSysClkSource   0x800'd0e5   0x10  Code  Lc  stm32wbxx_hal_rcc.o [1]
LL_RCC_SetUSARTClockSource
                         0x800'f243   0x10  Code  Lc  stm32wbxx_hal_rcc_ex.o [1]
LL_RCC_SetUSBClockSource
                         0x800'f2c3    0xc  Code  Lc  stm32wbxx_hal_rcc_ex.o [1]
LL_RTC_DisableWriteProtection
                         0x800'98c3    0xa  Code  Lc  app_entry.o [1]
LL_RTC_EnableWriteProtection
                         0x800'98bd    0x6  Code  Lc  app_entry.o [1]
LL_RTC_WAKEUP_SetClock   0x800'98cd    0xc  Code  Lc  app_entry.o [1]
LPUART1_IRQHandler       0x801'043b    0xa  Code  Gb  stm32wbxx_it.o [1]
LST_init_head            0x800'9775    0x6  Code  Gb  stm_list.o [1]
LST_insert_head          0x800'9797   0x18  Code  Gb  stm_list.o [1]
LST_insert_tail          0x800'97af   0x18  Code  Gb  stm_list.o [1]
LST_is_empty             0x800'977b   0x1c  Code  Gb  stm_list.o [1]
LST_remove_head          0x800'97df   0x1c  Code  Gb  stm_list.o [1]
LST_remove_node          0x800'97c7   0x18  Code  Gb  stm_list.o [1]
LinkTimerAfter           0x800'ba35   0x48  Code  Lc  hw_timerserver.o [1]
LinkTimerBefore          0x800'ba7d   0x6e  Code  Lc  hw_timerserver.o [1]
LocalFreeBufQueue       0x2000'0adc    0x8  Data  Lc  tl_mbox.o [1]
MSIRangeTable            0x801'07f8   0x40  Data  Gb  system_stm32wbxx.o [1]
MX_APPE_Config           0x800'98d9   0x16  Code  Gb  app_entry.o [1]
MX_APPE_Init             0x800'98ef   0x1a  Code  Gb  app_entry.o [1]
MX_APPE_Process          0x800'9a9d    0xc  Code  Gb  app_entry.o [1]
MX_DMA_Init              0x800'ddb7   0x30  Code  Lc  main.o [1]
MX_GPIO_Init             0x800'dde7   0x8e  Code  Lc  main.o [1]
MX_IPCC_Init             0x800'dd57   0x16  Code  Lc  main.o [1]
MX_RF_Init               0x800'dd6d    0x2  Code  Lc  main.o [1]
MX_RTC_Init              0x800'dd6f   0x48  Code  Lc  main.o [1]
MX_SPI1_DeInit           0x800'9f81   0x12  Code  Lc  app_entry.o [1]
MX_SPI1_Init             0x800'9f37   0x4a  Code  Lc  app_entry.o [1]
MaxWakeupTimerSetup     0x2000'0b6a    0x2  Data  Lc  hw_timerserver.o [1]
MemManage_Handler        0x801'03ed    0x2  Code  Gb  stm32wbxx_it.o [1]
MsgDbgTraceQueue        0x2000'0a2c   0x20  Data  Lc  dbg_trace.o [1]
NMI_Handler              0x801'03e9    0x2  Code  Gb  stm32wbxx_it.o [1]
NVIC_EncodePriority      0x800'b8f1   0x40  Code  Lc  stm32wbxx_hal_cortex.o [1]
OTP_Read                 0x800'c2bd   0x30  Code  Gb  otp.o [1]
OffModeDisable          0x2000'0b18    0x4  Data  Lc  stm32_lpm.o [1]
OutputDbgTrace           0x800'7f21   0x72  Code  Lc  tl_mbox.o [1]
PVD_PVM_IRQHandler       0x801'0401    0x8  Code  Gb  stm32wbxx_it.o [1]
PWR_SOTF_BLEACT_802ACT_RFPHASE_IRQHandler
                         0x801'0461    0x2  Code  Gb  stm32wbxx_it.o [1]
PendSV_Handler           0x801'03f7    0x2  Code  Gb  stm32wbxx_it.o [1]
PeriphCommonClock_Config
                         0x800'dd21   0x36  Code  Gb  main.o [1]
Pre_ZigbeeCmdProcessing
                         0x800'70c3    0xa  Code  Gb  app_zigbee.o [1]
PreviousRunningTimerID  0x2000'0b71    0x1  Data  Lc  hw_timerserver.o [1]
RCCEx_PLLSAI1_ConfigNP   0x800'f54d   0x82  Code  Lc  stm32wbxx_hal_rcc_ex.o [1]
RCCEx_PLLSAI1_ConfigNQ   0x800'f5cf   0x82  Code  Lc  stm32wbxx_hal_rcc_ex.o [1]
RCCEx_PLLSAI1_ConfigNR   0x800'f651   0x80  Code  Lc  stm32wbxx_hal_rcc_ex.o [1]
RCC_IRQHandler           0x801'0419    0x2  Code  Gb  stm32wbxx_it.o [1]
RCC_SetFlashLatency      0x800'db11   0xa8  Code  Lc  stm32wbxx_hal_rcc.o [1]
RCC_SetFlashLatencyFromMSIRange
                         0x800'dacd   0x3c  Code  Lc  stm32wbxx_hal_rcc.o [1]
RTC_EnterInitMode        0x800'f86d   0x38  Code  Gb  stm32wbxx_hal_rtc.o [1]
RTC_WKUP_IRQHandler      0x801'0409    0x8  Code  Gb  stm32wbxx_it.o [1]
ReadRtcSsrValue          0x800'ba19   0x1c  Code  Lc  hw_timerserver.o [1]
Receive_Ack_From_M0      0x800'70d7    0xa  Code  Lc  app_zigbee.o [1]
Receive_Notification_From_M0
                         0x800'70e1   0x14  Code  Lc  app_zigbee.o [1]
Region$$Table$$Base      0x801'0b64          --   Gb  - Linker created -
Region$$Table$$Limit     0x801'0b8c          --   Gb  - Linker created -
RescheduleTimerList      0x800'bd79   0xe6  Code  Lc  hw_timerserver.o [1]
Reset_BackupDomain       0x800'9921   0x24  Code  Lc  app_entry.o [1]
Reset_Device             0x800'9915    0xc  Code  Lc  app_entry.o [1]
Reset_IPCC               0x800'9945   0x40  Code  Lc  app_entry.o [1]
RestartWakeupCounter     0x800'bce3   0x96  Code  Lc  hw_timerserver.o [1]
ReturnTimeElapsed        0x800'bc9b   0x48  Code  Lc  hw_timerserver.o [1]
SEQ_BitPosition          0x800'8bab   0x3e  Code  Gb  stm32_seq.o [1]
SEQ_clz_table_4bit       0x801'0e4c   0x10  Data  Gb  stm32_seq.o [1]
SHCICmdStatus           0x2000'0b6e    0x1  Data  Lc  shci_tl.o [1]
SHCI_C2_ZIGBEE_Init      0x800'8c0d   0x18  Code  Gb  shci.o [1]
SHCI_GetWirelessFwInfo   0x800'8c25   0xe6  Code  Gb  shci.o [1]
SHCI_TL_UserEventFlow   0x2000'0b6f    0x1  Data  Gb  shci_tl.o [1]
SHciAsynchEventQueue    0x2000'0ae4    0x8  Data  Lc  shci_tl.o [1]
SPI_EndRxTransaction     0x800'ce3d   0x86  Code  Lc  stm32wbxx_hal_spi.o [1]
SPI_EndRxTxTransaction   0x800'cec3   0x6a  Code  Lc  stm32wbxx_hal_spi.o [1]
SPI_WaitFifoStateUntilTimeout
                         0x800'cd4b   0xee  Code  Lc  stm32wbxx_hal_spi.o [1]
SPI_WaitFlagStateUntilTimeout
                         0x800'cc73   0xd8  Code  Lc  stm32wbxx_hal_spi.o [1]
SSRValueOnLastSetup     0x2000'0b64    0x4  Data  Lc  hw_timerserver.o [1]
SVC_Handler              0x801'03f3    0x2  Code  Gb  stm32wbxx_it.o [1]
SYS_CMD_IoBusCallBackFunction
                        0x2000'0b38    0x4  Data  Lc  tl_mbox.o [1]
SYS_EVT_IoBusCallBackFunction
                        0x2000'0b3c    0x4  Data  Lc  tl_mbox.o [1]
SendFreeBuf              0x800'7e71   0x26  Code  Lc  tl_mbox.o [1]
Send_Data                0x800'723d    0xe  Code  Lc  app_zigbee.o [1]
Start_Bootloader         0x800'9bc1   0x50  Code  Lc  app_entry.o [1]
StatusNotCallBackFunction
                        0x2000'0b10    0x4  Data  Lc  shci_tl.o [1]
StopModeDisable         0x2000'0b14    0x4  Data  Lc  stm32_lpm.o [1]
SuperMask               0x2000'000c    0x4  Data  Lc  stm32_seq.o [1]
SynchPrescalerUserConfig
                        0x2000'0b68    0x2  Data  Lc  hw_timerserver.o [1]
SysTick_Config           0x800'b931   0x30  Code  Lc  stm32wbxx_hal_cortex.o [1]
SysTick_Handler          0x801'03f9    0x8  Code  Gb  stm32wbxx_it.o [1]
SystemClock_Config       0x800'dc6b   0xb6  Code  Gb  main.o [1]
SystemCmdBuffer         0x2003'0564  0x10c  Data  Lc  app_entry.o [1]
SystemCoreClock         0x2000'0014    0x4  Data  Gb  system_stm32wbxx.o [1]
SystemEvtQueue          0x2003'0b50    0x8  Data  Lc  tl_mbox.o [1]
SystemInit               0x801'0569   0x54  Code  Gb  system_stm32wbxx.o [1]
SystemPower_Config       0x800'99c7   0x16  Code  Lc  app_entry.o [1]
SystemSpareEvtBuffer    0x2003'0670  0x10c  Data  Lc  app_entry.o [1]
System_Init              0x800'999b   0x10  Code  Lc  app_entry.o [1]
TL_BleLldTable          0x2003'0b28    0x8  Data  Lc  tl_mbox.o [1]
TL_BleTable             0x2003'0adc   0x10  Data  Lc  tl_mbox.o [1]
TL_DeviceInfoTable      0x2003'0aa0   0x20  Data  Lc  tl_mbox.o [1]
TL_Enable                0x800'7c79    0x8  Code  Gb  tl_mbox.o [1]
TL_Init                  0x800'7c81   0x32  Code  Gb  tl_mbox.o [1]
TL_LldTestsTable        0x2003'0b20    0x8  Data  Lc  tl_mbox.o [1]
TL_MM_EvtDone            0x800'7e51   0x1e  Code  Gb  tl_mbox.o [1]
TL_MM_Init               0x800'7e0d   0x44  Code  Gb  tl_mbox.o [1]
TL_MM_Init::p_mem_manager_table
                        0x2000'0b40    0x4  Data  Lc  tl_mbox.o [1]
TL_Mac_802_15_4_Table   0x2003'0b08    0xc  Data  Lc  tl_mbox.o [1]
TL_MemManagerTable      0x2003'0ac0   0x1c  Data  Lc  tl_mbox.o [1]
TL_RefTable             0x2003'0000   0x28  Data  Lc  tl_mbox.o [1]
TL_SYS_Init              0x800'7d01   0x2c  Code  Gb  tl_mbox.o [1]
TL_SYS_SendCmd           0x800'7d2d   0x22  Code  Gb  tl_mbox.o [1]
TL_SysTable             0x2003'0b30    0x8  Data  Lc  tl_mbox.o [1]
TL_TRACES_EvtReceived    0x800'9b03   0x1a  Code  Gb  app_entry.o [1]
TL_TRACES_Init           0x800'7e97   0x16  Code  Gb  tl_mbox.o [1]
TL_ThreadTable          0x2003'0aec   0x10  Data  Lc  tl_mbox.o [1]
TL_TracesTable          0x2003'0b58    0x4  Data  Lc  tl_mbox.o [1]
TL_ZIGBEE_CmdEvtReceived
                         0x800'70ab    0xa  Code  Gb  app_zigbee.o [1]
TL_ZIGBEE_Init           0x800'7d93   0x1a  Code  Gb  tl_mbox.o [1]
TL_ZIGBEE_M0RequestReceived
                         0x800'70f5   0x1a  Code  Gb  app_zigbee.o [1]
TL_ZIGBEE_NotReceived    0x800'70b5    0xe  Code  Gb  app_zigbee.o [1]
TL_ZIGBEE_SendM4AckToM0Notify
                         0x800'7ddb   0x12  Code  Gb  tl_mbox.o [1]
TL_ZIGBEE_SendM4AckToM0Request
                         0x800'7dfb   0x12  Code  Gb  tl_mbox.o [1]
TL_ZIGBEE_SendM4RequestToM0
                         0x800'7dad   0x12  Code  Gb  tl_mbox.o [1]
TL_Zigbee_Table         0x2003'0b14    0xc  Data  Lc  tl_mbox.o [1]
TaskCb                  0x2000'0658   0x80  Data  Lc  stm32_seq.o [1]
TaskMask                0x2000'0008    0x4  Data  Lc  stm32_seq.o [1]
TaskPrio                0x2000'0acc   0x10  Data  Lc  stm32_seq.o [1]
TaskSet                 0x2000'0b1c    0x4  Data  Lc  stm32_seq.o [1]
TlCmdEvtReceived         0x800'a259    0xc  Code  Lc  shci_tl.o [1]
TlInit                   0x800'a1e7   0x38  Code  Lc  shci_tl.o [1]
TlUserEvtReceived        0x800'a265   0x16  Code  Lc  shci_tl.o [1]
TracesEvtQueue          0x2003'0b40    0x8  Data  Lc  tl_mbox.o [1]
Transmit_Data_To_OU      0x800'9c11  0x326  Code  Lc  app_entry.o [1]
UART_DMAAbortOnError     0x800'ee83   0x1a  Code  Lc  stm32wbxx_hal_uart.o [1]
UART_DMAError            0x800'ee31   0x52  Code  Lc  stm32wbxx_hal_uart.o [1]
UART_DMATransmitCplt     0x800'edd1   0x50  Code  Lc  stm32wbxx_hal_uart.o [1]
UART_DMATxHalfCplt       0x800'ee21    0xe  Code  Lc  stm32wbxx_hal_uart.o [1]
UART_EndRxTransfer       0x800'ed6b   0x60  Code  Lc  stm32wbxx_hal_uart.o [1]
UART_EndTransmit_IT      0x800'ee9d   0x2c  Code  Lc  stm32wbxx_hal_uart.o [1]
UART_EndTxTransfer       0x800'ed31   0x3a  Code  Lc  stm32wbxx_hal_uart.o [1]
USART1_IRQHandler        0x801'0431    0xa  Code  Gb  stm32wbxx_it.o [1]
UTIL_LPM_Init            0x800'c2ed    0xe  Code  Gb  stm32_lpm.o [1]
UTIL_LPM_SetOffMode      0x800'c2fb   0x30  Code  Gb  stm32_lpm.o [1]
UTIL_SEQ_EvtIdle         0x800'9aab   0x32  Code  Gb  app_entry.o [1]
UTIL_SEQ_Idle            0x800'9aa9    0x2  Code  Gb  app_entry.o [1]
UTIL_SEQ_RegTask         0x800'8afd   0x20  Code  Gb  stm32_seq.o [1]
UTIL_SEQ_Run             0x800'89ad  0x150  Code  Gb  stm32_seq.o [1]
UTIL_SEQ_SetEvt          0x800'8b41   0x14  Code  Gb  stm32_seq.o [1]
UTIL_SEQ_SetTask         0x800'8b1d   0x24  Code  Gb  stm32_seq.o [1]
UTIL_SEQ_WaitEvt         0x800'8b55   0x56  Code  Gb  stm32_seq.o [1]
UnlinkTimer              0x800'bbdf   0xbc  Code  Lc  hw_timerserver.o [1]
UsageFault_Handler       0x801'03f1    0x2  Code  Gb  stm32wbxx_it.o [1]
Wait_Getting_Ack_From_M0
                         0x800'70cd    0xa  Code  Lc  app_zigbee.o [1]
WakeupTimerDivider      0x2000'0b6c    0x1  Data  Lc  hw_timerserver.o [1]
WakeupTimerLimitation   0x2000'0b72    0x1  Data  Lc  hw_timerserver.o [1]
WpanCrc                  0x800'2257   0x2e  Code  Gb  zigbee_core_wb.o [1]
ZIGBEE_CmdTransfer       0x800'7083   0x28  Code  Gb  app_zigbee.o [1]
ZIGBEE_Get_M0RequestPayloadBuffer
                         0x800'707b    0x8  Code  Gb  app_zigbee.o [1]
ZIGBEE_Get_NotificationPayloadBuffer
                         0x800'7073    0x8  Code  Gb  app_zigbee.o [1]
ZIGBEE_Get_OTCmdPayloadBuffer
                         0x800'7063    0x8  Code  Gb  app_zigbee.o [1]
ZIGBEE_Get_OTCmdRspPayloadBuffer
                         0x800'706b    0x8  Code  Gb  app_zigbee.o [1]
ZbApsAddrBinding        0x2000'0018    0x4  Data  Gb  zigbee_core_wb.o [1]
ZbApsAddrIsBcast         0x800'1cb3   0x2e  Code  Gb  zigbee_core_wb.o [1]
ZbApsAddrIsLocal         0x800'1ce1   0x3e  Code  Gb  zigbee_core_wb.o [1]
ZbApsBindSrcExists       0x800'1d95   0x7a  Code  Gb  zigbee_core_wb.o [1]
ZbApsGetIndex            0x800'1d1f   0x50  Code  Gb  zigbee_core_wb.o [1]
ZbApsdeDataReqCallback   0x800'1c59   0x5a  Code  Gb  zigbee_core_wb.o [1]
ZbApsmeBindReq           0x800'1d6f   0x26  Code  Gb  zigbee_core_wb.o [1]
[...]
ZbZclClusterFree         0x800'a417   0x68  Code  Gb  zcl_cluster_init.o [6]
ZbZclClusterGetClusterId
                         0x800'332d    0x4  Code  Gb  zcl_cluster.o [6]
ZbZclClusterInitApsdeReq
                         0x800'34e9   0x56  Code  Gb  zcl_cluster.o [6]
ZbZclClusterRemoveAlarmResetHandler
                         0x800'2213   0x20  Code  Gb  zigbee_core_wb.o [1]
ZbZclClusterSetMinSecurity
                         0x800'3331   0x82  Code  Gb  zcl_cluster.o [6]
ZbZclClusterUnbind       0x800'21f3   0x20  Code  Gb  zigbee_core_wb.o [1]
ZbZclDeviceLogCheckAllow
                         0x800'2093   0x36  Code  Gb  zigbee_core_wb.o [1]
ZbZclFloatLdexp          0x800'493d  0x122  Code  Lc  zcl_attr_float.o [6]
ZbZclGetNextSeqnum       0x800'20ef   0x22  Code  Gb  zigbee_core_wb.o [1]
ZbZclHandleConfigReport
                         0x800'0fb7  0x4fc  Code  Gb  zcl_attr_report.o [6]
ZbZclHandleGetSceneData
                         0x800'91d5   0xfe  Code  Gb  zcl_cluster_scene.o [6]
ZbZclHandleReadAttr      0x800'73c7  0x1ac  Code  Lc  zcl_command_ind.o [6]
ZbZclHandleReadReport    0x800'14b3  0x244  Code  Gb  zcl_attr_report.o [6]
ZbZclHandleReportAttr    0x800'16fd   0x90  Code  Gb  zcl_attr_report.o [6]
ZbZclHandleSetSceneData
                         0x800'92d3  0x12e  Code  Gb  zcl_cluster_scene.o [6]
ZbZclHandleWriteAttr     0x800'7579  0x2c0  Code  Lc  zcl_command_ind.o [6]
ZbZclParseFloat          0x800'467d  0x2c0  Code  Gb  zcl_attr_float.o [6]
ZbZclParseHeader         0x800'321b   0x84  Code  Gb  zcl_header.o [6]
ZbZclParseInteger        0x800'4b9d  0x25c  Code  Gb  zcl_attr_integer.o [6]
ZbZclPressMeasClientAlloc
                         0x800'8d25   0x2e  Code  Gb  zcl_press_meas_client.o [6]
ZbZclReportCleanup       0x800'0a3d   0x24  Code  Gb  zcl_attr_report.o [6]
ZbZclSendDefaultResponse
                         0x800'2111   0x40  Code  Gb  zigbee_core_wb.o [1]
ZbZclTempMeasClientAlloc
                         0x800'8d53   0x2e  Code  Gb  zcl_temp_meas_client.o [6]
ZbZclTxOptsFromSecurityStatus
                         0x800'34bb   0x2e  Code  Gb  zcl_cluster.o [6]
ZbZclUptime              0x800'2079   0x1a  Code  Gb  zigbee_core_wb.o [1]
ZbZclWaterContentMeasClientAlloc
                         0x800'8d81   0x56  Code  Gb  zcl_water_content_client.o [6]
ZigbeeConfigBuffer      0x2003'0afc    0xc  Data  Lc  app_zigbee.o [1]
ZigbeeNotifRequestBuffer
                        0x2003'0994  0x10c  Data  Lc  app_zigbee.o [1]
ZigbeeNotifRspEvtBuffer
                        0x2003'0888  0x10c  Data  Lc  app_zigbee.o [1]
ZigbeeOtCmdBuffer       0x2003'077c  0x10c  Data  Lc  app_zigbee.o [1]
Zigbee_CallBackProcessing
                         0x800'228d  0xd0c  Code  Gb  zigbee_core_wb.o [1]
Zigbee_M0RequestProcessing
                         0x800'2fa5   0xcc  Code  Gb  zigbee_core_wb.o [1]
_Close_all               0x801'0875   0x3c  Code  Gb  xcloseall.o [2]
_Files                  0x2000'012c   0x20  Data  Gb  xfiles.o [2]
_Fofree                  0x801'034d   0x96  Code  Gb  xfofind.o [2]
_Fspos                   0x800'fed9   0xd8  Code  Gb  xfspos.o [2]
_Fwprep                  0x801'0275   0xb4  Code  Gb  xfwprep.o [2]
_LitobFullNoMb           0x800'b615  0x10a  Code  Lc  xprintffull_nomb.o [2]
_Locale_lconv           0x2000'001c   0x38  Data  Lc  xlocale_c.o [2]
_Nnl                     0x801'005d    0xc  Code  Gb  xfgpos.o [2]
_PrintfFullNoMb          0x800'a859  0xd98  Code  Gb  xprintffull_nomb.o [2]
_Prout                   0x801'0d81   0x16  Code  Gb  xprout.o [2]
_PutcharFullNoMb         0x800'b785   0x20  Code  Lc  xprintffull_nomb.o [2]
_PutcharsFullNoMb        0x800'b7a5   0x2e  Code  Lc  xprintffull_nomb.o [2]
_SNProut                 0x800'3313   0x1a  Code  Gb  xsnprout.o [2]
_SProut                  0x800'4673    0xa  Code  Gb  xsprout.o [2]
__NVIC_ClearPendingIRQ   0x800'b8a7   0x1e  Code  Lc  stm32wbxx_hal_cortex.o [1]
__NVIC_DisableIRQ        0x800'b863   0x26  Code  Lc  stm32wbxx_hal_cortex.o [1]
__NVIC_EnableIRQ         0x800'b845   0x1e  Code  Lc  stm32wbxx_hal_cortex.o [1]
__NVIC_GetPriorityGrouping
                         0x800'b83b    0xa  Code  Lc  stm32wbxx_hal_cortex.o [1]
__NVIC_SetPendingIRQ     0x800'b889   0x1e  Code  Lc  stm32wbxx_hal_cortex.o [1]
__NVIC_SetPriority       0x800'b8c5   0x2c  Code  Lc  stm32wbxx_hal_cortex.o [1]
__NVIC_SetPriorityGrouping
                         0x800'b81d   0x1e  Code  Lc  stm32wbxx_hal_cortex.o [1]
__aeabi_assert           0x800'7309   0x24  Code  Gb  ABIassert.o [5]
__aeabi_cdcmpeq          0x800'53bd         Code  Gb  DblCmpEq.o [3]
__aeabi_cdcmple          0x800'4b6d         Code  Gb  DblCmpLe.o [3]
__aeabi_cdrcmple         0x800'53dd         Code  Gb  DblCmpGe.o [3]
__aeabi_d2iz             0x800'540d         Code  Gb  DblToS32.o [3]
__aeabi_d2lz             0x800'81d9         Code  Gb  DblToS64.o [3]
__aeabi_d2uiz            0x800'5449         Code  Gb  DblToU32.o [3]
__aeabi_d2ulz            0x800'5471         Code  Gb  DblToU64.o [3]
__aeabi_dadd             0x800'84e1         Code  Gb  DblAdd.o [3]
__aeabi_ddiv             0x800'8235         Code  Gb  DblDiv.o [3]
__aeabi_dmul             0x800'8681         Code  Gb  DblMul.o [3]
__aeabi_dsub             0x800'4a89         Code  Gb  DblSub.o [3]
__aeabi_i2d              0x800'e135         Code  Gb  S32ToDbl.o [3]
__aeabi_l2d              0x800'5369         Code  Gb  S64ToDbl.o [3]
__aeabi_ldiv0            0x800'f9c5         Code  Gb  I64DivZer.o [4]
__aeabi_llsl             0x800'865d         Code  Gb  I64Shl.o [4]
__aeabi_memcpy           0x800'3175         Code  Gb  ABImemcpy.o [4]
__aeabi_memcpy4          0x800'3195         Code  Gb  ABImemcpy.o [4]
__aeabi_memcpy8          0x800'3195         Code  Gb  ABImemcpy.o [4]
__aeabi_memset           0x800'30d5         Code  Gb  ABImemset.o [4]
__aeabi_ui2d             0x800'847d         Code  Gb  U32ToDbl.o [3]
__aeabi_ul2d             0x800'8499         Code  Gb  U64ToDbl.o [3]
__aeabi_uldivmod         0x800'e161         Code  Gb  I64DivMod.o [4]
__cexit_closeall         0x801'0bf7         Code  Gb  cexit.o [4]
__close                  0x801'053d   0x18  Code  Gb  close.o [5]
__cmain                  0x801'0bcd         Code  Gb  cmain.o [4]
__cstart_closeall        0x801'0fe8         Data  Gb  cstart_closeall.o [4]
__data_GetMemChunk       0x800'8829   0x2c  Code  Gb  xgetmemchunk.o [2]
__data_GetMemChunk::start
                        0x2000'0b58    0x4  Data  Lc  xgetmemchunk.o [2]
__exit                   0x800'a009   0x14  Code  Gb  exit.o [5]
__iar_Fail_s             0x800'deb9   0x1c  Code  Gb  xfail_s.o [2]
__iar_Memchr             0x800'df31         Code  Gb  memchr.o [4]
__iar_Memset             0x800'30d5         Code  Gb  ABImemset.o [4]
__iar_Memset_word        0x800'30dd         Code  Gb  ABImemset.o [4]
__iar_Stderr            0x2000'00e4   0x48  Data  Gb  xfiles.o [2]
__iar_Stdin             0x2000'0054   0x48  Data  Gb  xfiles.o [2]
__iar_Stdout            0x2000'009c   0x48  Data  Gb  xfiles.o [2]
__iar_Strchr             0x800'8e05         Code  Gb  strchr.o [4]
__iar_dadd               0x800'4a99         Code  Gb  DblSub.o [3]
__iar_data_init3         0x801'0ad1   0x28  Code  Gb  data_init.o [4]
__iar_dlfree             0x800'643b  0x51e  Code  Gb  dlmalloc.o [2]
__iar_dlmalloc           0x800'554d  0xeee  Code  Gb  dlmalloc.o [2]
__iar_dsub               0x800'84f1         Code  Gb  DblAdd.o [3]
__iar_dsubStart          0x800'8503         Code  Gb  DblAdd.o [3]
__iar_frexp              0x800'df95         Code  Gb  frexp.o [3]
__iar_frexpl             0x800'df95         Code  Gb  frexp.o [3]
__iar_init_vfp           0x801'0b41         Code  Gb  fpinit_M.o [3]
__iar_ldexp64            0x800'dff9         Code  Gb  ldexp.o [3]
__iar_lz77_init_single3
                         0x801'05e1   0x78  Code  Gb  lz77_init_single.o [4]
__iar_program_start      0x801'0ed5         Code  Gb  cstartup_M.o [4]
__iar_scalbln64          0x800'dff9         Code  Gb  ldexp.o [3]
__iar_scalbn64           0x800'dff9         Code  Gb  ldexp.o [3]
__iar_sh_Discard         0x801'00b5   0x42  Code  Gb  XShHandles.o [2]
__iar_sh_Move            0x801'00f7   0x46  Code  Gb  XShHandles.o [2]
__iar_sh_Pos             0x801'013d   0x3e  Code  Gb  XShHandles.o [2]
__iar_softfp___iar_frexp64
                         0x800'df89         Code  Gb  frexp.o [3]
__iar_softfp_frexp       0x800'df89         Code  Gb  frexp.o [3]
__iar_softfp_frexpl      0x800'df89         Code  Gb  frexp.o [3]
__iar_zero_init3         0x800'313b   0x3a  Code  Gb  zero_init3.o [4]
__low_level_init         0x801'0beb    0x4  Code  Gb  low_level_init.o [2]
__lseek                  0x801'0069   0x4a  Code  Gb  lseek.o [5]
__vector_table           0x800'0000         Data  Gb  startup_stm32wb55xx_cm4.o [1]
__write                  0x800'c373   0x14  Code  Gb  dbg_trace.o [1]
_call_main               0x801'0bd9         Code  Gb  cmain.o [4]
_exit                    0x801'0bf5         Code  Gb  cexit.o [4]
_gm_                    0x2000'0150  0x1d8  Data  Lc  dlmalloc.o [2]
_main                    0x801'0be7         Code  Gb  cmain.o [4]
aTimerContext           0x2000'05c8   0x90  Data  Lc  hw_timerserver.o [1]
abort                    0x800'8823    0x6  Code  Gb  abort.o [2]
app_nwk_msg_filter_cb    0x800'71a1   0x9a  Code  Lc  app_zigbee.o [1]
appe_Tl_Init             0x800'99dd   0x4e  Code  Lc  app_entry.o [1]
ebuf                    0x2000'092c   0x50  Data  Lc  xfiles.o [2]
exit                     0x801'0bef    0x4  Code  Gb  exit.o [2]
fclose                   0x801'04bf   0x7e  Code  Gb  fclose.o [2]
fflush                   0x801'0025   0x34  Code  Gb  fflush.o [2]
fflushOne                0x800'ffb1   0x74  Code  Lc  fflush.o [2]
fputc                    0x801'0725   0x54  Code  Gb  fputc.o [2]
free                     0x800'6961    0x4  Code  Gb  heaptramp0.o [2]
fseek                    0x801'0329   0x24  Code  Gb  fseek.o [2]
hdma_lpuart1_tx         0x2000'07bc   0x60  Data  Gb  main.o [1]
hdma_usart1_tx          0x2000'081c   0x60  Data  Gb  main.o [1]
hipcc                   0x2000'09cc   0x3c  Data  Gb  main.o [1]
hlpuart1                0x2000'04a8   0x90  Data  Gb  main.o [1]
hrtc                    0x2000'0a08   0x24  Data  Gb  main.o [1]
hspi1                   0x2000'0758   0x64  Data  Gb  main.o [1]
huart1                  0x2000'0538   0x90  Data  Gb  main.o [1]
init_mparams             0x800'54df   0x2c  Code  Lc  dlmalloc.o [2]
init_top                 0x800'550b   0x34  Code  Lc  dlmalloc.o [2]
ldexp                    0x800'dff9         Code  Gb  ldexp.o [3]
ldexpl                   0x800'dff9         Code  Gb  ldexp.o [3]
levelToString            0x800'889d   0x24  Code  Lc  stm_logging.o [1]
linkTimer                0x800'baeb   0xf4  Code  Lc  hw_timerserver.o [1]
localeconv               0x800'e159    0x4  Code  Gb  xlocale_c.o [2]
logApplication           0x800'88e3   0xa6  Code  Gb  stm_logging.o [1]
logLevel                 0x800'88c1   0x22  Code  Lc  stm_logging.o [1]
logRegion                0x800'8855   0x48  Code  Lc  stm_logging.o [1]
main                     0x800'dc3b   0x30  Code  Gb  main.o [1]
memchr                   0x800'df31         Code  Gb  memchr.o [4]
mparams                 0x2000'0aa0   0x18  Data  Lc  dlmalloc.o [2]
obuf                    0x2000'097c   0x50  Data  Lc  xfiles.o [2]
pCmdBuffer              0x2000'0b60    0x4  Data  Lc  shci_tl.o [1]
pFlash                  0x2000'0a88   0x18  Data  Gb  stm32wbxx_hal_flash.o [1]
p_ZIGBEE_notif_M0_to_M4
                        0x2000'0af0    0x4  Data  Lc  app_zigbee.o [1]
p_ZIGBEE_otcmdbuffer    0x2000'0aec    0x4  Data  Lc  app_zigbee.o [1]
p_ZIGBEE_request_M0_to_M4
                        0x2000'0af4    0x4  Data  Lc  app_zigbee.o [1]
phrtc                   0x2000'0b04    0x4  Data  Lc  hw_timerserver.o [1]
pletoh16                 0x800'353f    0xe  Code  Gb  pletoh.o [6]
pletoh32                 0x800'354d   0x1c  Code  Gb  pletoh.o [6]
pletoh64                 0x800'3569   0x1c  Code  Gb  pletoh.o [6]
printf                   0x800'a0b5   0x28  Code  Gb  printf.o [2]
putchar                  0x801'0d99    0xc  Code  Gb  putchar.o [2]
putle16                  0x800'3585    0xc  Code  Gb  pletoh.o [6]
putle24                  0x800'3591   0x18  Code  Gb  pletoh.o [6]
putle32                  0x800'35a9   0x16  Code  Gb  pletoh.o [6]
putle40                  0x800'35bf   0x14  Code  Gb  pletoh.o [6]
putle48                  0x800'35d3   0x1e  Code  Gb  pletoh.o [6]
putle56                  0x800'35f1   0x1e  Code  Gb  pletoh.o [6]
putle64                  0x800'360f   0x1e  Code  Gb  pletoh.o [6]
remove                   0x801'0555   0x14  Code  Gb  remove.o [5]
report_command_timer     0x800'015d   0x26  Code  Lc  zcl_attr_report.o [6]
sFileInfo               0x2000'06d8   0x80  Data  Lc  XShHandles.o [2]
scalbln                  0x800'dff9         Code  Gb  ldexp.o [3]
scalblnl                 0x800'dff9         Code  Gb  ldexp.o [3]
scalbn                   0x800'dff9         Code  Gb  ldexp.o [3]
scalbnl                  0x800'dff9         Code  Gb  ldexp.o [3]
scale                    0x800'b71f   0x46  Code  Lc  xprintffull_nomb.o [2]
sec_hand                0x2000'0b5c    0x4  Data  Lc  xfail_s.o [2]
sec_key_ha               0x801'0e8c   0x10  Data  Gb  zigbee_core_wb.o [1]
segment_holding          0x800'54c5   0x1a  Code  Lc  dlmalloc.o [2]
sendToBinding            0x801'0ea8   0x10  Data  Lc  zigbee_core_wb.o [1]
shciContext             0x2000'0a4c   0x20  Data  Lc  shci_tl.o [1]
shci_cmd_resp_release    0x800'9aeb    0xc  Code  Gb  app_entry.o [1]
shci_cmd_resp_wait       0x800'9af7    0xc  Code  Gb  app_entry.o [1]
shci_init                0x800'a0e1   0x1c  Code  Gb  shci_tl.o [1]
shci_notify_asynch_evt   0x800'9add    0xe  Code  Gb  app_entry.o [1]
shci_register_io_bus     0x800'dea5   0x14  Code  Gb  shci_tl_if.o [1]
shci_send                0x800'a16f   0x78  Code  Gb  shci_tl.o [1]
shci_user_evt_proc       0x800'a0fd   0x72  Code  Gb  shci_tl.o [1]
snprintf                 0x800'a035   0x44  Code  Gb  snprintf.o [2]
sprintf                  0x800'8e1d   0x40  Code  Gb  sprintf.o [2]
strchr                   0x800'8e05         Code  Gb  strchr.o [4]
strcpy                   0x800'a01d         Code  Gb  strcpy.o [4]
strlen                   0x800'def9         Code  Gb  strlen.o [4]
strstr                   0x800'8dd7   0x2c  Code  Gb  strstr.o [2]
uwTick                  0x2000'0b2c    0x4  Data  Gb  stm32wbxx_hal.o [1]
uwTickFreq              0x2000'014d    0x1  Data  Gb  stm32wbxx_hal.o [1]
uwTickPrio              0x2000'0010    0x4  Data  Gb  stm32wbxx_hal.o [1]
va_null                  0x801'0fe8    0x4  Data  Lc  zigbee_core_wb.o [1]
vsnprintf                0x800'a079   0x3c  Code  Gb  vsnprint.o [2]
wpanCrcTable             0x800'fcd8  0x200  Data  Gb  zigbee_core_wb.o [1]
zb_heap_alloc            0x800'2233   0x12  Code  Gb  zigbee_core_wb.o [1]
zb_heap_free             0x800'2245   0x12  Code  Gb  zigbee_core_wb.o [1]
zb_ipc_globals          0x2000'0ab8   0x14  Data  Lc  zigbee_core_wb.o [1]
zb_ipc_m4_cb_info_alloc
                         0x800'1a09   0x30  Code  Lc  zigbee_core_wb.o [1]
zb_ipc_m4_cb_info_free   0x800'1a39    0xc  Code  Lc  zigbee_core_wb.o [1]
zb_ipc_m4_get_retval     0x800'1a45   0x32  Code  Lc  zigbee_core_wb.o [1]
zb_ipc_m4_memcpy2        0x800'19f5   0x14  Code  Lc  zigbee_core_wb.o [1]
zb_malloc_track          0x800'3075   0x14  Code  Lc  zigbee_core_wb.o [1]
zb_malloc_untrack        0x800'3089   0x14  Code  Lc  zigbee_core_wb.o [1]
zb_msg_filter_cb_list   0x2000'0328  0x180  Data  Lc  zigbee_core_wb.o [1]
zb_persist_arg          0x2000'0b4c    0x4  Data  Lc  zigbee_core_wb.o [1]
zb_persist_cb           0x2000'0b48    0x4  Data  Lc  zigbee_core_wb.o [1]
zcl_append_report_config_record
                         0x800'178d  0x236  Code  Lc  zcl_attr_report.o [6]
zcl_attr_cluster_mandatory_revision
                         0x801'0aa8   0x28  Data  Lc  zcl_cluster_init.o [6]
zcl_attr_reporting_check
                         0x800'09f1   0x4c  Code  Gb  zcl_attr_report.o [6]
zcl_cluster_alarm_data_ind
                         0x800'7aa1  0x1d8  Code  Gb  zcl_command_ind.o [6]
zcl_cluster_attr_report_delete
                         0x800'0ca9   0x2a  Code  Gb  zcl_attr_report.o [6]
zcl_cluster_command_dummy
                         0x800'a295    0x6  Code  Lc  zcl_cluster_init.o [6]
zcl_cluster_data_ind     0x800'7a6d   0x34  Code  Gb  zcl_command_ind.o [6]
zcl_cluster_persist_timer
                         0x800'a481   0x3a  Code  Lc  zcl_cluster_init.o [6]
zcl_cluster_report_check_timeout
                         0x800'0479   0xaa  Code  Lc  zcl_attr_report.o [6]
zcl_cluster_reports_timer
                         0x800'0525  0x4cc  Code  Gb  zcl_attr_report.o [6]
zcl_handle_command       0x800'7839  0x234  Code  Lc  zcl_command_ind.o [6]
zcl_persist_handle_set   0x800'732d   0x9a  Code  Lc  zcl_command_ind.o [6]
zcl_persist_read_attrs   0x800'a4c1  0x212  Code  Lc  zcl_cluster_init.o [6]
zcl_persist_send_cache   0x800'a6e9  0x16e  Code  Gb  zcl_cluster_init.o [6]
zcl_press_meas_client_report
                         0x800'6b11   0xd0  Code  Lc  app_zigbee.o [1]
zcl_report_append_attr   0x800'041f   0x54  Code  Lc  zcl_attr_report.o [6]
zcl_report_check_time    0x800'03e7    0xa  Code  Lc  zcl_attr_report.o [6]
zcl_report_kick          0x800'03f1   0x2e  Code  Lc  zcl_attr_report.o [6]
zcl_reporting_check_default_intvl
                         0x800'0d15   0x2e  Code  Lc  zcl_attr_report.o [6]
zcl_reporting_config_attr_defaults
                         0x800'0d43   0x36  Code  Lc  zcl_attr_report.o [6]
zcl_reporting_create_default_reports
                         0x800'0ee9   0xce  Code  Gb  zcl_attr_report.o [6]
zcl_reporting_create_new
                         0x800'0be9   0x68  Code  Lc  zcl_attr_report.o [6]
zcl_reporting_delete     0x800'0c55   0x54  Code  Lc  zcl_attr_report.o [6]
zcl_reporting_disable    0x800'0cd3   0x42  Code  Lc  zcl_attr_report.o [6]
zcl_reporting_epsilon_check
                         0x800'0e3d   0xac  Code  Lc  zcl_attr_report.o [6]
zcl_reporting_epsilon_default
                         0x800'0de3   0x44  Code  Lc  zcl_attr_report.o [6]
zcl_reporting_find       0x800'0a61   0x50  Code  Lc  zcl_attr_report.o [6]
zcl_reporting_queue_report
                         0x800'0183   0x86  Code  Lc  zcl_attr_report.o [6]
zcl_reporting_reset_defaults
                         0x800'0d79   0x6a  Code  Lc  zcl_attr_report.o [6]
zcl_reporting_save_curr_val
                         0x800'0b05   0xe4  Code  Lc  zcl_attr_report.o [6]
zcl_reporting_send_conf
                         0x800'0149   0x14  Code  Lc  zcl_attr_report.o [6]
zcl_reporting_send_report
                         0x800'0209  0x1de  Code  Lc  zcl_attr_report.o [6]
zcl_reporting_stack_event
                         0x800'0ab1   0x54  Code  Gb  zcl_attr_report.o [6]
zcl_temp_meas_client_report
                         0x800'6be1   0xd0  Code  Lc  app_zigbee.o [1]
zcl_wc_meas_client_report
                         0x800'6cb1   0xd0  Code  Lc  app_zigbee.o [1]
zdo_filter_cb_list      0x2000'087c   0x60  Data  Lc  zigbee_core_wb.o [1]
zdo_match_multi_arg     0x2000'0b54    0x4  Data  Lc  zigbee_core_wb.o [1]
zdo_match_multi_cb      0x2000'0b50    0x4  Data  Lc  zigbee_core_wb.o [1]
zigbee_app_data         0x2000'08dc   0x50  Data  Gb  app_zigbee.o [1]
zigbee_app_info         0x2000'0a6c   0x1c  Data  Lc  app_zigbee.o [1]
zigbee_m4_tl_callbacks  0x2000'0b44    0x4  Data  Lc  zigbee_core_wb.o [1]


[1] = C:\Users\Daniluxa\Documents\GitHub\lic_module_zigbee_mcu\EWARM\lic_module_zigbee_mcu\Obj
[2] = dl7M_tlf.a
[3] = m7M_tls.a
[4] = rt7M_tl.a
[5] = shb_l.a
[6] = stm32wb_zigbee_wb_lib.a

   67'165 bytes of readonly  code memory
    2'564 bytes of readonly  data memory
  112'325 bytes of readwrite data memory

Errors: none
Warnings: none
