###############################################################################
#
# IAR ELF Linker V8.50.6.265/W32 for ARM                  07/Sep/2022  15:24:54
# Copyright 2007-2020 IAR Systems AB.
#
#    Output file  =
#        C:\Users\Daniluxa\Documents\GitHub\bq25887-i2c-controlled-2-cell\EWARM\LIC_BQ25887_I2C\Exe\LIC_BQ25887_I2C.out
#    Map file     =
#        C:\Users\Daniluxa\Documents\GitHub\bq25887-i2c-controlled-2-cell\EWARM\LIC_BQ25887_I2C\List\LIC_BQ25887_I2C.map
#    Command line =
#        -f C:\Users\Daniluxa\AppData\Local\Temp\EW5896.tmp
#        (C:\Users\Daniluxa\Documents\GitHub\bq25887-i2c-controlled-2-cell\EWARM\LIC_BQ25887_I2C\Obj\BQ25887.o
#        C:\Users\Daniluxa\Documents\GitHub\bq25887-i2c-controlled-2-cell\EWARM\LIC_BQ25887_I2C\Obj\main.o
#        C:\Users\Daniluxa\Documents\GitHub\bq25887-i2c-controlled-2-cell\EWARM\LIC_BQ25887_I2C\Obj\startup_stm32f207xx.o
#        C:\Users\Daniluxa\Documents\GitHub\bq25887-i2c-controlled-2-cell\EWARM\LIC_BQ25887_I2C\Obj\stm32f2xx_hal.o
#        C:\Users\Daniluxa\Documents\GitHub\bq25887-i2c-controlled-2-cell\EWARM\LIC_BQ25887_I2C\Obj\stm32f2xx_hal_cortex.o
#        C:\Users\Daniluxa\Documents\GitHub\bq25887-i2c-controlled-2-cell\EWARM\LIC_BQ25887_I2C\Obj\stm32f2xx_hal_dma.o
#        C:\Users\Daniluxa\Documents\GitHub\bq25887-i2c-controlled-2-cell\EWARM\LIC_BQ25887_I2C\Obj\stm32f2xx_hal_dma_ex.o
#        C:\Users\Daniluxa\Documents\GitHub\bq25887-i2c-controlled-2-cell\EWARM\LIC_BQ25887_I2C\Obj\stm32f2xx_hal_exti.o
#        C:\Users\Daniluxa\Documents\GitHub\bq25887-i2c-controlled-2-cell\EWARM\LIC_BQ25887_I2C\Obj\stm32f2xx_hal_flash.o
#        C:\Users\Daniluxa\Documents\GitHub\bq25887-i2c-controlled-2-cell\EWARM\LIC_BQ25887_I2C\Obj\stm32f2xx_hal_flash_ex.o
#        C:\Users\Daniluxa\Documents\GitHub\bq25887-i2c-controlled-2-cell\EWARM\LIC_BQ25887_I2C\Obj\stm32f2xx_hal_gpio.o
#        C:\Users\Daniluxa\Documents\GitHub\bq25887-i2c-controlled-2-cell\EWARM\LIC_BQ25887_I2C\Obj\stm32f2xx_hal_i2c.o
#        C:\Users\Daniluxa\Documents\GitHub\bq25887-i2c-controlled-2-cell\EWARM\LIC_BQ25887_I2C\Obj\stm32f2xx_hal_msp.o
#        C:\Users\Daniluxa\Documents\GitHub\bq25887-i2c-controlled-2-cell\EWARM\LIC_BQ25887_I2C\Obj\stm32f2xx_hal_pwr.o
#        C:\Users\Daniluxa\Documents\GitHub\bq25887-i2c-controlled-2-cell\EWARM\LIC_BQ25887_I2C\Obj\stm32f2xx_hal_pwr_ex.o
#        C:\Users\Daniluxa\Documents\GitHub\bq25887-i2c-controlled-2-cell\EWARM\LIC_BQ25887_I2C\Obj\stm32f2xx_hal_rcc.o
#        C:\Users\Daniluxa\Documents\GitHub\bq25887-i2c-controlled-2-cell\EWARM\LIC_BQ25887_I2C\Obj\stm32f2xx_hal_rcc_ex.o
#        C:\Users\Daniluxa\Documents\GitHub\bq25887-i2c-controlled-2-cell\EWARM\LIC_BQ25887_I2C\Obj\stm32f2xx_hal_tim.o
#        C:\Users\Daniluxa\Documents\GitHub\bq25887-i2c-controlled-2-cell\EWARM\LIC_BQ25887_I2C\Obj\stm32f2xx_hal_tim_ex.o
#        C:\Users\Daniluxa\Documents\GitHub\bq25887-i2c-controlled-2-cell\EWARM\LIC_BQ25887_I2C\Obj\stm32f2xx_it.o
#        C:\Users\Daniluxa\Documents\GitHub\bq25887-i2c-controlled-2-cell\EWARM\LIC_BQ25887_I2C\Obj\system_stm32f2xx.o
#        --no_out_extension -o
#        C:\Users\Daniluxa\Documents\GitHub\bq25887-i2c-controlled-2-cell\EWARM\LIC_BQ25887_I2C\Exe\LIC_BQ25887_I2C.out
#        --redirect _Printf=_PrintfFullNoMb --redirect _Scanf=_ScanfFullNoMb
#        --map
#        C:\Users\Daniluxa\Documents\GitHub\bq25887-i2c-controlled-2-cell\EWARM\LIC_BQ25887_I2C\List\LIC_BQ25887_I2C.map
#        --config
#        C:\Users\Daniluxa\Documents\GitHub\bq25887-i2c-controlled-2-cell\EWARM/stm32f207xx_flash.icf
#        --semihosting --entry __iar_program_start --vfe --text_out locale)
#
###############################################################################

*******************************************************************************
*** RUNTIME MODEL ATTRIBUTES
***

CppFlavor       = *
__Heap_Handler  = Basic
__SystemLibrary = DLib
__dlib_version  = 6


*******************************************************************************
*** HEAP SELECTION
***

The basic heap was selected because no calls to memory allocation
functions were found in the application outside of system library
functions, and there are calls to deallocation functions in the
application.


*******************************************************************************
*** PLACEMENT SUMMARY
***

"A0":  place at address 0x800'0000 { ro section .intvec };
"P1":  place in [from 0x800'0000 to 0x80f'ffff] { ro };
define block CSTACK with size = 1K, alignment = 8 { };
define block HEAP with size = 512, alignment = 8 { };
"P2":  place in [from 0x2000'0000 to 0x2002'0000] {
          rw, block CSTACK, block HEAP };
initialize by copy { rw };

  Section            Kind         Address    Size  Object
  -------            ----         -------    ----  ------
"A0":                                       0x184
  .intvec            ro code   0x800'0000   0x184  startup_stm32f207xx.o [1]
                             - 0x800'0184   0x184

"P1":                                      0x564b
  .text              ro code   0x800'0184  0x1c26  stm32f2xx_hal_i2c.o [1]
  .text              ro code   0x800'1daa    0x3a  zero_init3.o [4]
  .text              ro code   0x800'1de4    0xd4  stm32f2xx_hal_msp.o [1]
  .text              ro code   0x800'1eb8   0x5ac  stm32f2xx_hal_rcc.o [1]
  .text              ro code   0x800'2464     0xc  stm32f2xx_hal.o [1]
  .text              ro code   0x800'2470     0x2  stm32f2xx_hal_i2c.o [1]
  .text              ro code   0x800'2472     0x2  stm32f2xx_hal_i2c.o [1]
  .text              ro code   0x800'2474     0x2  stm32f2xx_hal_i2c.o [1]
  .text              ro code   0x800'2476     0x2  stm32f2xx_hal_i2c.o [1]
  .text              ro code   0x800'2478     0x2  stm32f2xx_hal_i2c.o [1]
  .text              ro code   0x800'247a     0x2  stm32f2xx_hal_i2c.o [1]
  .text              ro code   0x800'247c     0x2  stm32f2xx_hal_i2c.o [1]
  .text              ro code   0x800'247e     0x2  stm32f2xx_hal_i2c.o [1]
  .text              ro code   0x800'2480    0x2e  stm32f2xx_hal_dma.o [1]
  .text              ro code   0x800'24ae     0x2  stm32f2xx_hal_i2c.o [1]
  .text              ro code   0x800'24b0     0x2  stm32f2xx_hal_i2c.o [1]
  .text              ro code   0x800'24b2    0x14  memset.o [4]
  .rodata            const     0x800'24c6     0x2  xlocale_c.o [2]
  .text              ro code   0x800'24c8   0x24c  stm32f2xx_hal_gpio.o [1]
  .text              ro code   0x800'2714   0x158  stm32f2xx_hal_cortex.o [1]
  .text              ro code   0x800'286c    0x4c  stm32f2xx_hal.o [1]
  .text              ro code   0x800'28b8   0x230  I64DivMod.o [4]
  .text              ro code   0x800'2ae8    0x66  ABImemset.o [4]
  .rodata            const     0x800'2b4e     0x1  BQ25887.o [1]
  .rodata            const     0x800'2b4f     0x1  xlocale_c.o [2]
  .text              ro code   0x800'2b50     0x2  I64DivZer.o [4]
  .text              ro code   0x800'2b54   0xfc2  xprintffull_nomb.o [2]
  .text              ro code   0x800'3b18    0x16  strchr.o [4]
  .text              ro code   0x800'3b30    0x40  xfail_s.o [2]
  .text              ro code   0x800'3b70    0x36  strlen.o [4]
  .text              ro code   0x800'3ba8    0x58  memchr.o [4]
  .text              ro code   0x800'3c00    0xa6  ABImemcpy.o [4]
  .text              ro code   0x800'3ca8    0x70  frexp.o [3]
  .text              ro code   0x800'3d18    0x2e  DblCmpLe.o [3]
  .text              ro code   0x800'3d48    0x2e  DblCmpGe.o [3]
  .text              ro code   0x800'3d78   0x13a  ldexp.o [3]
  .text              ro code   0x800'3eb4    0x3a  DblToS32.o [3]
  .text              ro code   0x800'3ef0    0x22  S32ToDbl.o [3]
  .text              ro code   0x800'3f14    0xe2  DblSub.o [3]
  .text              ro code   0x800'3ff8   0x246  DblDiv.o [3]
  .text              ro code   0x800'4240    0x28  DblToU32.o [3]
  .text              ro code   0x800'4268    0x1a  U32ToDbl.o [3]
  .text              ro code   0x800'4284   0x1a2  DblMul.o [3]
  .text              ro code   0x800'4428     0x8  xlocale_c.o [2]
  .text              ro code   0x800'4430     0x6  abort.o [2]
  .text              ro code   0x800'4438   0x16a  DblAdd.o [3]
  .text              ro code   0x800'45a4    0x14  exit.o [5]
  .text              ro code   0x800'45b8    0x7c  iarttio.o [5]
  .text              ro code   0x800'4634    0x3c  XShttio.o [2]
  .text              ro code   0x800'4670   0x318  BQ25887.o [1]
  .text              ro code   0x800'4988    0x28  printf.o [2]
  .text              ro code   0x800'49b0    0x28  stm32f2xx_hal.o [1]
  .text              ro code   0x800'49d8   0x228  main.o [1]
  .text              ro code   0x800'4c00    0x34  stm32f2xx_hal.o [1]
  .text              ro code   0x800'4c34   0x13c  heap0.o [2]
  .text              ro code   0x800'4d70    0x2c  xgetmemchunk.o [2]
  .text              ro code   0x800'4d9c    0xd8  xfspos.o [2]
  .text              ro code   0x800'4e74    0xac  fflush.o [2]
  .text              ro code   0x800'4f20     0xc  xfgpos.o [2]
  .text              ro code   0x800'4f2c    0x4a  lseek.o [5]
  .text              ro code   0x800'4f76    0x10  write.o [5]
  .text              ro code   0x800'4f88    0xcc  XShHandles.o [2]
  .text              ro code   0x800'5054    0x1e  dwrite.o [5]
  .text              ro code   0x800'5072    0x20  iarwstd.o [5]
  .text              ro code   0x800'5092    0x22  iarwrite.o [5]
  .text              ro code   0x800'50b4    0xb4  xfwprep.o [2]
  .text              ro code   0x800'5168    0x24  fseek.o [2]
  .text              ro code   0x800'518c    0x9c  xfofind.o [2]
  .text              ro code   0x800'5228     0x4  heaptramp0.o [2]
  .text              ro code   0x800'522c    0x7e  fclose.o [2]
  .text              ro code   0x800'52aa    0x18  close.o [5]
  .text              ro code   0x800'52c2    0x14  remove.o [5]
  .text              ro code   0x800'52d6    0x78  lz77_init_single.o [4]
  .text              ro code   0x800'534e    0x54  fputc.o [2]
  .text              ro code   0x800'53a4    0x3c  xcloseall.o [2]
  .text              ro code   0x800'53e0    0x30  stm32f2xx_it.o [1]
  .text              ro code   0x800'5410    0x18  stm32f2xx_hal.o [1]
  .text              ro code   0x800'5428    0x28  data_init.o [4]
  .iar.init_table    const     0x800'5450    0x20  - Linker created -
  .text              ro code   0x800'5470    0x1e  cmain.o [4]
  .text              ro code   0x800'548e     0x4  low_level_init.o [2]
  .text              ro code   0x800'5492     0x4  exit.o [2]
  .text              ro code   0x800'5498     0xe  cexit.o [4]
  .rodata            const     0x800'54a8    0x1c  BQ25887.o [1]
  .rodata            const     0x800'54c4    0x18  BQ25887.o [1]
  .rodata            const     0x800'54dc    0x18  BQ25887.o [1]
  .text              ro code   0x800'54f4    0x16  xprout.o [2]
  .text              ro code   0x800'550c     0xc  putchar.o [2]
  .rodata            const     0x800'5518    0x14  BQ25887.o [1]
  .rodata            const     0x800'552c    0x10  BQ25887.o [1]
  .rodata            const     0x800'553c    0x10  BQ25887.o [1]
  .rodata            const     0x800'554c    0x10  BQ25887.o [1]
  .rodata            const     0x800'555c    0x10  BQ25887.o [1]
  .rodata            const     0x800'556c    0x10  BQ25887.o [1]
  .rodata            const     0x800'557c    0x10  BQ25887.o [1]
  .rodata            const     0x800'558c    0x10  BQ25887.o [1]
  .rodata            const     0x800'559c    0x10  BQ25887.o [1]
  .rodata            const     0x800'55ac    0x10  system_stm32f2xx.o [1]
  .text              ro code   0x800'55bc    0x10  startup_stm32f207xx.o [1]
  .rodata            const     0x800'55cc     0xc  BQ25887.o [1]
  .rodata            const     0x800'55d8     0xc  BQ25887.o [1]
  .rodata            const     0x800'55e4     0xc  BQ25887.o [1]
  .rodata            const     0x800'55f0     0xc  BQ25887.o [1]
  .rodata            const     0x800'55fc     0xc  BQ25887.o [1]
  .text              ro code   0x800'5608     0xc  cstartup_M.o [4]
  .rodata            const     0x800'5614     0x8  system_stm32f2xx.o [1]
  .rodata            const     0x800'561c     0x8  xprintffull_nomb.o [2]
  .text              ro code   0x800'5624     0x4  startup_stm32f207xx.o [1]
  .text              ro code   0x800'5628     0x4  startup_stm32f207xx.o [1]
  .text              ro code   0x800'562c     0x4  startup_stm32f207xx.o [1]
  .text              ro code   0x800'5630     0x4  startup_stm32f207xx.o [1]
  .text              ro code   0x800'5634     0x4  startup_stm32f207xx.o [1]
  .text              ro code   0x800'5638     0x4  startup_stm32f207xx.o [1]
  .text              ro code   0x800'563c     0x4  startup_stm32f207xx.o [1]
  .text              ro code   0x800'5640     0x4  startup_stm32f207xx.o [1]
  .text              ro code   0x800'5644     0x4  startup_stm32f207xx.o [1]
  .text              ro code   0x800'5648     0x4  startup_stm32f207xx.o [1]
  .text              ro code   0x800'564c     0x4  startup_stm32f207xx.o [1]
  .text              ro code   0x800'5650     0x4  startup_stm32f207xx.o [1]
  .text              ro code   0x800'5654     0x4  startup_stm32f207xx.o [1]
  .text              ro code   0x800'5658     0x4  startup_stm32f207xx.o [1]
  .text              ro code   0x800'565c     0x4  startup_stm32f207xx.o [1]
  .text              ro code   0x800'5660     0x4  startup_stm32f207xx.o [1]
  .text              ro code   0x800'5664     0x4  startup_stm32f207xx.o [1]
  .text              ro code   0x800'5668     0x4  startup_stm32f207xx.o [1]
  .text              ro code   0x800'566c     0x4  startup_stm32f207xx.o [1]
  .text              ro code   0x800'5670     0x4  startup_stm32f207xx.o [1]
  .text              ro code   0x800'5674     0x4  startup_stm32f207xx.o [1]
  .text              ro code   0x800'5678     0x4  startup_stm32f207xx.o [1]
  .text              ro code   0x800'567c     0x4  startup_stm32f207xx.o [1]
  .text              ro code   0x800'5680     0x4  startup_stm32f207xx.o [1]
  .text              ro code   0x800'5684     0x4  startup_stm32f207xx.o [1]
  .text              ro code   0x800'5688     0x4  startup_stm32f207xx.o [1]
  .text              ro code   0x800'568c     0x4  startup_stm32f207xx.o [1]
  .text              ro code   0x800'5690     0x4  startup_stm32f207xx.o [1]
  .text              ro code   0x800'5694     0x4  startup_stm32f207xx.o [1]
  .text              ro code   0x800'5698     0x4  startup_stm32f207xx.o [1]
  .text              ro code   0x800'569c     0x4  startup_stm32f207xx.o [1]
  .text              ro code   0x800'56a0     0x4  startup_stm32f207xx.o [1]
  .text              ro code   0x800'56a4     0x4  startup_stm32f207xx.o [1]
  .text              ro code   0x800'56a8     0x4  startup_stm32f207xx.o [1]
  .text              ro code   0x800'56ac     0x4  startup_stm32f207xx.o [1]
  .text              ro code   0x800'56b0     0x4  startup_stm32f207xx.o [1]
  .text              ro code   0x800'56b4     0x4  startup_stm32f207xx.o [1]
  .text              ro code   0x800'56b8     0x4  startup_stm32f207xx.o [1]
  .text              ro code   0x800'56bc     0x4  startup_stm32f207xx.o [1]
  .text              ro code   0x800'56c0     0x4  startup_stm32f207xx.o [1]
  .text              ro code   0x800'56c4     0x4  startup_stm32f207xx.o [1]
  .text              ro code   0x800'56c8     0x4  startup_stm32f207xx.o [1]
  .text              ro code   0x800'56cc     0x4  startup_stm32f207xx.o [1]
  .text              ro code   0x800'56d0     0x4  startup_stm32f207xx.o [1]
  .text              ro code   0x800'56d4     0x4  startup_stm32f207xx.o [1]
  .text              ro code   0x800'56d8     0x4  startup_stm32f207xx.o [1]
  .text              ro code   0x800'56dc     0x4  startup_stm32f207xx.o [1]
  .text              ro code   0x800'56e0     0x4  startup_stm32f207xx.o [1]
  .text              ro code   0x800'56e4     0x4  startup_stm32f207xx.o [1]
  .text              ro code   0x800'56e8     0x4  startup_stm32f207xx.o [1]
  .text              ro code   0x800'56ec     0x4  startup_stm32f207xx.o [1]
  .text              ro code   0x800'56f0     0x4  startup_stm32f207xx.o [1]
  .text              ro code   0x800'56f4     0x4  startup_stm32f207xx.o [1]
  .text              ro code   0x800'56f8     0x4  startup_stm32f207xx.o [1]
  .text              ro code   0x800'56fc     0x4  startup_stm32f207xx.o [1]
  .text              ro code   0x800'5700     0x4  startup_stm32f207xx.o [1]
  .text              ro code   0x800'5704     0x4  startup_stm32f207xx.o [1]
  .text              ro code   0x800'5708     0x4  startup_stm32f207xx.o [1]
  .text              ro code   0x800'570c     0x4  startup_stm32f207xx.o [1]
  .text              ro code   0x800'5710     0x4  startup_stm32f207xx.o [1]
  .text              ro code   0x800'5714     0x4  startup_stm32f207xx.o [1]
  .text              ro code   0x800'5718     0x4  startup_stm32f207xx.o [1]
  .text              ro code   0x800'571c     0x4  startup_stm32f207xx.o [1]
  .text              ro code   0x800'5720     0x4  startup_stm32f207xx.o [1]
  .text              ro code   0x800'5724     0x4  startup_stm32f207xx.o [1]
  .text              ro code   0x800'5728     0x4  startup_stm32f207xx.o [1]
  .text              ro code   0x800'572c     0x4  startup_stm32f207xx.o [1]
  .text              ro code   0x800'5730     0x4  startup_stm32f207xx.o [1]
  .text              ro code   0x800'5734     0x4  startup_stm32f207xx.o [1]
  .text              ro code   0x800'5738     0x4  startup_stm32f207xx.o [1]
  .text              ro code   0x800'573c     0x4  startup_stm32f207xx.o [1]
  .text              ro code   0x800'5740     0x4  startup_stm32f207xx.o [1]
  .text              ro code   0x800'5744     0x4  startup_stm32f207xx.o [1]
  .text              ro code   0x800'5748     0x4  startup_stm32f207xx.o [1]
  .text              ro code   0x800'574c     0x4  startup_stm32f207xx.o [1]
  .text              ro code   0x800'5750     0x4  startup_stm32f207xx.o [1]
  .text              ro code   0x800'5754     0x4  startup_stm32f207xx.o [1]
  .text              ro code   0x800'5758     0x4  startup_stm32f207xx.o [1]
  .text              ro code   0x800'575c     0x2  system_stm32f2xx.o [1]
  .text              ro code   0x800'5760     0x0  cstart_closeall.o [4]
  .rodata            const     0x800'5760     0x0  zero_init3.o [4]
  .rodata            const     0x800'5760     0x0  lz77_init_single.o [4]
  Initializer bytes  const     0x800'5760    0x6f  <for P2-1>
                             - 0x800'57cf  0x564b

"P2", part 1 of 3:                          0x141
  P2-1                        0x2000'0000   0x141  <Init block>
    .data            inited   0x2000'0000     0x4  stm32f2xx_hal.o [1]
    .data            inited   0x2000'0004     0x4  system_stm32f2xx.o [1]
    .data            inited   0x2000'0008    0x38  xlocale_c.o [2]
    .data            inited   0x2000'0040    0x48  xfiles.o [2]
    .data            inited   0x2000'0088    0x48  xfiles.o [2]
    .data            inited   0x2000'00d0    0x48  xfiles.o [2]
    .data            inited   0x2000'0118    0x20  xfiles.o [2]
    .data            inited   0x2000'0138     0x8  XShttio.o [2]
    .data            inited   0x2000'0140     0x1  stm32f2xx_hal.o [1]
                            - 0x2000'0141   0x141

"P2", part 2 of 3:                          0x18c
  .bss               zero     0x2000'0144    0x80  XShHandles.o [2]
  .bss               zero     0x2000'01c4    0x54  main.o [1]
  .bss               zero     0x2000'0218    0x50  xfiles.o [2]
  .bss               zero     0x2000'0268    0x50  xfiles.o [2]
  .bss               zero     0x2000'02b8     0x8  heap0.o [2]
  .bss               zero     0x2000'02c0     0x4  stm32f2xx_hal.o [1]
  .bss               zero     0x2000'02c4     0x4  xfail_s.o [2]
  .bss               zero     0x2000'02c8     0x4  xgetmemchunk.o [2]
  .bss               zero     0x2000'02cc     0x1  XShttio.o [2]
                            - 0x2000'02cd   0x189

"P2", part 3 of 3:                          0x600
  CSTACK                      0x2000'02d0   0x400  <Block>
    CSTACK           uninit   0x2000'02d0   0x400  <Block tail>
  HEAP                        0x2000'06d0   0x200  <Block>
    HEAP             uninit   0x2000'06d0   0x200  <Block tail>
                            - 0x2000'08d0   0x600

Unused ranges:

         From           To      Size
         ----           --      ----
   0x800'57cf   0x80f'ffff  0xf'a831
  0x2000'0141  0x2000'0143       0x3
  0x2000'08d0  0x2002'0000  0x1'f731


*******************************************************************************
*** INIT TABLE
***

          Address      Size
          -------      ----
Zero (__iar_zero_init3)
    1 destination range, total size 0x189:
          0x2000'0144  0x189

Copy/lz77 (__iar_lz77_init_single3)
    1 source range, total size 0x6f (34% of destination):
           0x800'5760   0x6f
    1 destination range, total size 0x141:
          0x2000'0000  0x141



*******************************************************************************
*** MODULE SUMMARY
***

    Module                  ro code  ro data  rw data
    ------                  -------  -------  -------
command line/config:
    -------------------------------------------------
    Total:

C:\Users\Daniluxa\Documents\GitHub\bq25887-i2c-controlled-2-cell\EWARM\LIC_BQ25887_I2C\Obj: [1]
    BQ25887.o                   792      285
    main.o                      552                84
    startup_stm32f207xx.o       716
    stm32f2xx_hal.o             204        2        9
    stm32f2xx_hal_cortex.o      344
    stm32f2xx_hal_dma.o          46
    stm32f2xx_hal_gpio.o        588
    stm32f2xx_hal_i2c.o       7'226
    stm32f2xx_hal_msp.o         212
    stm32f2xx_hal_rcc.o       1'452
    stm32f2xx_it.o               48
    system_stm32f2xx.o            2       25        4
    -------------------------------------------------
    Total:                   12'182      312       97

dl7M_tlf.a: [2]
    XShHandles.o                204               128
    XShttio.o                    60        3        9
    abort.o                       6
    exit.o                        4
    fclose.o                    126
    fflush.o                    172
    fputc.o                      84
    fseek.o                      36
    heap0.o                     316                 8
    heaptramp0.o                  4
    low_level_init.o              4
    printf.o                     40
    putchar.o                    12
    xcloseall.o                  60
    xfail_s.o                    64                 4
    xfgpos.o                     12
    xfiles.o                              85      408
    xfofind.o                   156
    xfspos.o                    216
    xfwprep.o                   180
    xgetmemchunk.o               44                 4
    xlocale_c.o                   8       23       56
    xprintffull_nomb.o        4'034        8
    xprout.o                     22
    -------------------------------------------------
    Total:                    5'864      119      617

m7M_tl.a: [3]
    DblAdd.o                    362
    DblCmpGe.o                   46
    DblCmpLe.o                   46
    DblDiv.o                    582
    DblMul.o                    418
    DblSub.o                    226
    DblToS32.o                   58
    DblToU32.o                   40
    S32ToDbl.o                   34
    U32ToDbl.o                   26
    frexp.o                     112
    ldexp.o                     314
    -------------------------------------------------
    Total:                    2'264

rt7M_tl.a: [4]
    ABImemcpy.o                 166
    ABImemset.o                 102
    I64DivMod.o                 560
    I64DivZer.o                   2
    cexit.o                      14
    cmain.o                      30
    cstart_closeall.o
    cstartup_M.o                 12
    data_init.o                  40
    lz77_init_single.o          120
    memchr.o                     88
    memset.o                     20
    strchr.o                     22
    strlen.o                     54
    zero_init3.o                 58
    -------------------------------------------------
    Total:                    1'288

shb_l.a: [5]
    close.o                      24
    dwrite.o                     30
    exit.o                       20
    iarttio.o                   124
    iarwrite.o                   34
    iarwstd.o                    32
    lseek.o                      74
    remove.o                     20
    write.o                      16
    -------------------------------------------------
    Total:                      374

    Gaps                         42        2
    Linker created                        32    1'536
-----------------------------------------------------
    Grand Total:             22'014      465    2'250


*******************************************************************************
*** ENTRY LIST
***

Entry                       Address   Size  Type      Object
-----                       -------   ----  ----      ------
.iar.init_table$$Base    0x800'5450          --   Gb  - Linker created -
.iar.init_table$$Limit   0x800'5470          --   Gb  - Linker created -
?main                    0x800'5471         Code  Gb  cmain.o [4]
AHBPrescTable            0x800'55ac   0x10  Data  Gb  system_stm32f2xx.o [1]
APBPrescTable            0x800'5614    0x8  Data  Gb  system_stm32f2xx.o [1]
Aldata                  0x2000'02b8    0x8  Data  Lc  heap0.o [2]
BQ25887_ADC_ON           0x800'4921   0x16  Code  Gb  BQ25887.o [1]
BQ25887_Charge_Current_Limit
                         0x800'475f   0x2a  Code  Gb  BQ25887.o [1]
BQ25887_Charge_Status    0x800'46c1   0x9e  Code  Gb  BQ25887.o [1]
BQ25887_Get_Charge       0x800'4821   0x54  Code  Gb  BQ25887.o [1]
BQ25887_Get_Charge_Current
                         0x800'48cd   0x1c  Code  Gb  BQ25887.o [1]
BQ25887_Get_Temp         0x800'4891   0x20  Code  Gb  BQ25887.o [1]
BQ25887_Get_VBUS_Current
                         0x800'48b1   0x1c  Code  Gb  BQ25887.o [1]
BQ25887_Get_Vbat         0x800'4875   0x1c  Code  Gb  BQ25887.o [1]
BQ25887_Get_Vcell_bot    0x800'4905   0x1c  Code  Gb  BQ25887.o [1]
BQ25887_Get_Vcell_top    0x800'48e9   0x1c  Code  Gb  BQ25887.o [1]
BQ25887_Reg_Read         0x800'4671   0x2c  Code  Gb  BQ25887.o [1]
BQ25887_Reg_Write        0x800'469d   0x24  Code  Gb  BQ25887.o [1]
BusFault_Handler         0x800'53e7    0x2  Code  Gb  stm32f2xx_it.o [1]
CSTACK$$Base            0x2000'02d0          --   Gb  - Linker created -
CSTACK$$Limit           0x2000'06d0          --   Gb  - Linker created -
DebugMon_Handler         0x800'53ed    0x2  Code  Gb  stm32f2xx_it.o [1]
Error_Handler            0x800'4bfd    0x4  Code  Gb  main.o [1]
HAL_DMA_Abort_IT         0x800'2481   0x28  Code  Gb  stm32f2xx_hal_dma.o [1]
HAL_DMA_GetState         0x800'24a9    0x6  Code  Gb  stm32f2xx_hal_dma.o [1]
HAL_Delay                0x800'49b1   0x28  Code  Wk  stm32f2xx_hal.o [1]
HAL_GPIO_Init            0x800'24c9  0x1f4  Code  Gb  stm32f2xx_hal_gpio.o [1]
HAL_GPIO_WritePin        0x800'26bd   0x1a  Code  Gb  stm32f2xx_hal_gpio.o [1]
HAL_GetTick              0x800'2465    0xc  Code  Wk  stm32f2xx_hal.o [1]
HAL_I2C_ER_IRQHandler    0x800'09b7   0xec  Code  Gb  stm32f2xx_hal_i2c.o [1]
HAL_I2C_EV_IRQHandler    0x800'07ed  0x1ca  Code  Gb  stm32f2xx_hal_i2c.o [1]
HAL_I2C_Init             0x800'0185  0x1d2  Code  Gb  stm32f2xx_hal_i2c.o [1]
HAL_I2C_Mem_Read         0x800'04e1  0x300  Code  Gb  stm32f2xx_hal_i2c.o [1]
HAL_I2C_Mem_Write        0x800'0371  0x16e  Code  Gb  stm32f2xx_hal_i2c.o [1]
HAL_I2C_MspInit          0x800'1e1b   0x88  Code  Gb  stm32f2xx_hal_msp.o [1]
HAL_IncTick              0x800'5411   0x18  Code  Wk  stm32f2xx_hal.o [1]
HAL_Init                 0x800'4c01   0x30  Code  Gb  stm32f2xx_hal.o [1]
HAL_InitTick             0x800'286d   0x4c  Code  Wk  stm32f2xx_hal.o [1]
HAL_MspInit              0x800'1de5   0x36  Code  Gb  stm32f2xx_hal_msp.o [1]
HAL_NVIC_EnableIRQ       0x800'2833    0xe  Code  Gb  stm32f2xx_hal_cortex.o [1]
HAL_NVIC_SetPriority     0x800'2809   0x2a  Code  Gb  stm32f2xx_hal_cortex.o [1]
HAL_NVIC_SetPriorityGrouping
                         0x800'27fd    0xc  Code  Gb  stm32f2xx_hal_cortex.o [1]
HAL_RCC_ClockConfig      0x800'2225  0x148  Code  Gb  stm32f2xx_hal_rcc.o [1]
HAL_RCC_GetHCLKFreq      0x800'23f9    0x6  Code  Gb  stm32f2xx_hal_rcc.o [1]
HAL_RCC_GetPCLK1Freq     0x800'23ff   0x18  Code  Gb  stm32f2xx_hal_rcc.o [1]
HAL_RCC_GetSysClockFreq
                         0x800'236d   0x8c  Code  Gb  stm32f2xx_hal_rcc.o [1]
HAL_RCC_OscConfig        0x800'1eb9  0x36c  Code  Gb  stm32f2xx_hal_rcc.o [1]
HAL_SYSTICK_Config       0x800'2841    0xc  Code  Gb  stm32f2xx_hal_cortex.o [1]
HEAP$$Base              0x2000'06d0          --   Gb  - Linker created -
HEAP$$Limit             0x2000'08d0          --   Gb  - Linker created -
HardFault_Handler        0x800'53e3    0x2  Code  Gb  stm32f2xx_it.o [1]
I2C1_ER_IRQHandler       0x800'5403    0xa  Code  Gb  stm32f2xx_it.o [1]
I2C1_EV_IRQHandler       0x800'53f9    0xa  Code  Gb  stm32f2xx_it.o [1]
I2C_ConvertOtherXferOptions
                         0x800'1d8f   0x1c  Code  Lc  stm32f2xx_hal_i2c.o [1]
I2C_DMAAbort             0x800'19a9   0xf6  Code  Lc  stm32f2xx_hal_i2c.o [1]
I2C_ITError              0x800'15af  0x196  Code  Lc  stm32f2xx_hal_i2c.o [1]
I2C_IsAcknowledgeFailed
                         0x800'1d57   0x38  Code  Lc  stm32f2xx_hal_i2c.o [1]
I2C_MasterReceive_BTF    0x800'0de5  0x128  Code  Lc  stm32f2xx_hal_i2c.o [1]
I2C_MasterReceive_RXNE   0x800'0d01   0xe4  Code  Lc  stm32f2xx_hal_i2c.o [1]
I2C_MasterTransmit_BTF   0x800'0b8b   0xa4  Code  Lc  stm32f2xx_hal_i2c.o [1]
I2C_MasterTransmit_TXE   0x800'0aa3   0xe8  Code  Lc  stm32f2xx_hal_i2c.o [1]
I2C_Master_ADD10         0x800'0fbf   0x32  Code  Lc  stm32f2xx_hal_i2c.o [1]
I2C_Master_ADDR          0x800'0ff1  0x246  Code  Lc  stm32f2xx_hal_i2c.o [1]
I2C_Master_SB            0x800'0f0d   0xb2  Code  Lc  stm32f2xx_hal_i2c.o [1]
I2C_MemoryTransmit_TXE_BTF
                         0x800'0c2f   0xd2  Code  Lc  stm32f2xx_hal_i2c.o [1]
I2C_RequestMemoryRead    0x800'1839  0x170  Code  Lc  stm32f2xx_hal_i2c.o [1]
I2C_RequestMemoryWrite   0x800'174d   0xec  Code  Lc  stm32f2xx_hal_i2c.o [1]
I2C_SlaveReceive_BTF     0x800'12ef   0x1c  Code  Lc  stm32f2xx_hal_i2c.o [1]
I2C_SlaveReceive_RXNE    0x800'12a1   0x4e  Code  Lc  stm32f2xx_hal_i2c.o [1]
I2C_SlaveTransmit_BTF    0x800'1285   0x1c  Code  Lc  stm32f2xx_hal_i2c.o [1]
I2C_SlaveTransmit_TXE    0x800'1237   0x4e  Code  Lc  stm32f2xx_hal_i2c.o [1]
I2C_Slave_ADDR           0x800'130b   0x66  Code  Lc  stm32f2xx_hal_i2c.o [1]
I2C_Slave_AF             0x800'150b   0xa4  Code  Lc  stm32f2xx_hal_i2c.o [1]
I2C_Slave_STOPF          0x800'1371  0x19a  Code  Lc  stm32f2xx_hal_i2c.o [1]
I2C_WaitOnBTFFlagUntilTimeout
                         0x800'1c3b   0x58  Code  Lc  stm32f2xx_hal_i2c.o [1]
I2C_WaitOnFlagUntilTimeout
                         0x800'1a9f   0x8a  Code  Lc  stm32f2xx_hal_i2c.o [1]
I2C_WaitOnMasterAddressFlagUntilTimeout
                         0x800'1b29   0xba  Code  Lc  stm32f2xx_hal_i2c.o [1]
I2C_WaitOnRXNEFlagUntilTimeout
                         0x800'1ce5   0x72  Code  Lc  stm32f2xx_hal_i2c.o [1]
I2C_WaitOnSTOPRequestThroughIT
                         0x800'1c93   0x46  Code  Lc  stm32f2xx_hal_i2c.o [1]
I2C_WaitOnTXEFlagUntilTimeout
                         0x800'1be3   0x58  Code  Lc  stm32f2xx_hal_i2c.o [1]
LED_set_color            0x800'4789   0x7c  Code  Gb  BQ25887.o [1]
MX_GPIO_Init             0x800'4ad9  0x106  Code  Lc  main.o [1]
MX_I2C1_Init             0x800'4aa1   0x38  Code  Lc  main.o [1]
MemManage_Handler        0x800'53e5    0x2  Code  Gb  stm32f2xx_it.o [1]
NMI_Handler              0x800'53e1    0x2  Code  Gb  stm32f2xx_it.o [1]
NVIC_EncodePriority      0x800'278d   0x40  Code  Lc  stm32f2xx_hal_cortex.o [1]
PendSV_Handler           0x800'53ef    0x2  Code  Gb  stm32f2xx_it.o [1]
Region$$Table$$Base      0x800'5450          --   Gb  - Linker created -
Region$$Table$$Limit     0x800'5470          --   Gb  - Linker created -
SVC_Handler              0x800'53eb    0x2  Code  Gb  stm32f2xx_it.o [1]
SysTick_Config           0x800'27cd   0x30  Code  Lc  stm32f2xx_hal_cortex.o [1]
SysTick_Handler          0x800'53f1    0x8  Code  Gb  stm32f2xx_it.o [1]
SystemClock_Config       0x800'4a2d   0x74  Code  Gb  main.o [1]
SystemCoreClock         0x2000'0004    0x4  Data  Gb  system_stm32f2xx.o [1]
SystemInit               0x800'575d    0x2  Code  Gb  system_stm32f2xx.o [1]
UsageFault_Handler       0x800'53e9    0x2  Code  Gb  stm32f2xx_it.o [1]
Vbus_Stat                0x800'4805   0x1c  Code  Gb  BQ25887.o [1]
_Close_all               0x800'53a5   0x3c  Code  Gb  xcloseall.o [2]
_Files                  0x2000'0118   0x20  Data  Gb  xfiles.o [2]
_Fofree                  0x800'518d   0x96  Code  Gb  xfofind.o [2]
_Fspos                   0x800'4d9d   0xd8  Code  Gb  xfspos.o [2]
_Fwprep                  0x800'50b5   0xb4  Code  Gb  xfwprep.o [2]
_LitobFullNoMb           0x800'3911  0x10a  Code  Lc  xprintffull_nomb.o [2]
_Locale_lconv           0x2000'0008   0x38  Data  Lc  xlocale_c.o [2]
_Nnl                     0x800'4f21    0xc  Code  Gb  xfgpos.o [2]
_PrintfFullNoMb          0x800'2b55  0xd98  Code  Gb  xprintffull_nomb.o [2]
_Prout                   0x800'54f5   0x16  Code  Gb  xprout.o [2]
_PutcharFullNoMb         0x800'3a81   0x20  Code  Lc  xprintffull_nomb.o [2]
_PutcharsFullNoMb        0x800'3aa1   0x2e  Code  Lc  xprintffull_nomb.o [2]
__NVIC_EnableIRQ         0x800'2743   0x1e  Code  Lc  stm32f2xx_hal_cortex.o [1]
__NVIC_GetPriorityGrouping
                         0x800'2737    0xc  Code  Lc  stm32f2xx_hal_cortex.o [1]
__NVIC_SetPriority       0x800'2761   0x2c  Code  Lc  stm32f2xx_hal_cortex.o [1]
__NVIC_SetPriorityGrouping
                         0x800'2715   0x22  Code  Lc  stm32f2xx_hal_cortex.o [1]
__aeabi_cdcmple          0x800'3d19         Code  Gb  DblCmpLe.o [3]
__aeabi_cdrcmple         0x800'3d49         Code  Gb  DblCmpGe.o [3]
__aeabi_d2iz             0x800'3eb5         Code  Gb  DblToS32.o [3]
__aeabi_d2uiz            0x800'4241         Code  Gb  DblToU32.o [3]
__aeabi_ddiv             0x800'3ff9         Code  Gb  DblDiv.o [3]
__aeabi_dmul             0x800'4285         Code  Gb  DblMul.o [3]
__aeabi_dsub             0x800'3f15         Code  Gb  DblSub.o [3]
__aeabi_i2d              0x800'3ef1         Code  Gb  S32ToDbl.o [3]
__aeabi_ldiv0            0x800'2b51         Code  Gb  I64DivZer.o [4]
__aeabi_memcpy           0x800'3c01         Code  Gb  ABImemcpy.o [4]
__aeabi_memcpy4          0x800'3c21         Code  Gb  ABImemcpy.o [4]
__aeabi_memcpy8          0x800'3c21         Code  Gb  ABImemcpy.o [4]
__aeabi_memset           0x800'2ae9         Code  Gb  ABImemset.o [4]
__aeabi_ui2d             0x800'4269         Code  Gb  U32ToDbl.o [3]
__aeabi_uldivmod         0x800'28b9         Code  Gb  I64DivMod.o [4]
__basic_free             0x800'4ce1   0x16  Code  Gb  heap0.o [2]
__basic_free_intern      0x800'4cf7   0x74  Code  Lc  heap0.o [2]
__basic_malloc           0x800'4c35   0x18  Code  Gb  heap0.o [2]
__basic_malloc_intern    0x800'4c4d   0x94  Code  Lc  heap0.o [2]
__cexit_closeall         0x800'549b         Code  Gb  cexit.o [4]
__close                  0x800'52ab   0x18  Code  Gb  close.o [5]
__cmain                  0x800'5471         Code  Gb  cmain.o [4]
__cstart_closeall        0x800'5760         Data  Gb  cstart_closeall.o [4]
__data_GetMemChunk       0x800'4d71   0x2c  Code  Gb  xgetmemchunk.o [2]
__data_GetMemChunk::start
                        0x2000'02c8    0x4  Data  Lc  xgetmemchunk.o [2]
__dwrite                 0x800'5055   0x1e  Code  Gb  dwrite.o [5]
__exit                   0x800'45a5   0x14  Code  Gb  exit.o [5]
__iar_Fail_s             0x800'3b31   0x1c  Code  Gb  xfail_s.o [2]
__iar_Memchr             0x800'3ba9         Code  Gb  memchr.o [4]
__iar_Memset             0x800'2ae9         Code  Gb  ABImemset.o [4]
__iar_Memset_word        0x800'2af1         Code  Gb  ABImemset.o [4]
__iar_Stderr            0x2000'00d0   0x48  Data  Gb  xfiles.o [2]
__iar_Stdin             0x2000'0040   0x48  Data  Gb  xfiles.o [2]
__iar_Stdout            0x2000'0088   0x48  Data  Gb  xfiles.o [2]
__iar_Strchr             0x800'3b19         Code  Gb  strchr.o [4]
__iar_close_ttio         0x800'45b9   0x2c  Code  Gb  iarttio.o [5]
__iar_dadd               0x800'3f25         Code  Gb  DblSub.o [3]
__iar_data_init3         0x800'5429   0x28  Code  Gb  data_init.o [4]
__iar_dsub               0x800'4439         Code  Gb  DblAdd.o [3]
__iar_dsubStart          0x800'444b         Code  Gb  DblAdd.o [3]
__iar_frexp              0x800'3cb5         Code  Gb  frexp.o [3]
__iar_frexp64            0x800'3ca9         Code  Gb  frexp.o [3]
__iar_frexpl             0x800'3cb5         Code  Gb  frexp.o [3]
__iar_get_ttio           0x800'45e5   0x4c  Code  Gb  iarttio.o [5]
__iar_ldexp64            0x800'3d79         Code  Gb  ldexp.o [3]
__iar_lookup_ttioh       0x800'4663    0x4  Code  Gb  XShttio.o [2]
__iar_lz77_init_single3
                         0x800'52d7   0x78  Code  Gb  lz77_init_single.o [4]
__iar_program_start      0x800'5609         Code  Gb  cstartup_M.o [4]
__iar_scalbln64          0x800'3d79         Code  Gb  ldexp.o [3]
__iar_scalbn64           0x800'3d79         Code  Gb  ldexp.o [3]
__iar_sh_Discard         0x800'4f89   0x42  Code  Gb  XShHandles.o [2]
__iar_sh_Move            0x800'4fcb   0x46  Code  Gb  XShHandles.o [2]
__iar_sh_Pos             0x800'5011   0x3e  Code  Gb  XShHandles.o [2]
__iar_sh_stdout          0x800'5073   0x20  Code  Gb  iarwstd.o [5]
__iar_sh_write           0x800'5093   0x22  Code  Gb  iarwrite.o [5]
__iar_ttio_guard_lock    0x800'4635   0x1e  Code  Gb  XShttio.o [2]
__iar_ttio_guard_unlock
                         0x800'4653   0x10  Code  Gb  XShttio.o [2]
__iar_ttio_handles      0x2000'0138    0x8  Data  Lc  XShttio.o [2]
__iar_zero_init3         0x800'1dab   0x3a  Code  Gb  zero_init3.o [4]
__low_level_init         0x800'548f    0x4  Code  Gb  low_level_init.o [2]
__lseek                  0x800'4f2d   0x4a  Code  Gb  lseek.o [5]
__vector_table           0x800'0000         Data  Gb  startup_stm32f207xx.o [1]
__write                  0x800'4f77   0x10  Code  Gb  write.o [5]
_call_main               0x800'547d         Code  Gb  cmain.o [4]
_exit                    0x800'5499         Code  Gb  cexit.o [4]
_main                    0x800'548b         Code  Gb  cmain.o [4]
abort                    0x800'4431    0x6  Code  Gb  abort.o [2]
ebuf                    0x2000'0218   0x50  Data  Lc  xfiles.o [2]
exit                     0x800'5493    0x4  Code  Gb  exit.o [2]
fclose                   0x800'522d   0x7e  Code  Gb  fclose.o [2]
fflush                   0x800'4ee9   0x34  Code  Gb  fflush.o [2]
fflushOne                0x800'4e75   0x74  Code  Lc  fflush.o [2]
fputc                    0x800'534f   0x54  Code  Gb  fputc.o [2]
free                     0x800'5229    0x4  Code  Gb  heaptramp0.o [2]
frexp                    0x800'3ca9         Code  Gb  frexp.o [3]
frexpl                   0x800'3ca9         Code  Gb  frexp.o [3]
fseek                    0x800'5169   0x24  Code  Gb  fseek.o [2]
hi2c1                   0x2000'01c4   0x54  Data  Gb  main.o [1]
ldexp                    0x800'3d79         Code  Gb  ldexp.o [3]
ldexpl                   0x800'3d79         Code  Gb  ldexp.o [3]
localeconv               0x800'4429    0x4  Code  Gb  xlocale_c.o [2]
main                     0x800'49d9   0x54  Code  Gb  main.o [1]
memchr                   0x800'3ba9         Code  Gb  memchr.o [4]
memset                   0x800'24b3   0x14  Code  Gb  memset.o [4]
obuf                    0x2000'0268   0x50  Data  Lc  xfiles.o [2]
printf                   0x800'4989   0x28  Code  Gb  printf.o [2]
putchar                  0x800'550d    0xc  Code  Gb  putchar.o [2]
remove                   0x800'52c3   0x14  Code  Gb  remove.o [5]
sFileInfo               0x2000'0144   0x80  Data  Lc  XShHandles.o [2]
scalbln                  0x800'3d79         Code  Gb  ldexp.o [3]
scalblnl                 0x800'3d79         Code  Gb  ldexp.o [3]
scalbn                   0x800'3d79         Code  Gb  ldexp.o [3]
scalbnl                  0x800'3d79         Code  Gb  ldexp.o [3]
scale                    0x800'3a1b   0x46  Code  Lc  xprintffull_nomb.o [2]
sec_hand                0x2000'02c4    0x4  Data  Lc  xfail_s.o [2]
strchr                   0x800'3b19         Code  Gb  strchr.o [4]
strlen                   0x800'3b71         Code  Gb  strlen.o [4]
ttio_guard              0x2000'02cc    0x1  Data  Lc  XShttio.o [2]
uwTick                  0x2000'02c0    0x4  Data  Gb  stm32f2xx_hal.o [1]
uwTickFreq              0x2000'0140    0x1  Data  Gb  stm32f2xx_hal.o [1]
uwTickPrio              0x2000'0000    0x4  Data  Gb  stm32f2xx_hal.o [1]


[1] = C:\Users\Daniluxa\Documents\GitHub\bq25887-i2c-controlled-2-cell\EWARM\LIC_BQ25887_I2C\Obj
[2] = dl7M_tlf.a
[3] = m7M_tl.a
[4] = rt7M_tl.a
[5] = shb_l.a

  22'014 bytes of readonly  code memory
     465 bytes of readonly  data memory
   2'250 bytes of readwrite data memory

Errors: none
Warnings: none
