###############################################################################
#
# IAR ELF Linker V8.50.6.265/W32 for ARM                  05/Apr/2023  14:53:10
# Copyright 2007-2020 IAR Systems AB.
#
#    Output file  =
#        C:\Users\Daniluxa\Documents\GitHub\LIC\lic_epd_v2_mcu\EWARM\Release\Exe\EPD
#        v2.out
#    Map file     =
#        C:\Users\Daniluxa\Documents\GitHub\LIC\lic_epd_v2_mcu\EWARM\Release\List\EPD
#        v2.map
#    Command line =
#        -f C:\Users\Daniluxa\AppData\Local\Temp\EWADA7.tmp
#        (C:\Users\Daniluxa\Documents\GitHub\LIC\lic_epd_v2_mcu\EWARM\Release\Obj\ads1220_lib.o
#        C:\Users\Daniluxa\Documents\GitHub\LIC\lic_epd_v2_mcu\EWARM\Release\Obj\aes.o
#        C:\Users\Daniluxa\Documents\GitHub\LIC\lic_epd_v2_mcu\EWARM\Release\Obj\at24mac402.o
#        C:\Users\Daniluxa\Documents\GitHub\LIC\lic_epd_v2_mcu\EWARM\Release\Obj\BQ25887.o
#        C:\Users\Daniluxa\Documents\GitHub\LIC\lic_epd_v2_mcu\EWARM\Release\Obj\cmac.o
#        C:\Users\Daniluxa\Documents\GitHub\LIC\lic_epd_v2_mcu\EWARM\Release\Obj\eeprom_lib.o
#        C:\Users\Daniluxa\Documents\GitHub\LIC\lic_epd_v2_mcu\EWARM\Release\Obj\ethernetif.o
#        C:\Users\Daniluxa\Documents\GitHub\LIC\lic_epd_v2_mcu\EWARM\Release\Obj\gps.o
#        C:\Users\Daniluxa\Documents\GitHub\LIC\lic_epd_v2_mcu\EWARM\Release\Obj\hw_gpio.o
#        C:\Users\Daniluxa\Documents\GitHub\LIC\lic_epd_v2_mcu\EWARM\Release\Obj\hw_rtc.o
#        C:\Users\Daniluxa\Documents\GitHub\LIC\lic_epd_v2_mcu\EWARM\Release\Obj\hw_spi.o
#        C:\Users\Daniluxa\Documents\GitHub\LIC\lic_epd_v2_mcu\EWARM\Release\Obj\init.o
#        C:\Users\Daniluxa\Documents\GitHub\LIC\lic_epd_v2_mcu\EWARM\Release\Obj\inputs.o
#        C:\Users\Daniluxa\Documents\GitHub\LIC\lic_epd_v2_mcu\EWARM\Release\Obj\lan8742.o
#        C:\Users\Daniluxa\Documents\GitHub\LIC\lic_epd_v2_mcu\EWARM\Release\Obj\lib_LIS3DH.o
#        C:\Users\Daniluxa\Documents\GitHub\LIC\lic_epd_v2_mcu\EWARM\Release\Obj\lora-test.o
#        C:\Users\Daniluxa\Documents\GitHub\LIC\lic_epd_v2_mcu\EWARM\Release\Obj\lora.o
#        C:\Users\Daniluxa\Documents\GitHub\LIC\lic_epd_v2_mcu\EWARM\Release\Obj\lora_stuff.o
#        C:\Users\Daniluxa\Documents\GitHub\LIC\lic_epd_v2_mcu\EWARM\Release\Obj\LoRaMac.o
#        C:\Users\Daniluxa\Documents\GitHub\LIC\lic_epd_v2_mcu\EWARM\Release\Obj\LoRaMacAdr.o
#        C:\Users\Daniluxa\Documents\GitHub\LIC\lic_epd_v2_mcu\EWARM\Release\Obj\LoRaMacClassB.o
#        C:\Users\Daniluxa\Documents\GitHub\LIC\lic_epd_v2_mcu\EWARM\Release\Obj\LoRaMacCommands.o
#        C:\Users\Daniluxa\Documents\GitHub\LIC\lic_epd_v2_mcu\EWARM\Release\Obj\LoRaMacConfirmQueue.o
#        C:\Users\Daniluxa\Documents\GitHub\LIC\lic_epd_v2_mcu\EWARM\Release\Obj\LoRaMacCrypto.o
#        C:\Users\Daniluxa\Documents\GitHub\LIC\lic_epd_v2_mcu\EWARM\Release\Obj\LoRaMacParser.o
#        C:\Users\Daniluxa\Documents\GitHub\LIC\lic_epd_v2_mcu\EWARM\Release\Obj\LoRaMacSerializer.o
#        C:\Users\Daniluxa\Documents\GitHub\LIC\lic_epd_v2_mcu\EWARM\Release\Obj\low_power_manager.o
#        C:\Users\Daniluxa\Documents\GitHub\LIC\lic_epd_v2_mcu\EWARM\Release\Obj\lwip.o
#        C:\Users\Daniluxa\Documents\GitHub\LIC\lic_epd_v2_mcu\EWARM\Release\Obj\magma.o
#        C:\Users\Daniluxa\Documents\GitHub\LIC\lic_epd_v2_mcu\EWARM\Release\Obj\main.o
#        C:\Users\Daniluxa\Documents\GitHub\LIC\lic_epd_v2_mcu\EWARM\Release\Obj\mqtt_callbacks.o
#        C:\Users\Daniluxa\Documents\GitHub\LIC\lic_epd_v2_mcu\EWARM\Release\Obj\mqtt_stuff.o
#        C:\Users\Daniluxa\Documents\GitHub\LIC\lic_epd_v2_mcu\EWARM\Release\Obj\radio.o
#        C:\Users\Daniluxa\Documents\GitHub\LIC\lic_epd_v2_mcu\EWARM\Release\Obj\Region.o
#        C:\Users\Daniluxa\Documents\GitHub\LIC\lic_epd_v2_mcu\EWARM\Release\Obj\RegionCommon.o
#        C:\Users\Daniluxa\Documents\GitHub\LIC\lic_epd_v2_mcu\EWARM\Release\Obj\RegionEU868.o
#        C:\Users\Daniluxa\Documents\GitHub\LIC\lic_epd_v2_mcu\EWARM\Release\Obj\RegionRU864.o
#        C:\Users\Daniluxa\Documents\GitHub\LIC\lic_epd_v2_mcu\EWARM\Release\Obj\SC_lib.o
#        C:\Users\Daniluxa\Documents\GitHub\LIC\lic_epd_v2_mcu\EWARM\Release\Obj\sensors.o
#        C:\Users\Daniluxa\Documents\GitHub\LIC\lic_epd_v2_mcu\EWARM\Release\Obj\soft-se.o
#        C:\Users\Daniluxa\Documents\GitHub\LIC\lic_epd_v2_mcu\EWARM\Release\Obj\some_stuff.o
#        C:\Users\Daniluxa\Documents\GitHub\LIC\lic_epd_v2_mcu\EWARM\Release\Obj\sound.o
#        C:\Users\Daniluxa\Documents\GitHub\LIC\lic_epd_v2_mcu\EWARM\Release\Obj\startup_stm32f407xx.o
#        C:\Users\Daniluxa\Documents\GitHub\LIC\lic_epd_v2_mcu\EWARM\Release\Obj\stm32f4xx_hal.o
#        C:\Users\Daniluxa\Documents\GitHub\LIC\lic_epd_v2_mcu\EWARM\Release\Obj\stm32f4xx_hal_can.o
#        C:\Users\Daniluxa\Documents\GitHub\LIC\lic_epd_v2_mcu\EWARM\Release\Obj\stm32f4xx_hal_cortex.o
#        C:\Users\Daniluxa\Documents\GitHub\LIC\lic_epd_v2_mcu\EWARM\Release\Obj\stm32f4xx_hal_crc.o
#        C:\Users\Daniluxa\Documents\GitHub\LIC\lic_epd_v2_mcu\EWARM\Release\Obj\stm32f4xx_hal_dma.o
#        C:\Users\Daniluxa\Documents\GitHub\LIC\lic_epd_v2_mcu\EWARM\Release\Obj\stm32f4xx_hal_dma_ex.o
#        C:\Users\Daniluxa\Documents\GitHub\LIC\lic_epd_v2_mcu\EWARM\Release\Obj\stm32f4xx_hal_eth.o
#        C:\Users\Daniluxa\Documents\GitHub\LIC\lic_epd_v2_mcu\EWARM\Release\Obj\stm32f4xx_hal_exti.o
#        C:\Users\Daniluxa\Documents\GitHub\LIC\lic_epd_v2_mcu\EWARM\Release\Obj\stm32f4xx_hal_flash.o
#        C:\Users\Daniluxa\Documents\GitHub\LIC\lic_epd_v2_mcu\EWARM\Release\Obj\stm32f4xx_hal_flash_ex.o
#        C:\Users\Daniluxa\Documents\GitHub\LIC\lic_epd_v2_mcu\EWARM\Release\Obj\stm32f4xx_hal_flash_ramfunc.o
#        C:\Users\Daniluxa\Documents\GitHub\LIC\lic_epd_v2_mcu\EWARM\Release\Obj\stm32f4xx_hal_gpio.o
#        C:\Users\Daniluxa\Documents\GitHub\LIC\lic_epd_v2_mcu\EWARM\Release\Obj\stm32f4xx_hal_i2c.o
#        C:\Users\Daniluxa\Documents\GitHub\LIC\lic_epd_v2_mcu\EWARM\Release\Obj\stm32f4xx_hal_i2c_ex.o
#        C:\Users\Daniluxa\Documents\GitHub\LIC\lic_epd_v2_mcu\EWARM\Release\Obj\stm32f4xx_hal_iwdg.o
#        C:\Users\Daniluxa\Documents\GitHub\LIC\lic_epd_v2_mcu\EWARM\Release\Obj\stm32f4xx_hal_msp.o
#        C:\Users\Daniluxa\Documents\GitHub\LIC\lic_epd_v2_mcu\EWARM\Release\Obj\stm32f4xx_hal_pcd.o
#        C:\Users\Daniluxa\Documents\GitHub\LIC\lic_epd_v2_mcu\EWARM\Release\Obj\stm32f4xx_hal_pcd_ex.o
#        C:\Users\Daniluxa\Documents\GitHub\LIC\lic_epd_v2_mcu\EWARM\Release\Obj\stm32f4xx_hal_pwr.o
#        C:\Users\Daniluxa\Documents\GitHub\LIC\lic_epd_v2_mcu\EWARM\Release\Obj\stm32f4xx_hal_pwr_ex.o
#        C:\Users\Daniluxa\Documents\GitHub\LIC\lic_epd_v2_mcu\EWARM\Release\Obj\stm32f4xx_hal_rcc.o
#        C:\Users\Daniluxa\Documents\GitHub\LIC\lic_epd_v2_mcu\EWARM\Release\Obj\stm32f4xx_hal_rcc_ex.o
#        C:\Users\Daniluxa\Documents\GitHub\LIC\lic_epd_v2_mcu\EWARM\Release\Obj\stm32f4xx_hal_rtc.o
#        C:\Users\Daniluxa\Documents\GitHub\LIC\lic_epd_v2_mcu\EWARM\Release\Obj\stm32f4xx_hal_rtc_ex.o
#        C:\Users\Daniluxa\Documents\GitHub\LIC\lic_epd_v2_mcu\EWARM\Release\Obj\stm32f4xx_hal_sd.o
#        C:\Users\Daniluxa\Documents\GitHub\LIC\lic_epd_v2_mcu\EWARM\Release\Obj\stm32f4xx_hal_smartcard.o
#        C:\Users\Daniluxa\Documents\GitHub\LIC\lic_epd_v2_mcu\EWARM\Release\Obj\stm32f4xx_hal_spi.o
#        C:\Users\Daniluxa\Documents\GitHub\LIC\lic_epd_v2_mcu\EWARM\Release\Obj\stm32f4xx_hal_tim.o
#        C:\Users\Daniluxa\Documents\GitHub\LIC\lic_epd_v2_mcu\EWARM\Release\Obj\stm32f4xx_hal_tim_ex.o
#        C:\Users\Daniluxa\Documents\GitHub\LIC\lic_epd_v2_mcu\EWARM\Release\Obj\stm32f4xx_hal_uart.o
#        C:\Users\Daniluxa\Documents\GitHub\LIC\lic_epd_v2_mcu\EWARM\Release\Obj\stm32f4xx_it.o
#        C:\Users\Daniluxa\Documents\GitHub\LIC\lic_epd_v2_mcu\EWARM\Release\Obj\stm32f4xx_ll_sdmmc.o
#        C:\Users\Daniluxa\Documents\GitHub\LIC\lic_epd_v2_mcu\EWARM\Release\Obj\stm32f4xx_ll_usb.o
#        C:\Users\Daniluxa\Documents\GitHub\LIC\lic_epd_v2_mcu\EWARM\Release\Obj\sx126x.o
#        C:\Users\Daniluxa\Documents\GitHub\LIC\lic_epd_v2_mcu\EWARM\Release\Obj\sx126x_hal.o
#        C:\Users\Daniluxa\Documents\GitHub\LIC\lic_epd_v2_mcu\EWARM\Release\Obj\system_stm32f4xx.o
#        C:\Users\Daniluxa\Documents\GitHub\LIC\lic_epd_v2_mcu\EWARM\Release\Obj\systime.o
#        C:\Users\Daniluxa\Documents\GitHub\LIC\lic_epd_v2_mcu\EWARM\Release\Obj\timers.o
#        C:\Users\Daniluxa\Documents\GitHub\LIC\lic_epd_v2_mcu\EWARM\Release\Obj\timeServer.o
#        C:\Users\Daniluxa\Documents\GitHub\LIC\lic_epd_v2_mcu\EWARM\Release\Obj\usb_device.o
#        C:\Users\Daniluxa\Documents\GitHub\LIC\lic_epd_v2_mcu\EWARM\Release\Obj\usbd_cdc.o
#        C:\Users\Daniluxa\Documents\GitHub\LIC\lic_epd_v2_mcu\EWARM\Release\Obj\usbd_cdc_if.o
#        C:\Users\Daniluxa\Documents\GitHub\LIC\lic_epd_v2_mcu\EWARM\Release\Obj\usbd_conf.o
#        C:\Users\Daniluxa\Documents\GitHub\LIC\lic_epd_v2_mcu\EWARM\Release\Obj\usbd_core.o
#        C:\Users\Daniluxa\Documents\GitHub\LIC\lic_epd_v2_mcu\EWARM\Release\Obj\usbd_ctlreq.o
#        C:\Users\Daniluxa\Documents\GitHub\LIC\lic_epd_v2_mcu\EWARM\Release\Obj\usbd_desc.o
#        C:\Users\Daniluxa\Documents\GitHub\LIC\lic_epd_v2_mcu\EWARM\Release\Obj\usbd_ioreq.o
#        C:\Users\Daniluxa\Documents\GitHub\LIC\lic_epd_v2_mcu\EWARM\Release\Obj\utilities.o
#        C:\Users\Daniluxa\Documents\GitHub\LIC\lic_epd_v2_mcu\EWARM\Release\Obj\W25Qxx.o
#        C:\Users\Daniluxa\Documents\GitHub\LIC\lic_epd_v2_mcu\EWARM\Release\Obj\zigbee.o
#        --no_out_extension -o
#        "C:\Users\Daniluxa\Documents\GitHub\LIC\lic_epd_v2_mcu\EWARM\Release\Exe\EPD
#        v2.out" --redirect _Printf=_PrintfFullNoMb --redirect
#        _Scanf=_ScanfFullNoMb --map
#        "C:\Users\Daniluxa\Documents\GitHub\LIC\lic_epd_v2_mcu\EWARM\Release\List\EPD
#        v2.map" --config
#        C:\Users\Daniluxa\Documents\GitHub\LIC\lic_epd_v2_mcu\EWARM/stm32f407xx_flash.icf
#        --semihosting
#        C:\Users\Daniluxa\Documents\GitHub\LIC\lic_epd_v2_mcu\EWARM\..\Middlewares\Third_Party\LwIP\lwip.a
#        --entry __iar_program_start --vfe --text_out locale)
#
###############################################################################

*******************************************************************************
*** RUNTIME MODEL ATTRIBUTES
***

CppFlavor       = *
__Heap_Handler  = DLMalloc
__SystemLibrary = DLib
__dlib_version  = 6


*******************************************************************************
*** HEAP SELECTION
***

The advanced heap was selected because the application calls memory
allocation functions outside of system library functions, and there
are calls to deallocation functions in the application.


*******************************************************************************
*** PLACEMENT SUMMARY
***

"A0":  place at address 0x800'c000 { ro section .intvec };
"P1":  place in [from 0x800'c000 to 0x80f'ffff] { ro };
define block CSTACK with size = 16K, alignment = 8 { };
define block HEAP with size = 32K, alignment = 8 { };
"P2":  place in [from 0x2000'0000 to 0x2001'ffff] {
          rw, block CSTACK, block HEAP };
initialize by copy { rw };

  Section            Kind         Address      Size  Object
  -------            ----         -------      ----  ------
"A0":                                         0x194
  .intvec            ro code   0x800'c000     0x194  startup_stm32f407xx.o [1]
                             - 0x800'c194     0x194

"P1":                                      0x2'dfed
  .text              ro code   0x800'c194    0x3b3c  LoRaMac.o [1]
  .text              ro code   0x800'fcd0     0x2f8  timeServer.o [1]
  .text              ro code   0x800'ffc8     0x158  systime.o [1]
  .text              ro code   0x801'0120     0x27e  Region.o [1]
  .text              ro code   0x801'039e      0x6c  LoRaMacClassB.o [1]
  .text              ro code   0x801'040a      0x3a  zero_init3.o [5]
  .text              ro code   0x801'0444     0x600  soft-se.o [1]
  .text              ro code   0x801'0a44     0xbe8  LoRaMacCrypto.o [1]
  .text              ro code   0x801'162c     0x238  LoRaMacConfirmQueue.o [1]
  .text              ro code   0x801'1864     0x26c  LoRaMacParser.o [1]
  .text              ro code   0x801'1ad0      0x8e  utilities.o [1]
  .text              ro code   0x801'1b5e      0x1e  xsscin.o [2]
  .text              ro code   0x801'1b7c     0x324  LoRaMacCommands.o [1]
  .text              ro code   0x801'1ea0      0xa6  ABImemcpy.o [5]
  .text              ro code   0x801'1f46      0x14  memset.o [5]
  .text              ro code   0x801'1f5a     0x128  LoRaMacAdr.o [1]
  .text              ro code   0x801'2082       0xa  xsprout.o [2]
  .text              ro code   0x801'208c     0x4c0  hw_rtc.o [1]
  .text              ro code   0x801'254c     0xe38  RegionRU864.o [1]
  .text              ro code   0x801'3384     0x2b6  cmac.o [1]
  .rodata            const     0x801'363a       0x2  lora.o [1]
  .text              ro code   0x801'363c     0x58a  aes.o [1]
  .text              ro code   0x801'3bc6     0x1e2  LoRaMacSerializer.o [1]
  .text              ro code   0x801'3da8      0x66  ABImemset.o [5]
  .rodata            const     0x801'3e0e       0x2  lora.o [1]
  .text              ro code   0x801'3e10     0x744  stm32f4xx_hal_rtc.o [1]
  .text              ro code   0x801'4554      0x60  stm32f4xx_hal_rtc_ex.o [1]
  .text              ro code   0x801'45b4     0x230  I64DivMod.o [5]
  .text              ro code   0x801'47e4      0xa0  low_power_manager.o [1]
  .text              ro code   0x801'4884     0x6b0  RegionCommon.o [1]
  .text              ro code   0x801'4f34     0x52c  stm32f4xx_hal_msp.o [1]
  .text              ro code   0x801'5460       0xc  stm32f4xx_hal.o [1]
  .text              ro code   0x801'546c       0x2  stm32f4xx_hal_rtc.o [1]
  .text              ro code   0x801'546e       0x2  stm32f4xx_hal_rtc_ex.o [1]
  .text              ro code   0x801'5470       0x2  I64DivZer.o [5]
  .rodata            const     0x801'5472       0x2  lora.o [1]
  .text              ro code   0x801'5474      0x22  S32ToDbl.o [4]
  .rodata            const     0x801'5496       0x2  main.o [1]
  .text              ro code   0x801'5498      0x1a  U32ToDbl.o [4]
  .rodata            const     0x801'54b2       0x2  sx126x_hal.o [1]
  .text              ro code   0x801'54b4     0x246  DblDiv.o [4]
  .rodata            const     0x801'56fa       0x2  xlocale_c.o [2]
  .text              ro code   0x801'56fc     0x1a2  DblMul.o [4]
  .rodata            const     0x801'589e       0x2  xlocale_c.o [2]
  .text              ro code   0x801'58a0     0x17a  DblAdd.o [4]
  .rodata            const     0x801'5a1a       0x1  BQ25887.o [1]
  .rodata            const     0x801'5a1b       0x1  BQ25887.o [1]
  .text              ro code   0x801'5a1c      0x66  ceil.o [4]
  .rodata            const     0x801'5a82       0x1  radio.o [1]
  .rodata            const     0x801'5a83       0x1  xlocale_c.o [2]
  .text              ro code   0x801'5a84      0x28  DblToU32.o [4]
  .text              ro code   0x801'5aac      0xe2  DblSub.o [4]
  .text              ro code   0x801'5b90      0x3a  DblToS32.o [4]
  .text              ro code   0x801'5bcc      0x48  FltToDbl.o [4]
  .text              ro code   0x801'5c14      0x68  floor.o [4]
  .text              ro code   0x801'5c7c     0x468  stm32f4xx_hal_gpio.o [1]
  .text              ro code   0x801'60e4     0x160  stm32f4xx_hal_rcc_ex.o [1]
  .text              ro code   0x801'6244     0xd70  main.o [1]
  .text              ro code   0x801'6fb4     0x158  stm32f4xx_hal_cortex.o [1]
  .text              ro code   0x801'710c     0xab4  init.o [1]
  .text              ro code   0x801'7bc0     0x134  inputs.o [1]
  .text              ro code   0x801'7cf4     0x488  some_stuff.o [1]
  .text              ro code   0x801'817c      0x6a  stm32f4xx_hal_iwdg.o [1]
  .text              ro code   0x801'81e8     0x370  sound.o [1]
  .text              ro code   0x801'8558      0x28  stm32f4xx_hal.o [1]
  .text              ro code   0x801'8580     0x254  lwip.o [1]
  .text              ro code   0x801'87d4     0x87c  lora_stuff.o [1]
  .text              ro code   0x801'9050     0x686  sensors.o [1]
  .text              ro code   0x801'96d8      0xfc  usbd_cdc_if.o [1]
  .text              ro code   0x801'97d4     0x784  W25Qxx.o [1]
  .text              ro code   0x801'9f58     0x33e  eeprom_lib.o [1]
  .text              ro code   0x801'a298     0x124  hw_gpio.o [1]
  .text              ro code   0x801'a3bc     0x196  zigbee.o [1]
  .text              ro code   0x801'a554      0x54  stm32f4xx_hal.o [1]
  .text              ro code   0x801'a5a8      0x58  usb_device.o [1]
  .text              ro code   0x801'a600      0x84  timers.o [1]
  .text              ro code   0x801'a684      0xcc  ads1220_lib.o [1]
  .text              ro code   0x801'a750     0x654  gps.o [1]
  .text              ro code   0x801'ada4    0x2218  mqtt_stuff.o [1]
  .text              ro code   0x801'cfbc     0x3ec  stm32f4xx_hal_rcc.o [1]
  .text              ro code   0x801'd3a8     0x22c  stm32f4xx_hal_rcc.o [1]
  .text              ro code   0x801'd5d4      0x24  stm32f4xx_hal_crc.o [1]
  .text              ro code   0x801'd5f8    0x11e6  stm32f4xx_hal_i2c.o [1]
  .text              ro code   0x801'e7e0     0x818  stm32f4xx_hal_spi.o [1]
  .text              ro code   0x801'eff8     0x7c8  stm32f4xx_hal_tim.o [1]
  .text              ro code   0x801'f7c0      0xac  stm32f4xx_hal_tim_ex.o [1]
  .text              ro code   0x801'f86c     0x700  stm32f4xx_hal_uart.o [1]
  .text              ro code   0x801'ff6c    0x149c  dlmalloc.o [2]
  .text              ro code   0x802'1408       0x4  heaptramp0.o [2]
  .text              ro code   0x802'140c      0x28  sscanf.o [2]
  .text              ro code   0x802'1434     0x14c  iar_Stoulx.o [2]
  .text              ro code   0x802'1580      0x22  init.o [3]
  .text              ro code   0x802'15a4     0x3d0  netif.o [3]
  .text              ro code   0x802'1974     0x60c  ethernetif.o [1]
  .text              ro code   0x802'1f80    0x1524  dhcp.o [3]
  .text              ro code   0x802'34a4     0x1dc  timeouts.o [3]
  .text              ro code   0x802'3680     0x468  lora.o [1]
  .text              ro code   0x802'3ae8      0xe0  BQ25887.o [1]
  .text              ro code   0x802'3bc8      0xdc  at24mac402.o [1]
  .text              ro code   0x802'3ca4      0x36  strlen.o [5]
  .text              ro code   0x802'3cdc      0x18  strcpy.o [5]
  .text              ro code   0x802'3cf4     0x70c  usbd_cdc.o [1]
  .text              ro code   0x802'4400      0x4c  stm32f4xx_hal.o [1]
  .text              ro code   0x802'444c     0x5f0  usbd_core.o [1]
  .text              ro code   0x802'4a3c      0x28  strncmp.o [2]
  .text              ro code   0x802'4a64      0x12  strcmp.o [5]
  .text              ro code   0x802'4a78      0x40  sprintf.o [2]
  .text              ro code   0x802'4ab8      0x1e  strcat.o [2]
  .text              ro code   0x802'4ad8      0x68  memcmp.o [5]
  .text              ro code   0x802'4b40    0x11c0  mqtt.o [3]
  .text              ro code   0x802'5d00     0x168  mqtt_callbacks.o [1]
  .text              ro code   0x802'5e68       0x2  stm32f4xx_hal_tim.o [1]
  .text              ro code   0x802'5e6a       0x2  stm32f4xx_hal_tim.o [1]
  .text              ro code   0x802'5e6c       0x2  stm32f4xx_hal_tim.o [1]
  .text              ro code   0x802'5e6e       0x2  stm32f4xx_hal_tim_ex.o [1]
  .text              ro code   0x802'5e70       0x2  stm32f4xx_hal_tim.o [1]
  .text              ro code   0x802'5e72       0x2  stm32f4xx_hal_tim_ex.o [1]
  .text              ro code   0x802'5e74       0x6  abort.o [2]
  .text              ro code   0x802'5e7c      0x2c  xgetmemchunk.o [2]
  .text              ro code   0x802'5ea8     0xdb8  xscanffull_nomb.o [2]
  .text              ro code   0x802'6c60      0x14  isspace.o [2]
  .text              ro code   0x802'6c74      0x14  tolower.o [2]
  .text              ro code   0x802'6c88      0x58  memchr.o [5]
  .text              ro code   0x802'6ce0     0x4b0  mem.o [3]
  .text              ro code   0x802'7190     0x1bc  memp.o [3]
  .text              ro code   0x802'734c     0x688  udp.o [3]
  .text              ro code   0x802'79d4    0x128c  tcp.o [3]
  .text              ro code   0x802'8c60      0x28  printf.o [2]
  .text              ro code   0x802'8c88     0x814  etharp.o [3]
  .text              ro code   0x802'949c     0xca4  stm32f4xx_hal_eth.o [1]
  .text              ro code   0x802'a140     0x1e8  lan8742.o [1]
  .text              ro code   0x802'a328       0x6  ABImemclr4.o [5]
  .text              ro code   0x802'a330     0x8cc  pbuf.o [3]
  .text              ro code   0x802'abfc      0x26  def.o [3]
  .text              ro code   0x802'ac24      0x9c  rand.o [2]
  .text              ro code   0x802'acc0       0x6  ABImemclr.o [5]
  .text              ro code   0x802'acc8     0x332  lora-test.o [1]
  .text              ro code   0x802'affc     0x420  usbd_conf.o [1]
  .text              ro code   0x802'b41c      0xac  usbd_ioreq.o [1]
  .text              ro code   0x802'b4c8     0x9aa  usbd_ctlreq.o [1]
  .text              ro code   0x802'be74     0xfc2  xprintffull_nomb.o [2]
  .text              ro code   0x802'ce38    0x16ec  tcp_out.o [3]
  .text              ro code   0x802'e524      0x14  exit.o [6]
  .text              ro code   0x802'e538      0x16  strchr.o [5]
  .text              ro code   0x802'e54e      0x14  isalpha.o [2]
  .text              ro code   0x802'e564      0x4c  xlocale_c.o [2]
  .text              ro code   0x802'e5b0     0x4f8  strto64.o [4]
  .text              ro code   0x802'eaa8     0x13a  ldexp.o [4]
  .text              ro code   0x802'ebe4      0x68  DblToFlt.o [4]
  .text              ro code   0x802'ec4c     0x1b2  iar_Stoullx.o [2]
  .text              ro code   0x802'ee00      0xa6  iar_Stollx.o [2]
  .text              ro code   0x802'eea8      0x40  xfail_s.o [2]
  .text              ro code   0x802'eee8      0x32  ip4_addr.o [3]
  .text              ro code   0x802'ef1c     0x1cc  icmp.o [3]
  .text              ro code   0x802'f0e8     0x318  ip4.o [3]
  .text              ro code   0x802'f400    0x112c  tcp_in.o [3]
  .text              ro code   0x803'052c     0x114  ethernet.o [3]
  .text              ro code   0x803'0640      0x32  ABImemset48.o [5]
  .text              ro code   0x803'0674     0xe5c  stm32f4xx_hal_pcd.o [1]
  .text              ro code   0x803'14d0      0x7a  stm32f4xx_hal_pcd_ex.o [1]
  .text              ro code   0x803'154c      0x70  frexp.o [4]
  .text              ro code   0x803'15bc      0x2e  DblCmpLe.o [4]
  .text              ro code   0x803'15ec      0x2e  DblCmpGe.o [4]
  .text              ro code   0x803'161c      0x7c  iarttio.o [6]
  .text              ro code   0x803'1698     0x122  iar_Stopfx.o [2]
  .text              ro code   0x803'17bc     0x1b8  iar_Stoflt.o [2]
  .text              ro code   0x803'1974     0x208  iar_Stoxflt.o [2]
  .text              ro code   0x803'1b7c      0xb6  inet_chksum.o [3]
  .text              ro code   0x803'1c34     0x880  ip4_frag.o [3]
  .text              ro code   0x803'24b4    0x1128  stm32f4xx_ll_usb.o [1]
  .text              ro code   0x803'35dc      0x3c  XShttio.o [2]
  .text              ro code   0x803'3618     0xd38  radio.o [1]
  .text              ro code   0x803'4350     0x334  sx126x_hal.o [1]
  .text              ro code   0x803'4684     0x950  sx126x.o [1]
  .text              ro code   0x803'4fd4      0x74  nearbyint.o [4]
  .text              ro code   0x803'5048      0x58  hw_spi.o [1]
  .text              ro code   0x803'50a0      0x16  math_wrappers64.o [4]
  .text              ro code   0x803'50b8     0x6c4  pow64.o [4]
  .text              ro code   0x803'577c      0x20  DblCmpEq.o [4]
  .text              ro code   0x803'579c     0x3ac  iar_Exp64.o [4]
  .rodata            const     0x803'5b48     0x5fc  mqtt.o [3]
  .rodata            const     0x803'6144     0x55c  tcp_out.o [3]
  .rodata            const     0x803'66a0      0x7c  ip4.o [3]
  .rodata            const     0x803'6720     0x420  pow64.o [4]
  .rodata            const     0x803'6b40     0x370  tcp.o [3]
  .rodata            const     0x803'6eb0     0x204  pbuf.o [3]
  .rodata            const     0x803'70b4     0x1f0  dhcp.o [3]
  .rodata            const     0x803'72a4     0x1d8  tcp_in.o [3]
  .rodata            const     0x803'747c     0x1d4  etharp.o [3]
  .rodata            const     0x803'7650     0x1d0  mqtt_stuff.o [1]
  .rodata            const     0x803'7820     0x1b0  sound.o [1]
  .text              ro code   0x803'79d0     0x15e  usbd_desc.o [1]
  .rodata            const     0x803'7b30     0x158  mem.o [3]
  .rodata            const     0x803'7c88     0x110  udp.o [3]
  .rodata            const     0x803'7d98     0x100  aes.o [1]
  .rodata            const     0x803'7e98     0x100  aes.o [1]
  .rodata            const     0x803'7f98     0x100  aes.o [1]
  .rodata            const     0x803'8098     0x100  mqtt_stuff.o [1]
  .text              ro code   0x803'8198     0x100  stm32f4xx_it.o [1]
  .text              ro code   0x803'8298      0x18  stm32f4xx_hal.o [1]
  .rodata            const     0x803'82b0      0xec  timeouts.o [3]
  .rodata            const     0x803'839c      0xe4  icmp.o [3]
  .text              ro code   0x803'8480      0xd8  xfspos.o [2]
  .text              ro code   0x803'8558      0xac  fflush.o [2]
  .text              ro code   0x803'8604       0xc  xfgpos.o [2]
  .text              ro code   0x803'8610      0x4a  lseek.o [6]
  .text              ro code   0x803'865a      0x10  write.o [6]
  .text              ro code   0x803'866c      0xcc  XShHandles.o [2]
  .text              ro code   0x803'8738      0x1e  dwrite.o [6]
  .text              ro code   0x803'8756      0x20  iarwstd.o [6]
  .text              ro code   0x803'8776      0x22  iarwrite.o [6]
  .rodata            const     0x803'8798      0xd4  mqtt_stuff.o [1]
  .rodata            const     0x803'886c      0xd0  ip4_frag.o [3]
  .text              ro code   0x803'893c      0xb4  xfwprep.o [2]
  .text              ro code   0x803'89f0      0x24  fseek.o [2]
  .rodata            const     0x803'8a14      0xb0  radio.o [1]
  .rodata            const     0x803'8ac4      0xa0  netif.o [3]
  .text              ro code   0x803'8b64      0x9c  xfofind.o [2]
  .rodata            const     0x803'8c00      0x90  mqtt_stuff.o [1]
  .rodata            const     0x803'8c90      0x84  main.o [1]
  .rodata            const     0x803'8d14      0x80  ethernet.o [3]
  .text              ro code   0x803'8d94      0x7e  fclose.o [2]
  .text              ro code   0x803'8e12      0x18  close.o [6]
  .text              ro code   0x803'8e2a      0x14  remove.o [6]
  .text              ro code   0x803'8e3e      0x78  lz77_init_single.o [5]
  .rodata            const     0x803'8eb8      0x74  radio.o [1]
  .text              ro code   0x803'8f2c      0x54  fputc.o [2]
  .rodata            const     0x803'8f80      0x50  ethernetif.o [1]
  .rodata            const     0x803'8fd0      0x50  iar_Stoulx.o [2]
  .rodata            const     0x803'9020      0x50  iar_Stoullx.o [2]
  .rodata            const     0x803'9070      0x4c  memp.o [3]
  .rodata            const     0x803'90bc      0x48  sound.o [1]
  .rodata            const     0x803'9104      0x3c  mqtt_stuff.o [1]
  .rodata            const     0x803'9140      0x48  strto64.o [4]
  .rodata            const     0x803'9188      0x40  mqtt_stuff.o [1]
  .text              ro code   0x803'91c8      0x3c  xcloseall.o [2]
  .rodata            const     0x803'9204      0x38  mqtt_stuff.o [1]
  .rodata            const     0x803'923c      0x30  mqtt_stuff.o [1]
  .rodata            const     0x803'926c      0x30  mqtt_stuff.o [1]
  .rodata            const     0x803'929c      0x30  tcp.o [3]
  .rodata            const     0x803'92cc      0x28  ethernetif.o [1]
  .rodata            const     0x803'92f4      0x28  tcp.o [3]
  .rodata            const     0x803'931c      0x28  tcp.o [3]
  .rodata            const     0x803'9344      0x28  xscanffull_nomb.o [2]
  .text              ro code   0x803'936c      0x28  data_init.o [5]
  .rodata            const     0x803'9394      0x24  main.o [1]
  .rodata            const     0x803'93b8      0x24  main.o [1]
  .rodata            const     0x803'93dc      0x24  memp.o [3]
  .rodata            const     0x803'9400      0x24  netif.o [3]
  .rodata            const     0x803'9424      0x24  netif.o [3]
  .rodata            const     0x803'9448      0x24  pbuf.o [3]
  .rodata            const     0x803'946c      0x24  dhcp.o [3]
  .rodata            const     0x803'9490      0x24  xscanffull_nomb.o [2]
  .text              ro code   0x803'94b4      0x22  fpinit_M.o [4]
  .iar.init_table    const     0x803'94d8      0x20  - Linker created -
  .rodata            const     0x803'94f8      0x20  mqtt_stuff.o [1]
  .rodata            const     0x803'9518      0x20  RegionRU864.o [1]
  .text              ro code   0x803'9538      0x20  system_stm32f4xx.o [1]
  .text              ro code   0x803'9558      0x1e  cmain.o [5]
  .text              ro code   0x803'9576       0x4  low_level_init.o [2]
  .text              ro code   0x803'957a       0x4  exit.o [2]
  .text              ro code   0x803'9580       0xe  cexit.o [5]
  .rodata            const     0x803'9590      0x1c  mqtt_stuff.o [1]
  .rodata            const     0x803'95ac      0x1c  mqtt_stuff.o [1]
  .rodata            const     0x803'95c8      0x1c  mqtt_stuff.o [1]
  .rodata            const     0x803'95e4      0x1c  mqtt_stuff.o [1]
  .rodata            const     0x803'9600      0x18  ethernetif.o [1]
  .rodata            const     0x803'9618      0x18  mqtt_stuff.o [1]
  .rodata            const     0x803'9630      0x18  mqtt_stuff.o [1]
  .rodata            const     0x803'9648      0x18  mqtt_stuff.o [1]
  .rodata            const     0x803'9660      0x18  mqtt_stuff.o [1]
  .rodata            const     0x803'9678      0x18  mqtt_stuff.o [1]
  .rodata            const     0x803'9690      0x18  mqtt_stuff.o [1]
  .rodata            const     0x803'96a8      0x18  mqtt_stuff.o [1]
  .rodata            const     0x803'96c0      0x18  mqtt_stuff.o [1]
  .rodata            const     0x803'96d8      0x18  mqtt_stuff.o [1]
  .rodata            const     0x803'96f0      0x18  mqtt_stuff.o [1]
  .rodata            const     0x803'9708      0x18  mqtt_stuff.o [1]
  .rodata            const     0x803'9720      0x18  mqtt_stuff.o [1]
  .rodata            const     0x803'9738      0x18  mqtt_stuff.o [1]
  .rodata            const     0x803'9750      0x18  mqtt_stuff.o [1]
  .rodata            const     0x803'9768      0x18  usbd_desc.o [1]
  .text              ro code   0x803'9780      0x16  xprout.o [2]
  .text              ro code   0x803'9798       0xc  putchar.o [2]
  .rodata            const     0x803'97a4      0x14  lora.o [1]
  .rodata            const     0x803'97b8      0x14  lora.o [1]
  .rodata            const     0x803'97cc      0x14  mqtt_stuff.o [1]
  .rodata            const     0x803'97e0      0x14  mqtt_stuff.o [1]
  .rodata            const     0x803'97f4      0x14  mqtt_stuff.o [1]
  .rodata            const     0x803'9808      0x14  mqtt_stuff.o [1]
  .rodata            const     0x803'981c      0x14  mqtt_stuff.o [1]
  .rodata            const     0x803'9830      0x14  mqtt_stuff.o [1]
  .rodata            const     0x803'9844      0x14  usbd_desc.o [1]
  .rodata            const     0x803'9858      0x10  ethernetif.o [1]
  .rodata            const     0x803'9868      0x10  ethernetif.o [1]
  .rodata            const     0x803'9878      0x10  LoRaMac.o [1]
  .rodata            const     0x803'9888      0x10  mqtt_stuff.o [1]
  .rodata            const     0x803'9898      0x10  mqtt_stuff.o [1]
  .rodata            const     0x803'98a8      0x10  mqtt_stuff.o [1]
  .rodata            const     0x803'98b8      0x10  mqtt_stuff.o [1]
  .rodata            const     0x803'98c8      0x10  mqtt_stuff.o [1]
  .rodata            const     0x803'98d8      0x10  mqtt_stuff.o [1]
  .rodata            const     0x803'98e8      0x10  RegionRU864.o [1]
  .rodata            const     0x803'98f8      0x10  system_stm32f4xx.o [1]
  .rodata            const     0x803'9908      0x10  usbd_desc.o [1]
  .rodata            const     0x803'9918      0x10  memp.o [3]
  .rodata            const     0x803'9928      0x10  memp.o [3]
  .rodata            const     0x803'9938      0x10  memp.o [3]
  .rodata            const     0x803'9948      0x10  memp.o [3]
  .rodata            const     0x803'9958      0x10  memp.o [3]
  .rodata            const     0x803'9968      0x10  memp.o [3]
  .rodata            const     0x803'9978      0x10  memp.o [3]
  .rodata            const     0x803'9988      0x10  memp.o [3]
  .rodata            const     0x803'9998      0x10  memp.o [3]
  .rodata            const     0x803'99a8      0x10  memp.o [3]
  .rodata            const     0x803'99b8      0x10  memp.o [3]
  .text              ro code   0x803'99c8      0x10  startup_stm32f407xx.o [1]
  .rodata            const     0x803'99d8       0xc  hw_rtc.o [1]
  .rodata            const     0x803'99e4       0xc  hw_rtc.o [1]
  .rodata            const     0x803'99f0       0xc  init.o [1]
  .rodata            const     0x803'99fc       0xc  lora.o [1]
  .rodata            const     0x803'9a08       0xc  main.o [1]
  .rodata            const     0x803'9a14       0xc  mqtt_stuff.o [1]
  .rodata            const     0x803'9a20       0xc  mqtt_stuff.o [1]
  .rodata            const     0x803'9a2c       0xc  mqtt_stuff.o [1]
  .rodata            const     0x803'9a38       0xc  mqtt_stuff.o [1]
  .rodata            const     0x803'9a44       0xc  mqtt_stuff.o [1]
  .rodata            const     0x803'9a50       0xc  mqtt_stuff.o [1]
  .rodata            const     0x803'9a5c       0xc  mqtt_stuff.o [1]
  .rodata            const     0x803'9a68       0xc  mqtt_stuff.o [1]
  .rodata            const     0x803'9a74       0xc  mqtt_stuff.o [1]
  .rodata            const     0x803'9a80       0xc  mqtt_stuff.o [1]
  .rodata            const     0x803'9a8c       0xc  RegionRU864.o [1]
  .rodata            const     0x803'9a98       0xc  RegionRU864.o [1]
  .rodata            const     0x803'9aa4       0xc  RegionRU864.o [1]
  .rodata            const     0x803'9ab0       0xc  RegionRU864.o [1]
  .rodata            const     0x803'9abc       0xc  usbd_desc.o [1]
  .rodata            const     0x803'9ac8       0xc  memp.o [3]
  .rodata            const     0x803'9ad4       0xc  memp.o [3]
  .rodata            const     0x803'9ae0       0xc  memp.o [3]
  .rodata            const     0x803'9aec       0xc  memp.o [3]
  .text              ro code   0x803'9af8       0xc  cstartup_M.o [5]
  .rodata            const     0x803'9b04       0x8  ads1220_lib.o [1]
  .rodata            const     0x803'9b0c       0x8  init.o [1]
  .rodata            const     0x803'9b14       0x8  init.o [1]
  .rodata            const     0x803'9b1c       0x8  lora.o [1]
  .rodata            const     0x803'9b24       0x8  lora.o [1]
  .rodata            const     0x803'9b2c       0x8  main.o [1]
  .rodata            const     0x803'9b34       0x8  mqtt_stuff.o [1]
  .rodata            const     0x803'9b3c       0x8  mqtt_stuff.o [1]
  .rodata            const     0x803'9b44       0x8  mqtt_stuff.o [1]
  .rodata            const     0x803'9b4c       0x8  mqtt_stuff.o [1]
  .rodata            const     0x803'9b54       0x8  mqtt_stuff.o [1]
  .rodata            const     0x803'9b5c       0x8  mqtt_stuff.o [1]
  .rodata            const     0x803'9b64       0x8  mqtt_stuff.o [1]
  .rodata            const     0x803'9b6c       0x8  mqtt_stuff.o [1]
  .rodata            const     0x803'9b74       0x8  mqtt_stuff.o [1]
  .rodata            const     0x803'9b7c       0x8  mqtt_stuff.o [1]
  .rodata            const     0x803'9b84       0x8  mqtt_stuff.o [1]
  .rodata            const     0x803'9b8c       0x8  mqtt_stuff.o [1]
  .rodata            const     0x803'9b94       0x8  mqtt_stuff.o [1]
  .rodata            const     0x803'9b9c       0x8  mqtt_stuff.o [1]
  .rodata            const     0x803'9ba4       0x8  mqtt_stuff.o [1]
  .rodata            const     0x803'9bac       0x8  mqtt_stuff.o [1]
  .rodata            const     0x803'9bb4       0x8  mqtt_stuff.o [1]
  .rodata            const     0x803'9bbc       0x8  mqtt_stuff.o [1]
  .rodata            const     0x803'9bc4       0x8  mqtt_stuff.o [1]
  .rodata            const     0x803'9bcc       0x8  mqtt_stuff.o [1]
  .rodata            const     0x803'9bd4       0x8  mqtt_stuff.o [1]
  .rodata            const     0x803'9bdc       0x8  mqtt_stuff.o [1]
  .rodata            const     0x803'9be4       0x8  mqtt_stuff.o [1]
  .rodata            const     0x803'9bec       0x8  mqtt_stuff.o [1]
  .rodata            const     0x803'9bf4       0x8  mqtt_stuff.o [1]
  .rodata            const     0x803'9bfc       0x8  mqtt_stuff.o [1]
  .rodata            const     0x803'9c04       0x8  mqtt_stuff.o [1]
  .rodata            const     0x803'9c0c       0x8  mqtt_stuff.o [1]
  .rodata            const     0x803'9c14       0x8  mqtt_stuff.o [1]
  .rodata            const     0x803'9c1c       0x8  mqtt_stuff.o [1]
  .rodata            const     0x803'9c24       0x8  mqtt_stuff.o [1]
  .rodata            const     0x803'9c2c       0x8  mqtt_stuff.o [1]
  .rodata            const     0x803'9c34       0x8  mqtt_stuff.o [1]
  .rodata            const     0x803'9c3c       0x8  mqtt_stuff.o [1]
  .rodata            const     0x803'9c44       0x8  mqtt_stuff.o [1]
  .rodata            const     0x803'9c4c       0x8  mqtt_stuff.o [1]
  .rodata            const     0x803'9c54       0x8  mqtt_stuff.o [1]
  .rodata            const     0x803'9c5c       0x8  mqtt_stuff.o [1]
  .rodata            const     0x803'9c64       0x8  mqtt_stuff.o [1]
  .rodata            const     0x803'9c6c       0x8  radio.o [1]
  .rodata            const     0x803'9c74       0x8  radio.o [1]
  .rodata            const     0x803'9c7c       0x8  RegionRU864.o [1]
  .rodata            const     0x803'9c84       0x8  RegionRU864.o [1]
  .rodata            const     0x803'9c8c       0x8  RegionRU864.o [1]
  .rodata            const     0x803'9c94       0x8  sensors.o [1]
  .rodata            const     0x803'9c9c       0x8  sensors.o [1]
  .rodata            const     0x803'9ca4       0x8  system_stm32f4xx.o [1]
  .rodata            const     0x803'9cac       0x8  systime.o [1]
  .rodata            const     0x803'9cb4       0x8  systime.o [1]
  .rodata            const     0x803'9cbc       0x8  systime.o [1]
  .rodata            const     0x803'9cc4       0x8  systime.o [1]
  .rodata            const     0x803'9ccc       0x8  systime.o [1]
  .rodata            const     0x803'9cd4       0x8  systime.o [1]
  .rodata            const     0x803'9cdc       0x8  W25Qxx.o [1]
  .rodata            const     0x803'9ce4       0x8  W25Qxx.o [1]
  .rodata            const     0x803'9cec       0x8  memp.o [3]
  .rodata            const     0x803'9cf4       0x8  memp.o [3]
  .rodata            const     0x803'9cfc       0x8  memp.o [3]
  .rodata            const     0x803'9d04       0x8  ethernet.o [3]
  .rodata            const     0x803'9d0c       0x8  xprintffull_nomb.o [2]
  .rodata            const     0x803'9d14       0x4  radio.o [1]
  .rodata            const     0x803'9d18       0x4  Region.o [1]
  .rodata            const     0x803'9d1c       0x4  RegionRU864.o [1]
  .rodata            const     0x803'9d20       0x4  sx126x_hal.o [1]
  .rodata            const     0x803'9d24       0x4  sx126x_hal.o [1]
  .rodata            const     0x803'9d28       0x4  sx126x_hal.o [1]
  .rodata            const     0x803'9d2c       0x4  W25Qxx.o [1]
  .rodata            const     0x803'9d30       0x4  W25Qxx.o [1]
  .rodata            const     0x803'9d34       0x4  ip4_addr.o [3]
  .rodata            const     0x803'9d38       0x4  ip4_addr.o [3]
  .text              ro code   0x803'9d3c       0x4  startup_stm32f407xx.o [1]
  .text              ro code   0x803'9d40       0x4  startup_stm32f407xx.o [1]
  .text              ro code   0x803'9d44       0x4  startup_stm32f407xx.o [1]
  .text              ro code   0x803'9d48       0x4  startup_stm32f407xx.o [1]
  .text              ro code   0x803'9d4c       0x4  startup_stm32f407xx.o [1]
  .text              ro code   0x803'9d50       0x4  startup_stm32f407xx.o [1]
  .text              ro code   0x803'9d54       0x4  startup_stm32f407xx.o [1]
  .text              ro code   0x803'9d58       0x4  startup_stm32f407xx.o [1]
  .text              ro code   0x803'9d5c       0x4  startup_stm32f407xx.o [1]
  .text              ro code   0x803'9d60       0x4  startup_stm32f407xx.o [1]
  .text              ro code   0x803'9d64       0x4  startup_stm32f407xx.o [1]
  .text              ro code   0x803'9d68       0x4  startup_stm32f407xx.o [1]
  .text              ro code   0x803'9d6c       0x4  startup_stm32f407xx.o [1]
  .text              ro code   0x803'9d70       0x4  startup_stm32f407xx.o [1]
  .text              ro code   0x803'9d74       0x4  startup_stm32f407xx.o [1]
  .text              ro code   0x803'9d78       0x4  startup_stm32f407xx.o [1]
  .text              ro code   0x803'9d7c       0x4  startup_stm32f407xx.o [1]
  .text              ro code   0x803'9d80       0x4  startup_stm32f407xx.o [1]
  .text              ro code   0x803'9d84       0x4  startup_stm32f407xx.o [1]
  .text              ro code   0x803'9d88       0x4  startup_stm32f407xx.o [1]
  .text              ro code   0x803'9d8c       0x4  startup_stm32f407xx.o [1]
  .text              ro code   0x803'9d90       0x4  startup_stm32f407xx.o [1]
  .text              ro code   0x803'9d94       0x4  startup_stm32f407xx.o [1]
  .text              ro code   0x803'9d98       0x4  startup_stm32f407xx.o [1]
  .text              ro code   0x803'9d9c       0x4  startup_stm32f407xx.o [1]
  .text              ro code   0x803'9da0       0x4  startup_stm32f407xx.o [1]
  .text              ro code   0x803'9da4       0x4  startup_stm32f407xx.o [1]
  .text              ro code   0x803'9da8       0x4  startup_stm32f407xx.o [1]
  .text              ro code   0x803'9dac       0x4  startup_stm32f407xx.o [1]
  .text              ro code   0x803'9db0       0x4  startup_stm32f407xx.o [1]
  .text              ro code   0x803'9db4       0x4  startup_stm32f407xx.o [1]
  .text              ro code   0x803'9db8       0x4  startup_stm32f407xx.o [1]
  .text              ro code   0x803'9dbc       0x4  startup_stm32f407xx.o [1]
  .text              ro code   0x803'9dc0       0x4  startup_stm32f407xx.o [1]
  .text              ro code   0x803'9dc4       0x4  startup_stm32f407xx.o [1]
  .text              ro code   0x803'9dc8       0x4  startup_stm32f407xx.o [1]
  .text              ro code   0x803'9dcc       0x4  startup_stm32f407xx.o [1]
  .text              ro code   0x803'9dd0       0x4  startup_stm32f407xx.o [1]
  .text              ro code   0x803'9dd4       0x4  startup_stm32f407xx.o [1]
  .text              ro code   0x803'9dd8       0x4  startup_stm32f407xx.o [1]
  .text              ro code   0x803'9ddc       0x4  startup_stm32f407xx.o [1]
  .text              ro code   0x803'9de0       0x4  startup_stm32f407xx.o [1]
  .text              ro code   0x803'9de4       0x4  startup_stm32f407xx.o [1]
  .text              ro code   0x803'9de8       0x4  startup_stm32f407xx.o [1]
  .text              ro code   0x803'9dec       0x4  startup_stm32f407xx.o [1]
  .text              ro code   0x803'9df0       0x4  startup_stm32f407xx.o [1]
  .text              ro code   0x803'9df4       0x4  startup_stm32f407xx.o [1]
  .text              ro code   0x803'9df8       0x4  startup_stm32f407xx.o [1]
  .text              ro code   0x803'9dfc       0x4  startup_stm32f407xx.o [1]
  .text              ro code   0x803'9e00       0x4  startup_stm32f407xx.o [1]
  .text              ro code   0x803'9e04       0x4  startup_stm32f407xx.o [1]
  .text              ro code   0x803'9e08       0x4  startup_stm32f407xx.o [1]
  .text              ro code   0x803'9e0c       0x4  startup_stm32f407xx.o [1]
  .text              ro code   0x803'9e10       0x4  startup_stm32f407xx.o [1]
  .text              ro code   0x803'9e14       0x4  startup_stm32f407xx.o [1]
  .text              ro code   0x803'9e18       0x4  startup_stm32f407xx.o [1]
  .text              ro code   0x803'9e1c       0x4  startup_stm32f407xx.o [1]
  .text              ro code   0x803'9e20       0x4  startup_stm32f407xx.o [1]
  .text              ro code   0x803'9e24       0x4  startup_stm32f407xx.o [1]
  .text              ro code   0x803'9e28       0x4  startup_stm32f407xx.o [1]
  .text              ro code   0x803'9e2c       0x4  startup_stm32f407xx.o [1]
  .text              ro code   0x803'9e30       0x4  startup_stm32f407xx.o [1]
  .text              ro code   0x803'9e34       0x4  startup_stm32f407xx.o [1]
  .text              ro code   0x803'9e38       0x4  startup_stm32f407xx.o [1]
  .text              ro code   0x803'9e3c       0x4  startup_stm32f407xx.o [1]
  .text              ro code   0x803'9e40       0x4  startup_stm32f407xx.o [1]
  .text              ro code   0x803'9e44       0x4  startup_stm32f407xx.o [1]
  .text              ro code   0x803'9e48       0x4  startup_stm32f407xx.o [1]
  .text              ro code   0x803'9e4c       0x4  startup_stm32f407xx.o [1]
  .text              ro code   0x803'9e50       0x4  startup_stm32f407xx.o [1]
  .text              ro code   0x803'9e54       0x4  startup_stm32f407xx.o [1]
  .text              ro code   0x803'9e58       0x4  startup_stm32f407xx.o [1]
  .text              ro code   0x803'9e5c       0x4  startup_stm32f407xx.o [1]
  .text              ro code   0x803'9e60       0x4  startup_stm32f407xx.o [1]
  .text              ro code   0x803'9e64       0x4  startup_stm32f407xx.o [1]
  .text              ro code   0x803'9e68       0x4  startup_stm32f407xx.o [1]
  .text              ro code   0x803'9e6c       0x0  cstart_closeall.o [5]
  .rodata            const     0x803'9e6c       0x0  zero_init3.o [5]
  .rodata            const     0x803'9e6c       0x0  lz77_init_single.o [5]
  Initializer bytes  const     0x803'9e6c     0x315  <for P2-1>
                             - 0x803'a181  0x2'dfed

"P2", part 1 of 3:                            0xe3a
  P2-1                        0x2000'0000     0xe3a  <Init block>
    .data            inited   0x2000'0000      0x90  radio.o [1]
    .data            inited   0x2000'0090       0x4  ads1220_lib.o [1]
    .data            inited   0x2000'0094      0x14  ethernetif.o [1]
    .data            inited   0x2000'00a8      0x20  gps.o [1]
    .data            inited   0x2000'00c8      0x20  gps.o [1]
    .data            inited   0x2000'00e8      0x20  gps.o [1]
    .data            inited   0x2000'0108      0x20  gps.o [1]
    .data            inited   0x2000'0128      0x20  gps.o [1]
    .data            inited   0x2000'0148      0x20  gps.o [1]
    .data            inited   0x2000'0168      0x1c  gps.o [1]
    .data            inited   0x2000'0184       0x8  gps.o [1]
    .data            inited   0x2000'018c       0x8  gps.o [1]
    .data            inited   0x2000'0194       0x8  lora_stuff.o [1]
    .data            inited   0x2000'019c      0x2c  lora_stuff.o [1]
    .data            inited   0x2000'01c8      0x24  lora_stuff.o [1]
    .data            inited   0x2000'01ec      0x14  LoRaMacCrypto.o [1]
    .data            inited   0x2000'0200     0x928  main.o [1]
    .data            inited   0x2000'0b28      0x10  main.o [1]
    .data            inited   0x2000'0b38       0x4  main.o [1]
    .data            inited   0x2000'0b3c       0x4  main.o [1]
    .data            inited   0x2000'0b40       0x4  main.o [1]
    .data            inited   0x2000'0b44       0x4  main.o [1]
    .data            inited   0x2000'0b48       0x4  main.o [1]
    .data            inited   0x2000'0b4c       0x4  main.o [1]
    .data            inited   0x2000'0b50       0x4  main.o [1]
    .data            inited   0x2000'0b54       0x4  main.o [1]
    .data            inited   0x2000'0b58       0x4  main.o [1]
    .data            inited   0x2000'0b5c       0x4  main.o [1]
    .data            inited   0x2000'0b60       0x4  main.o [1]
    .data            inited   0x2000'0b64       0xc  mqtt_stuff.o [1]
    .data            inited   0x2000'0b70       0x4  mqtt_stuff.o [1]
    .data            inited   0x2000'0b74       0x4  sound.o [1]
    .data            inited   0x2000'0b78       0x4  sound.o [1]
    .data            inited   0x2000'0b7c       0x4  stm32f4xx_hal.o [1]
    .data            inited   0x2000'0b80       0x4  system_stm32f4xx.o [1]
    .data            inited   0x2000'0b84       0xc  usbd_cdc.o [1]
    .data            inited   0x2000'0b90      0x38  usbd_cdc.o [1]
    .data            inited   0x2000'0bc8      0x44  usbd_cdc.o [1]
    .data            inited   0x2000'0c0c      0x14  usbd_cdc_if.o [1]
    .data            inited   0x2000'0c20      0x1c  usbd_desc.o [1]
    .data            inited   0x2000'0c3c      0x14  usbd_desc.o [1]
    .data            inited   0x2000'0c50       0x4  usbd_desc.o [1]
    .data            inited   0x2000'0c54      0x1c  usbd_desc.o [1]
    .data            inited   0x2000'0c70       0x4  utilities.o [1]
    .data            inited   0x2000'0c74      0x10  dhcp.o [3]
    .data            inited   0x2000'0c84      0x1c  tcp.o [3]
    .data            inited   0x2000'0ca0       0x8  udp.o [3]
    .data            inited   0x2000'0ca8       0x8  rand.o [2]
    .data            inited   0x2000'0cb0      0x38  xlocale_c.o [2]
    .data            inited   0x2000'0ce8      0x48  xlocale_c.o [2]
    .data            inited   0x2000'0d30      0x48  xfiles.o [2]
    .data            inited   0x2000'0d78      0x48  xfiles.o [2]
    .data            inited   0x2000'0dc0      0x48  xfiles.o [2]
    .data            inited   0x2000'0e08      0x20  xfiles.o [2]
    .data            inited   0x2000'0e28       0x8  XShttio.o [2]
    .data            inited   0x2000'0e30       0x2  tcp.o [3]
    .data            inited   0x2000'0e32       0x1  gps.o [1]
    .data            inited   0x2000'0e33       0x1  lora_stuff.o [1]
    .data            inited   0x2000'0e34       0x1  mqtt_stuff.o [1]
    .data            inited   0x2000'0e35       0x1  radio.o [1]
    .data            inited   0x2000'0e36       0x1  stm32f4xx_hal.o [1]
    .data            inited   0x2000'0e37       0x1  usbd_cdc.o [1]
    .data            inited   0x2000'0e38       0x1  usbd_cdc.o [1]
    .data            inited   0x2000'0e39       0x1  usbd_cdc.o [1]
                            - 0x2000'0e3a     0xe3a

"P2", part 2 of 3:                           0xfdb0
  .bss               zero     0x2000'0e3c    0x5fc4  memp.o [3]
  .bss               zero     0x2000'6e00    0x3d44  ethernetif.o [1]
  .bss               zero     0x2000'ab44    0x1020  mem.o [3]
  .bss               zero     0x2000'bb64     0x800  usbd_cdc_if.o [1]
  .bss               zero     0x2000'c364     0x800  usbd_cdc_if.o [1]
  .bss               zero     0x2000'cb64     0x50c  usbd_conf.o [1]
  .bss               zero     0x2000'd070     0x488  LoRaMac.o [1]
  .bss               zero     0x2000'd4f8     0x400  some_stuff.o [1]
  .bss               zero     0x2000'd8f8     0x3c4  soft-se.o [1]
  .bss               zero     0x2000'dcbc     0x300  main.o [1]
  .bss               zero     0x2000'dfbc     0x2f0  mqtt_stuff.o [1]
  .bss               zero     0x2000'e2ac     0x2dc  usb_device.o [1]
  .bss               zero     0x2000'e588     0x264  memp.o [3]
  .bss               zero     0x2000'e7ec     0x220  usbd_conf.o [1]
  .bss               zero     0x2000'ea0c     0x200  mqtt_callbacks.o [1]
  .bss               zero     0x2000'ec0c     0x200  usbd_desc.o [1]
  .bss               zero     0x2000'ee0c     0x1dc  LoRaMac.o [1]
  .bss               zero     0x2000'efe8     0x1d8  dlmalloc.o [2]
  .bss               zero     0x2000'f1c0     0x190  timers.o [1]
  .bss               zero     0x2000'f350     0x16c  memp.o [3]
  .bss               zero     0x2000'f4bc     0x144  memp.o [3]
  .bss               zero     0x2000'f600     0x104  memp.o [3]
  .bss               zero     0x2000'f704     0x100  main.o [1]
  .bss               zero     0x2000'f804     0x100  mqtt_callbacks.o [1]
  .bss               zero     0x2000'f904     0x100  radio.o [1]
  .bss               zero     0x2000'fa04      0xfc  lora-test.o [1]
  .bss               zero     0x2000'fb00      0xfc  LoRaMacCommands.o [1]
  .bss               zero     0x2000'fbfc      0xf0  etharp.o [3]
  .bss               zero     0x2000'fcec      0xb0  ethernetif.o [1]
  .bss               zero     0x2000'fd9c      0xa4  memp.o [3]
  .bss               zero     0x2000'fe40      0xa4  memp.o [3]
  .bss               zero     0x2000'fee4      0xa0  ethernetif.o [1]
  .bss               zero     0x2000'ff84      0xa0  ethernetif.o [1]
  .bss               zero     0x2001'0024      0x84  memp.o [3]
  .bss               zero     0x2001'00a8      0x84  rand.o [2]
  .bss               zero     0x2001'012c      0x80  lora_stuff.o [1]
  .bss               zero     0x2001'01ac      0x80  XShHandles.o [2]
  .bss               zero     0x2001'022c      0x74  RegionRU864.o [1]
  .bss               zero     0x2001'02a0      0x74  memp.o [3]
  .bss               zero     0x2001'0314      0x58  init.o [1]
  .bss               zero     0x2001'036c      0x54  init.o [1]
  .bss               zero     0x2001'03c0      0x50  xfiles.o [2]
  .bss               zero     0x2001'0410      0x50  xfiles.o [2]
  .bss               zero     0x2001'0460      0x48  init.o [1]
  .bss               zero     0x2001'04a8      0x48  init.o [1]
  .bss               zero     0x2001'04f0      0x48  init.o [1]
  .bss               zero     0x2001'0538      0x44  init.o [1]
  .bss               zero     0x2001'057c      0x44  init.o [1]
  .bss               zero     0x2001'05c0      0x44  init.o [1]
  .bss               zero     0x2001'0604      0x40  hw_gpio.o [1]
  .bss               zero     0x2001'0644      0x3c  radio.o [1]
  .bss               zero     0x2001'0680      0x3c  tcp_in.o [3]
  .bss               zero     0x2001'06bc      0x38  ethernetif.o [1]
  .bss               zero     0x2001'06f4      0x38  lora_stuff.o [1]
  .bss               zero     0x2001'072c      0x38  LoRaMac.o [1]
  .bss               zero     0x2001'0764      0x38  lwip.o [1]
  .bss               zero     0x2001'079c      0x34  LoRaMacCrypto.o [1]
  .bss               zero     0x2001'07d0      0x28  hw_rtc.o [1]
  .bss               zero     0x2001'07f8      0x28  sensors.o [1]
  .bss               zero     0x2001'0820      0x28  sensors.o [1]
  .bss               zero     0x2001'0848      0x28  sensors.o [1]
  .bss               zero     0x2001'0870      0x28  W25Qxx.o [1]
  .bss               zero     0x2001'0898      0x28  dhcp.o [3]
  .bss               zero     0x2001'08c0      0x24  gps.o [1]
  .bss               zero     0x2001'08e4      0x20  ethernetif.o [1]
  .bss               zero     0x2001'0904      0x20  hw_rtc.o [1]
  .bss               zero     0x2001'0924      0x20  init.o [1]
  .bss               zero     0x2001'0944      0x20  lora.o [1]
  .bss               zero     0x2001'0964      0x1c  hw_rtc.o [1]
  .bss               zero     0x2001'0980      0x1c  mqtt_stuff.o [1]
  .bss               zero     0x2001'099c      0x18  lora-test.o [1]
  .bss               zero     0x2001'09b4      0x18  LoRaMacConfirmQueue.o [1]
  .bss               zero     0x2001'09cc      0x18  radio.o [1]
  .bss               zero     0x2001'09e4      0x18  radio.o [1]
  .bss               zero     0x2001'09fc      0x18  ip.o [3]
  .bss               zero     0x2001'0a14      0x18  dlmalloc.o [2]
  .bss               zero     0x2001'0a2c      0x14  LoRaMacConfirmQueue.o [1]
  .bss               zero     0x2001'0a40      0x14  mqtt_stuff.o [1]
  .bss               zero     0x2001'0a54      0x14  radio.o [1]
  .bss               zero     0x2001'0a68      0x14  some_stuff.o [1]
  .bss               zero     0x2001'0a7c      0x10  lora.o [1]
  .bss               zero     0x2001'0a8c      0x10  lora.o [1]
  .bss               zero     0x2001'0a9c      0x10  LoRaMac.o [1]
  .bss               zero     0x2001'0aac      0x10  zigbee.o [1]
  .bss               zero     0x2001'0abc       0xc  init.o [1]
  .bss               zero     0x2001'0ac8       0xc  LoRaMacCrypto.o [1]
  .bss               zero     0x2001'0ad4       0xc  netif.o [3]
  .bss               zero     0x2001'0ae0       0x8  init.o [1]
  .bss               zero     0x2001'0ae8       0x8  timeouts.o [3]
  .bss               zero     0x2001'0af0       0x8  ip4_frag.o [3]
  .bss               zero     0x2001'0af8       0x4  ethernetif.o [1]
  .bss               zero     0x2001'0afc       0x4  inputs.o [1]
  .bss               zero     0x2001'0b00       0x4  inputs.o [1]
  .bss               zero     0x2001'0b04       0x4  lora.o [1]
  .bss               zero     0x2001'0b08       0x4  lora.o [1]
  .bss               zero     0x2001'0b0c       0x4  lora_stuff.o [1]
  .bss               zero     0x2001'0b10       0x4  lora_stuff.o [1]
  .bss               zero     0x2001'0b14       0x4  lora_stuff.o [1]
  .bss               zero     0x2001'0b18       0x4  lora_stuff.o [1]
  .bss               zero     0x2001'0b1c       0x4  lora_stuff.o [1]
  .bss               zero     0x2001'0b20       0x4  lora_stuff.o [1]
  .bss               zero     0x2001'0b24       0x4  lora_stuff.o [1]
  .bss               zero     0x2001'0b28       0x4  lora_stuff.o [1]
  .bss               zero     0x2001'0b2c       0x4  LoRaMac.o [1]
  .bss               zero     0x2001'0b30       0x4  LoRaMac.o [1]
  .bss               zero     0x2001'0b34       0x4  LoRaMacCommands.o [1]
  .bss               zero     0x2001'0b38       0x4  low_power_manager.o [1]
  .bss               zero     0x2001'0b3c       0x4  low_power_manager.o [1]
  .bss               zero     0x2001'0b40       0x4  lwip.o [1]
  .bss               zero     0x2001'0b44       0x4  lwip.o [1]
  .bss               zero     0x2001'0b48       0x4  lwip.o [1]
  .bss               zero     0x2001'0b4c       0x4  lwip.o [1]
  .bss               zero     0x2001'0b50       0x4  main.o [1]
  .bss               zero     0x2001'0b54       0x4  main.o [1]
  .bss               zero     0x2001'0b58       0x4  main.o [1]
  .bss               zero     0x2001'0b5c       0x4  main.o [1]
  .bss               zero     0x2001'0b60       0x4  mqtt_callbacks.o [1]
  .bss               zero     0x2001'0b64       0x4  mqtt_stuff.o [1]
  .bss               zero     0x2001'0b68       0x4  radio.o [1]
  .bss               zero     0x2001'0b6c       0x4  radio.o [1]
  .bss               zero     0x2001'0b70       0x4  radio.o [1]
  .bss               zero     0x2001'0b74       0x4  soft-se.o [1]
  .bss               zero     0x2001'0b78       0x4  some_stuff.o [1]
  .bss               zero     0x2001'0b7c       0x4  sound.o [1]
  .bss               zero     0x2001'0b80       0x4  sound.o [1]
  .bss               zero     0x2001'0b84       0x4  stm32f4xx_hal.o [1]
  .bss               zero     0x2001'0b88       0x4  sx126x.o [1]
  .bss               zero     0x2001'0b8c       0x4  timeServer.o [1]
  .bss               zero     0x2001'0b90       0x4  memp.o [3]
  .bss               zero     0x2001'0b94       0x4  memp.o [3]
  .bss               zero     0x2001'0b98       0x4  memp.o [3]
  .bss               zero     0x2001'0b9c       0x4  memp.o [3]
  .bss               zero     0x2001'0ba0       0x4  memp.o [3]
  .bss               zero     0x2001'0ba4       0x4  memp.o [3]
  .bss               zero     0x2001'0ba8       0x4  memp.o [3]
  .bss               zero     0x2001'0bac       0x4  memp.o [3]
  .bss               zero     0x2001'0bb0       0x4  memp.o [3]
  .bss               zero     0x2001'0bb4       0x4  timeouts.o [3]
  .bss               zero     0x2001'0bb8       0x4  xfail_s.o [2]
  .bss               zero     0x2001'0bbc       0x4  xgetmemchunk.o [2]
  .bss               zero     0x2001'0bc0       0x2  hw_rtc.o [1]
  .bss               zero     0x2001'0bc2       0x2  main.o [1]
  .bss               zero     0x2001'0bc4       0x2  main.o [1]
  .bss               zero     0x2001'0bc6       0x2  main.o [1]
  .bss               zero     0x2001'0bc8       0x2  radio.o [1]
  .bss               zero     0x2001'0bca       0x2  ip4.o [3]
  .bss               zero     0x2001'0bcc       0x1  ethernetif.o [1]
  .bss               zero     0x2001'0bcd       0x1  gps.o [1]
  .bss               zero     0x2001'0bce       0x1  hw_rtc.o [1]
  .bss               zero     0x2001'0bcf       0x1  lora-test.o [1]
  .bss               zero     0x2001'0bd0       0x1  lora-test.o [1]
  .bss               zero     0x2001'0bd1       0x1  lora.o [1]
  .bss               zero     0x2001'0bd2       0x1  lora_stuff.o [1]
  .bss               zero     0x2001'0bd3       0x1  lora_stuff.o [1]
  .bss               zero     0x2001'0bd4       0x1  lwip.o [1]
  .bss               zero     0x2001'0bd5       0x1  lwip.o [1]
  .bss               zero     0x2001'0bd6       0x1  lwip.o [1]
  .bss               zero     0x2001'0bd7       0x1  main.o [1]
  .bss               zero     0x2001'0bd8       0x1  main.o [1]
  .bss               zero     0x2001'0bd9       0x1  main.o [1]
  .bss               zero     0x2001'0bda       0x1  mqtt_callbacks.o [1]
  .bss               zero     0x2001'0bdb       0x1  mqtt_callbacks.o [1]
  .bss               zero     0x2001'0bdc       0x1  mqtt_stuff.o [1]
  .bss               zero     0x2001'0bdd       0x1  mqtt_stuff.o [1]
  .bss               zero     0x2001'0bde       0x1  radio.o [1]
  .bss               zero     0x2001'0bdf       0x1  radio.o [1]
  .bss               zero     0x2001'0be0       0x1  sound.o [1]
  .bss               zero     0x2001'0be1       0x1  sound.o [1]
  .bss               zero     0x2001'0be2       0x1  sound.o [1]
  .bss               zero     0x2001'0be3       0x1  sx126x.o [1]
  .bss               zero     0x2001'0be4       0x1  sx126x.o [1]
  .bss               zero     0x2001'0be5       0x1  sx126x.o [1]
  .bss               zero     0x2001'0be6       0x1  sx126x.o [1]
  .bss               zero     0x2001'0be7       0x1  usbd_ctlreq.o [1]
  .bss               zero     0x2001'0be8       0x1  etharp.o [3]
  .bss               zero     0x2001'0be9       0x1  tcp.o [3]
  .bss               zero     0x2001'0bea       0x1  XShttio.o [2]
                            - 0x2001'0beb    0xfdaf

"P2", part 3 of 3:                           0xc000
  CSTACK                      0x2001'0bf0    0x4000  <Block>
    CSTACK           uninit   0x2001'0bf0    0x4000  <Block tail>
  HEAP                        0x2001'4bf0    0x8000  <Block>
    HEAP             uninit   0x2001'4bf0    0x8000  <Block tail>
                            - 0x2001'cbf0    0xc000

Unused ranges:

         From           To      Size
         ----           --      ----
   0x803'a181   0x80f'ffff  0xc'5e7f
  0x2000'0e3a  0x2000'0e3b       0x2
  0x2001'0bec  0x2001'0bef       0x4
  0x2001'cbf0  0x2001'ffff    0x3410


*******************************************************************************
*** INIT TABLE
***

          Address      Size
          -------      ----
Zero (__iar_zero_init3)
    1 destination range, total size 0xfdaf:
          0x2000'0e3c  0xfdaf

Copy/lz77 (__iar_lz77_init_single3)
    1 source range, total size 0x315 (21% of destination):
           0x803'9e6c   0x315
    1 destination range, total size 0xe3a:
          0x2000'0000   0xe3a



*******************************************************************************
*** MODULE SUMMARY
***

    Module                  ro code  ro data  rw data
    ------                  -------  -------  -------
command line/config:
    -------------------------------------------------
    Total:

C:\Users\Daniluxa\Documents\GitHub\LIC\lic_epd_v2_mcu\EWARM\Release\Obj: [1]
    BQ25887.o                   224        2
    LoRaMac.o                15'164       16    1'716
    LoRaMacAdr.o                296
    LoRaMacClassB.o             108
    LoRaMacCommands.o           804               256
    LoRaMacConfirmQueue.o       568                44
    LoRaMacCrypto.o           3'048        4       84
    LoRaMacParser.o             620
    LoRaMacSerializer.o         482
    Region.o                    638        4
    RegionCommon.o            1'712
    RegionRU864.o             3'640      124      116
    W25Qxx.o                  1'924       24       40
    ads1220_lib.o               204        9        4
    aes.o                     1'418      768
    at24mac402.o                220
    cmac.o                      694
    eeprom_lib.o                830
    ethernetif.o              1'548      180   16'293
    gps.o                     1'620       51      274
    hw_gpio.o                   292                64
    hw_rtc.o                  1'216       24      103
    hw_spi.o                     88
    init.o                    2'740       28      644
    inputs.o                    308                 8
    lan8742.o                   488
    lora-test.o                 818               278
    lora.o                    1'128       74       73
    lora_stuff.o              2'172       19      307
    low_power_manager.o         160                 8
    lwip.o                      596                75
    main.o                    3'440      747    3'453
    mqtt_callbacks.o            360               774
    mqtt_stuff.o              8'728    2'484      823
    radio.o                   3'384      345      545
    sensors.o                 1'670       16      120
    soft-se.o                 1'536               968
    some_stuff.o              1'160             1'048
    sound.o                     880      505       19
    startup_stm32f407xx.o       724
    stm32f4xx_hal.o             236        1        9
    stm32f4xx_hal_cortex.o      344
    stm32f4xx_hal_crc.o          36
    stm32f4xx_hal_eth.o       3'236
    stm32f4xx_hal_gpio.o      1'128
    stm32f4xx_hal_i2c.o       4'582
    stm32f4xx_hal_iwdg.o        106
    stm32f4xx_hal_msp.o       1'324
    stm32f4xx_hal_pcd.o       3'676
    stm32f4xx_hal_pcd_ex.o      122
    stm32f4xx_hal_rcc.o       1'560
    stm32f4xx_hal_rcc_ex.o      352
    stm32f4xx_hal_rtc.o       1'862
    stm32f4xx_hal_rtc_ex.o       98
    stm32f4xx_hal_spi.o       2'072
    stm32f4xx_hal_tim.o       2'000
    stm32f4xx_hal_tim_ex.o      176
    stm32f4xx_hal_uart.o      1'792
    stm32f4xx_it.o              256
    stm32f4xx_ll_usb.o        4'392
    sx126x.o                  2'384                 8
    sx126x_hal.o                820       14
    system_stm32f4xx.o           32       25        4
    systime.o                   344       48
    timeServer.o                760                 4
    timers.o                    132               400
    usb_device.o                 88               732
    usbd_cdc.o                1'804       31      139
    usbd_cdc_if.o               252        4    4'116
    usbd_conf.o               1'056             1'836
    usbd_core.o               1'520
    usbd_ctlreq.o             2'474                 1
    usbd_desc.o                 350       89      592
    usbd_ioreq.o                172
    utilities.o                 142        1        4
    zigbee.o                    406                16
    -------------------------------------------------
    Total:                  109'736    5'637   35'998

dl7M_tlf.a: [2]
    XShHandles.o                204               128
    XShttio.o                    60        1        9
    abort.o                       6
    dlmalloc.o                5'276               496
    exit.o                        4
    fclose.o                    126
    fflush.o                    172
    fputc.o                      84
    fseek.o                      36
    heaptramp0.o                  4
    iar_Stoflt.o                440
    iar_Stollx.o                166
    iar_Stopfx.o                290
    iar_Stoullx.o               434       80
    iar_Stoulx.o                332       80
    iar_Stoxflt.o               520
    isalpha.o                    20
    isspace.o                    20
    low_level_init.o              4
    printf.o                     40
    putchar.o                    12
    rand.o                      156        2      140
    sprintf.o                    64
    sscanf.o                     40
    strcat.o                     30
    strncmp.o                    40
    tolower.o                    20
    xcloseall.o                  60
    xfail_s.o                    64                 4
    xfgpos.o                     12
    xfiles.o                              54      408
    xfofind.o                   156
    xfspos.o                    216
    xfwprep.o                   180
    xgetmemchunk.o               44                 4
    xlocale_c.o                  76       33      128
    xprintffull_nomb.o        4'034        8
    xprout.o                     22
    xscanffull_nomb.o         3'512       76
    xsprout.o                    10
    xsscin.o                     30
    -------------------------------------------------
    Total:                   17'016      334    1'317

lwip.a: [3]
    def.o                        38
    dhcp.o                    5'412      536       56
    etharp.o                  2'068      468      241
    ethernet.o                  276      136
    icmp.o                      460      228
    inet_chksum.o               182
    init.o                       34
    ip.o                                           24
    ip4.o                       792      124        2
    ip4_addr.o                   50        8
    ip4_frag.o                2'176      208        8
    mem.o                     1'200      344    4'128
    memp.o                      444      360   26'688
    mqtt.o                    4'544    1'532
    netif.o                     976      232       12
    pbuf.o                    2'252      552
    tcp.o                     4'748    1'015       31
    tcp_in.o                  4'396      472       60
    tcp_out.o                 5'868    1'372
    timeouts.o                  476      236       12
    udp.o                     1'672      273        8
    -------------------------------------------------
    Total:                   38'064    8'096   31'270

m7M_tls.a: [4]
    DblAdd.o                    378
    DblCmpEq.o                   32
    DblCmpGe.o                   46
    DblCmpLe.o                   46
    DblDiv.o                    582
    DblMul.o                    418
    DblSub.o                    226
    DblToFlt.o                  104
    DblToS32.o                   58
    DblToU32.o                   40
    FltToDbl.o                   72
    S32ToDbl.o                   34
    U32ToDbl.o                   26
    ceil.o                      102
    floor.o                     104
    fpinit_M.o                   34
    frexp.o                     112
    iar_Exp64.o                 940
    ldexp.o                     314
    math_wrappers64.o            22
    nearbyint.o                 116
    pow64.o                   1'732    1'056
    strto64.o                 1'272       72
    -------------------------------------------------
    Total:                    6'810    1'128

rt7M_tl.a: [5]
    ABImemclr.o                   6
    ABImemclr4.o                  6
    ABImemcpy.o                 166
    ABImemset.o                 102
    ABImemset48.o                50
    I64DivMod.o                 560
    I64DivZer.o                   2
    cexit.o                      14
    cmain.o                      30
    cstart_closeall.o
    cstartup_M.o                 12
    data_init.o                  40
    lz77_init_single.o          120
    memchr.o                     88
    memcmp.o                    104
    memset.o                     20
    strchr.o                     22
    strcmp.o                     18
    strcpy.o                     24
    strlen.o                     54
    zero_init3.o                 58
    -------------------------------------------------
    Total:                    1'496

shb_l.a: [6]
    close.o                      24
    dwrite.o                     30
    exit.o                       20
    iarttio.o                   124
    iarwrite.o                   34
    iarwstd.o                    32
    lseek.o                      74
    remove.o                     20
    write.o                      16
    -------------------------------------------------
    Total:                      374

    Gaps                         66       12
    Linker created                        32   49'152
-----------------------------------------------------
    Grand Total:            173'562   15'239  117'737


*******************************************************************************
*** ENTRY LIST
***

Entry                       Address    Size  Type      Object
-----                       -------    ----  ----      ------
.iar.init_table$$Base    0x803'94d8           --   Gb  - Linker created -
.iar.init_table$$Limit   0x803'94f8           --   Gb  - Linker created -
?main                    0x803'9559          Code  Gb  cmain.o [5]
AES_CMAC_Final           0x801'34a5   0x196  Code  Gb  cmac.o [1]
AES_CMAC_Init            0x801'3385    0x22  Code  Gb  cmac.o [1]
AES_CMAC_SetKey          0x801'33a7    0x12  Code  Gb  cmac.o [1]
AES_CMAC_Update          0x801'33b9    0xec  Code  Gb  cmac.o [1]
AHBPrescTable            0x803'98f8    0x10  Data  Gb  system_stm32f4xx.o [1]
APBPrescTable            0x803'9ca4     0x8  Data  Gb  system_stm32f4xx.o [1]
AckTimeoutRetriesFinalize
                         0x800'e7e7    0x3e  Code  Lc  LoRaMac.o [1]
AckTimeoutRetriesProcess
                         0x800'e785    0x62  Code  Lc  LoRaMac.o [1]
AddInputs                0x801'7bc1    0x4a  Code  Gb  inputs.o [1]
AddLoraMsg2Queue         0x801'8b4b    0x94  Code  Lc  lora_stuff.o [1]
AddSensor                0x801'9379    0x80  Code  Gb  sensors.o [1]
AddSensor2Chain          0x801'93f9    0x1c  Code  Gb  sensors.o [1]
AdrEnableInit           0x2001'0bd0     0x1  Data  Lc  lora-test.o [1]
AppData                 0x2000'0194     0x8  Data  Gb  lora_stuff.o [1]
AppDataBuff             0x2001'012c    0x80  Data  Lc  lora_stuff.o [1]
AppProcessRequest       0x2001'0bd3     0x1  Data  Gb  lora_stuff.o [1]
BQ25887_ADC_OFF          0x802'3ba5    0x14  Code  Gb  BQ25887.o [1]
BQ25887_ADC_ON           0x802'3b91    0x14  Code  Gb  BQ25887.o [1]
BQ25887_Get_Charge       0x802'3b35    0x50  Code  Gb  BQ25887.o [1]
BQ25887_Get_Vbat         0x802'3b85     0xc  Code  Gb  BQ25887.o [1]
BQ25887_Reg_Read         0x802'3ae9    0x2a  Code  Gb  BQ25887.o [1]
BQ25887_Reg_Write        0x802'3b13    0x22  Code  Gb  BQ25887.o [1]
Bandwidths               0x803'9d14     0x4  Data  Gb  radio.o [1]
BandwidthsRU864          0x803'9518    0x20  Data  Lc  RegionRU864.o [1]
BusFault_Handler         0x803'8229     0x2  Code  Gb  stm32f4xx_it.o [1]
CDCCmdEpAdd             0x2000'0e39     0x1  Data  Lc  usbd_cdc.o [1]
CDCInEpAdd              0x2000'0e37     0x1  Data  Lc  usbd_cdc.o [1]
CDCOutEpAdd             0x2000'0e38     0x1  Data  Lc  usbd_cdc.o [1]
CDC_Control_FS           0x801'96f7    0x42  Code  Lc  usbd_cdc_if.o [1]
CDC_DeInit_FS            0x801'96f3     0x4  Code  Lc  usbd_cdc_if.o [1]
CDC_Init_FS              0x801'96d9    0x1a  Code  Lc  usbd_cdc_if.o [1]
CDC_Receive_FS           0x801'9739    0x22  Code  Lc  usbd_cdc_if.o [1]
CDC_TransmitCplt_FS      0x801'9797    0x2e  Code  Lc  usbd_cdc_if.o [1]
CDC_Transmit_FS          0x801'975b    0x3c  Code  Gb  usbd_cdc_if.o [1]
CSTACK$$Base            0x2001'0bf0           --   Gb  - Linker created -
CSTACK$$Limit           0x2001'4bf0           --   Gb  - Linker created -
CalcNextV10X             0x801'1f5b   0x106  Code  Lc  LoRaMacAdr.o [1]
CalculateBackOff         0x800'df55    0x94  Code  Lc  LoRaMac.o [1]
CallNvmCtxCallback       0x800'e825    0x28  Code  Lc  LoRaMac.o [1]
CertifTxNextPacketTimer
                        0x2001'099c    0x18  Data  Lc  lora-test.o [1]
CheckFCntDown            0x801'0e37    0x32  Code  Lc  LoRaMacCrypto.o [1]
CheckLoraBuff            0x801'8af7    0x12  Code  Lc  lora_stuff.o [1]
CheckRetransConfirmedUplink
                         0x800'e6eb    0x32  Code  Lc  LoRaMac.o [1]
CheckRetransUnconfirmedUplink
                         0x800'e6a5    0x46  Code  Lc  LoRaMac.o [1]
CommandsNvmCtxChanged   0x2001'0b34     0x4  Data  Lc  LoRaMacCommands.o [1]
ComputeCmac              0x801'0491    0x8c  Code  Lc  soft-se.o [1]
ComputeCmacB0            0x801'0bc7    0x70  Code  Lc  LoRaMacCrypto.o [1]
ConfirmQueueCtx         0x2001'0a2c    0x14  Data  Lc  LoRaMacConfirmQueue.o [1]
ConfirmQueueNvmCtx      0x2001'09b4    0x18  Data  Lc  LoRaMacConfirmQueue.o [1]
Contexts                0x2001'072c    0x38  Data  Gb  LoRaMac.o [1]
CountChannels            0x801'4885    0x32  Code  Lc  RegionCommon.o [1]
CountNbOfEnabledChannels
                         0x801'25df    0xec  Code  Lc  RegionRU864.o [1]
CryptoCtx               0x2001'0ac8     0xc  Data  Lc  LoRaMacCrypto.o [1]
DHCP_processing          0x801'8689    0xc6  Code  Gb  lwip.o [1]
DHCP_state              0x2001'0bd5     0x1  Data  Gb  lwip.o [1]
DMARxDscrTab            0x2000'fee4    0xa0  Data  Gb  ethernetif.o [1]
DMATxDscrTab            0x2000'ff84    0xa0  Data  Gb  ethernetif.o [1]
DataratesRU864           0x803'9c7c     0x8  Data  Lc  RegionRU864.o [1]
DaysInMonth              0x803'99d8     0xc  Data  Lc  hw_rtc.o [1]
DaysInMonthLeapYear      0x803'99e4     0xc  Data  Lc  hw_rtc.o [1]
DebugMon_Handler         0x803'822f     0x2  Code  Gb  stm32f4xx_it.o [1]
DelSensorFromChain       0x801'9415    0x84  Code  Gb  sensors.o [1]
DeriveSessionKey10x      0x801'0d0d    0x8e  Code  Lc  LoRaMacCrypto.o [1]
DetermineFrameType       0x800'e63d    0x68  Code  Gb  LoRaMac.o [1]
Device_Init              0x801'710d   0x10e  Code  Gb  init.o [1]
Dtentox                  0x802'e689   0x234  Code  Lc  strto64.o [4]
DummyCB                  0x801'0f17     0x2  Code  Lc  LoRaMacCrypto.o [1]
DummyCB                  0x801'048f     0x2  Code  Lc  soft-se.o [1]
ETH_DMARxDescListInit    0x802'9ee7    0x82  Code  Lc  stm32f4xx_hal_eth.o [1]
ETH_DMATxDescListInit    0x802'9e81    0x66  Code  Lc  stm32f4xx_hal_eth.o [1]
ETH_FlushTransmitFIFO    0x802'9b61    0x2c  Code  Lc  stm32f4xx_hal_eth.o [1]
ETH_MACAddressConfig     0x802'9e2b    0x2e  Code  Lc  stm32f4xx_hal_eth.o [1]
ETH_MACDMAConfig         0x802'9d4f    0xdc  Code  Lc  stm32f4xx_hal_eth.o [1]
ETH_PHY_IO_DeInit        0x802'1d77     0x4  Code  Gb  ethernetif.o [1]
ETH_PHY_IO_GetTick       0x802'1dbf     0x8  Code  Gb  ethernetif.o [1]
ETH_PHY_IO_Init          0x802'1d6b     0xc  Code  Gb  ethernetif.o [1]
ETH_PHY_IO_ReadReg       0x802'1d7b    0x22  Code  Gb  ethernetif.o [1]
ETH_PHY_IO_WriteReg      0x802'1d9d    0x22  Code  Gb  ethernetif.o [1]
ETH_Prepare_Tx_Descriptors
                         0x802'9f69   0x1d8  Code  Lc  stm32f4xx_hal_eth.o [1]
ETH_SetDMAConfig         0x802'9c99    0xb6  Code  Lc  stm32f4xx_hal_eth.o [1]
ETH_SetMACConfig         0x802'9b8d   0x10a  Code  Lc  stm32f4xx_hal_eth.o [1]
ETH_UpdateDescriptor     0x802'9845    0xa6  Code  Lc  stm32f4xx_hal_eth.o [1]
EXTI0_IRQHandler         0x803'823f     0xa  Code  Gb  stm32f4xx_it.o [1]
EXTI15_10_IRQHandler     0x803'826b     0xe  Code  Gb  stm32f4xx_it.o [1]
[...]
mix_sub_columns          0x801'3825   0x19e  Code  Lc  aes.o [1]
mparams                 0x2001'0a14    0x18  Data  Lc  dlmalloc.o [2]
mqtt_add2queue           0x801'c061    0xe2  Code  Gb  mqtt_stuff.o [1]
mqtt_append_request      0x802'4d0b    0x5a  Code  Lc  mqtt.o [3]
mqtt_client_connect      0x802'5889   0x2de  Code  Gb  mqtt.o [3]
mqtt_client_global      0x2000'dfbc   0x2f0  Data  Gb  mqtt_stuff.o [1]
mqtt_client_is_connected
                         0x802'5b97    0x26  Code  Gb  mqtt.o [3]
mqtt_close               0x802'4f09    0x9c  Code  Lc  mqtt.o [3]
mqtt_connect             0x801'bf41    0x50  Code  Gb  mqtt_stuff.o [1]
mqtt_connection_cb       0x802'5e3f    0x14  Code  Gb  mqtt_callbacks.o [1]
mqtt_create_request      0x802'4cbd    0x4e  Code  Lc  mqtt.o [3]
mqtt_cyclic_timer        0x802'4fc1   0x100  Code  Lc  mqtt.o [3]
mqtt_disconnect          0x802'5b6d    0x2a  Code  Gb  mqtt.o [3]
mqtt_incoming_data_cb    0x802'5d93    0x80  Code  Gb  mqtt_callbacks.o [1]
mqtt_incoming_publish_cb
                         0x802'5d71    0x22  Code  Gb  mqtt_callbacks.o [1]
mqtt_init_conn           0x801'c1c1    0x48  Code  Gb  mqtt_stuff.o [1]
mqtt_init_user           0x801'ada5   0x25c  Code  Gb  mqtt_stuff.o [1]
mqtt_init_user::mqtt_id
                        0x2001'0a40    0x14  Data  Lc  mqtt_stuff.o [1]
mqtt_kill_msg            0x801'c151    0x54  Code  Gb  mqtt_stuff.o [1]
mqtt_last_topicname     0x2000'f804   0x100  Data  Gb  mqtt_callbacks.o [1]
mqtt_message_received    0x802'510d   0x204  Code  Lc  mqtt.o [3]
mqtt_output_append_fixed_header
                         0x802'4e63    0x68  Code  Lc  mqtt.o [3]
mqtt_output_append_string
                         0x802'4e0b    0x58  Code  Lc  mqtt.o [3]
mqtt_output_append_u16   0x802'4dd1    0x3a  Code  Lc  mqtt.o [3]
mqtt_output_check_space
                         0x802'4ecb    0x3c  Code  Lc  mqtt.o [3]
mqtt_output_send         0x802'4bb5    0xe8  Code  Lc  mqtt.o [3]
mqtt_pub_request_cb      0x802'5e29    0x16  Code  Gb  mqtt_callbacks.o [1]
mqtt_publish             0x802'554b   0x18c  Code  Gb  mqtt.o [3]
mqtt_receive             0x801'b2ed   0xc4e  Code  Gb  mqtt_stuff.o [1]
mqtt_ringbuf_advance_get_idx
                         0x802'4b6d    0x34  Code  Lc  mqtt.o [3]
mqtt_ringbuf_len         0x802'4ba1    0x14  Code  Lc  mqtt.o [3]
mqtt_ringbuf_put         0x802'4b53    0x1a  Code  Lc  mqtt.o [3]
mqtt_rx_buffer          0x2000'ea0c   0x200  Data  Gb  mqtt_callbacks.o [1]
mqtt_send                0x801'bff9    0x50  Code  Gb  mqtt_stuff.o [1]
mqtt_send_abstract       0x801'c209    0x34  Code  Gb  mqtt_stuff.o [1]
mqtt_send_feedback       0x801'b197    0x88  Code  Gb  mqtt_stuff.o [1]
mqtt_set_inpub_callback
                         0x802'5861    0x28  Code  Gb  mqtt.o [3]
mqtt_sub                 0x801'bf95    0x52  Code  Gb  mqtt_stuff.o [1]
mqtt_sub_request_cb      0x802'5e13    0x16  Code  Gb  mqtt_callbacks.o [1]
mqtt_sub_unsub           0x802'56d7   0x17e  Code  Gb  mqtt.o [3]
mqtt_take_request        0x802'4d65    0x4a  Code  Lc  mqtt.o [3]
mqtt_tcp_connect_cb      0x802'54f9    0x52  Code  Lc  mqtt.o [3]
mqtt_tcp_err_cb          0x802'54bd    0x2a  Code  Lc  mqtt.o [3]
mqtt_tcp_poll_cb         0x802'54e7    0x12  Code  Lc  mqtt.o [3]
mqtt_tcp_recv_cb         0x802'5317   0x16c  Code  Lc  mqtt.o [3]
mqtt_tcp_sent_cb         0x802'5483    0x3a  Code  Lc  mqtt.o [3]
msg_generate_packet_id   0x802'4b41    0x12  Code  Lc  mqtt.o [3]
ndigs                    0x803'8fd0    0x28  Data  Lc  iar_Stoulx.o [2]
ndigs                    0x803'9020    0x28  Data  Lc  iar_Stoullx.o [2]
nearbyint                0x803'4fe5          Code  Gb  nearbyint.o [4]
nearbyintl               0x803'4fe5          Code  Gb  nearbyint.o [4]
netif_add                0x802'15a7   0x100  Code  Gb  netif.o [3]
netif_default           0x2001'0adc     0x4  Data  Gb  netif.o [3]
netif_do_set_gw          0x802'1751    0x16  Code  Lc  netif.o [3]
netif_do_set_ipaddr      0x802'16a7    0x94  Code  Lc  netif.o [3]
netif_do_set_netmask     0x802'173b    0x16  Code  Lc  netif.o [3]
netif_get_by_index       0x802'189f    0x20  Code  Gb  netif.o [3]
netif_init               0x802'15a5     0x2  Code  Gb  netif.o [3]
netif_list              0x2001'0ad8     0x4  Data  Gb  netif.o [3]
netif_null_output_ip4    0x802'1899     0x6  Code  Lc  netif.o [3]
netif_num               0x2001'0ad4     0x1  Data  Lc  netif.o [3]
netif_set_addr           0x802'1767    0x56  Code  Gb  netif.o [3]
netif_set_default        0x802'17bd     0x6  Code  Gb  netif.o [3]
netif_set_down           0x802'17f7    0x26  Code  Gb  netif.o [3]
netif_set_link_callback
                         0x802'1891     0x6  Code  Gb  netif.o [3]
netif_set_link_down      0x802'186d    0x24  Code  Gb  netif.o [3]
netif_set_link_up        0x802'181d    0x50  Code  Gb  netif.o [3]
netif_set_up             0x802'17c3    0x34  Code  Gb  netif.o [3]
netmask                 0x2001'0b48     0x4  Data  Gb  lwip.o [1]
next                    0x2000'0c70     0x4  Data  Lc  utilities.o [1]
next_timeout            0x2001'0ae8     0x4  Data  Lc  timeouts.o [3]
numofresets             0x2001'0b20     0x4  Data  Gb  lora_stuff.o [1]
obuf                    0x2001'0410    0x50  Data  Lc  xfiles.o [2]
oct_offset              0x2001'0be2     0x1  Data  Gb  sound.o [1]
pFirst                  0x2001'0afc     0x4  Data  Lc  inputs.o [1]
pFirstEvent             0x2001'0b00     0x4  Data  Lc  inputs.o [1]
pFirstLoraMsg           0x2001'0b14     0x4  Data  Gb  lora_stuff.o [1]
pFirstMQTTmsg           0x2001'0b64     0x4  Data  Gb  mqtt_stuff.o [1]
pRSx                    0x2000'0b64     0xc  Data  Gb  mqtt_stuff.o [1]
pbuf_add_header          0x802'a627    0x56  Code  Gb  pbuf.o [3]
pbuf_add_header_impl     0x802'a5c7    0x60  Code  Lc  pbuf.o [3]
pbuf_alloc               0x802'a331   0x172  Code  Gb  pbuf.o [3]
pbuf_alloc_reference     0x802'a4a3    0x42  Code  Gb  pbuf.o [3]
pbuf_alloced_custom      0x802'a4e5    0x3c  Code  Gb  pbuf.o [3]
pbuf_cat                 0x802'a7c7    0x68  Code  Gb  pbuf.o [3]
pbuf_chain               0x802'a82f    0x10  Code  Gb  pbuf.o [3]
pbuf_clen                0x802'a793    0x12  Code  Gb  pbuf.o [3]
pbuf_clone               0x802'a9c9    0x30  Code  Gb  pbuf.o [3]
pbuf_copy                0x802'a83f    0x1a  Code  Gb  pbuf.o [3]
pbuf_copy_partial        0x802'a957    0x70  Code  Gb  pbuf.o [3]
pbuf_copy_partial_pbuf   0x802'a859    0xfe  Code  Gb  pbuf.o [3]
pbuf_free                0x802'a6d9    0xb4  Code  Gb  pbuf.o [3]
pbuf_free_custom         0x802'1c4d    0x1c  Code  Gb  ethernetif.o [1]
pbuf_get_at              0x802'aa11    0x12  Code  Gb  pbuf.o [3]
pbuf_header_force        0x802'a6d5     0x4  Code  Gb  pbuf.o [3]
pbuf_header_impl         0x802'a6c7     0xe  Code  Lc  pbuf.o [3]
pbuf_realloc             0x802'a521    0xa6  Code  Gb  pbuf.o [3]
pbuf_ref                 0x802'a7a5    0x22  Code  Gb  pbuf.o [3]
pbuf_remove_header       0x802'a67d    0x4a  Code  Gb  pbuf.o [3]
pbuf_try_get_at          0x802'aa23    0x1e  Code  Gb  pbuf.o [3]
period_table             0x803'7820   0x1b0  Data  Gb  sound.o [1]
play_rt                  0x801'81e9    0x84  Code  Gb  sound.o [1]
play_str                0x2001'0b7c     0x4  Data  Gb  sound.o [1]
playing                 0x2001'0be0     0x1  Data  Gb  sound.o [1]
pow                      0x803'50b9   0x6c4  Code  Gb  pow64.o [4]
powl                     0x803'50b9   0x6c4  Code  Gb  pow64.o [4]
pows                     0x803'9140    0x48  Data  Lc  strto64.o [4]
print_err                0x802'5d01    0x70  Code  Gb  mqtt_callbacks.o [1]
printf                   0x802'8c61    0x28  Code  Gb  printf.o [2]
pub_ack_rec_rel_response
                         0x802'50c1    0x4c  Code  Lc  mqtt.o [3]
putchar                  0x803'9799     0xc  Code  Gb  putchar.o [2]
ram                     0x2000'ab44     0x4  Data  Lc  mem.o [3]
ram_end                 0x2000'ab48     0x4  Data  Lc  mem.o [3]
ram_heap                0x2000'ab50  0x1014  Data  Gb  mem.o [3]
rand                     0x802'ac25    0x8a  Code  Gb  rand.o [2]
rand1                    0x801'1ad1    0x1e  Code  Gb  utilities.o [1]
randr                    0x801'1afd    0x1c  Code  Gb  utilities.o [1]
ranmatch                 0x802'6a11    0x42  Code  Lc  xscanffull_nomb.o [2]
read_cfg_eeprom          0x801'9fb7    0xba  Code  Gb  eeprom_lib.o [1]
read_device_info         0x801'9f59    0x38  Code  Gb  eeprom_lib.o [1]
reassdatagrams          0x2001'0af4     0x4  Data  Lc  ip4_frag.o [3]
reboot_cntr             0x2001'0b50     0x4  Data  Gb  main.o [1]
recv_acked              0x2001'069e     0x2  Data  Lc  tcp_in.o [3]
recv_data               0x2001'06b4     0x4  Data  Lc  tcp_in.o [3]
recv_flags              0x2001'0681     0x1  Data  Lc  tcp_in.o [3]
remove                   0x803'8e2b    0x14  Code  Gb  remove.o [6]
rint                     0x803'4fe5          Code  Gb  nearbyint.o [4]
rintl                    0x803'4fe5          Code  Gb  nearbyint.o [4]
rs1_config              0x2000'0b54     0x4  Data  Gb  main.o [1]
rs1_sensors             0x2000'0b48     0x4  Data  Gb  main.o [1]
rs2_config              0x2000'0b58     0x4  Data  Gb  main.o [1]
rs2_sensors             0x2000'0b4c     0x4  Data  Gb  main.o [1]
rs3_config              0x2000'0b5c     0x4  Data  Gb  main.o [1]
rs3_sensors             0x2000'0b50     0x4  Data  Gb  main.o [1]
rs_read_EKSIK            0x801'90f1   0x104  Code  Gb  sensors.o [1]
rs_read_ISA_LIC          0x801'91f5   0x184  Code  Gb  sensors.o [1]
rx_buffer_len           0x2001'0b60     0x4  Data  Gb  mqtt_callbacks.o [1]
sFileInfo               0x2001'01ac    0x80  Data  Lc  XShHandles.o [2]
save_settings            0x801'8061    0x2c  Code  Gb  some_stuff.o [1]
sbox                     0x803'7d98   0x100  Data  Lc  aes.o [1]
scalbln                  0x802'eaa9          Code  Gb  ldexp.o [4]
scalblnl                 0x802'eaa9          Code  Gb  ldexp.o [4]
scalbn                   0x802'eaa9          Code  Gb  ldexp.o [4]
scalbnl                  0x802'eaa9          Code  Gb  ldexp.o [4]
scale                    0x802'cd3b    0x46  Code  Lc  xprintffull_nomb.o [2]
sec_hand                0x2001'0bb8     0x4  Data  Lc  xfail_s.o [2]
segment_holding          0x801'ff6d    0x1a  Code  Lc  dlmalloc.o [2]
sensorsToSend           0x2000'dcbc   0x300  Data  Gb  main.o [1]
sensorsToSendCount      0x2001'0bd8     0x1  Data  Gb  main.o [1]
seqno                   0x2001'06ac     0x4  Data  Lc  tcp_in.o [3]
set_param                0x801'a23d    0x5a  Code  Gb  eeprom_lib.o [1]
shift_sub_rows           0x801'37ad    0x78  Code  Lc  aes.o [1]
sound_processing         0x801'8271   0x2a8  Code  Gb  sound.o [1]
sound_stop               0x801'8519    0x18  Code  Gb  sound.o [1]
sound_tmr               0x2000'0b74     0x4  Data  Gb  sound.o [1]
spi_write                0x801'a69b    0x3e  Code  Gb  ads1220_lib.o [1]
sprintf                  0x802'4a79    0x40  Code  Gb  sprintf.o [2]
srand1                   0x801'1aef     0x6  Code  Gb  utilities.o [1]
sscanf                   0x802'140d    0x28  Code  Gb  sscanf.o [2]
status_reg              0x2001'0b54     0x4  Data  Gb  main.o [1]
status_update_timer     0x2000'0b70     0x4  Data  Gb  mqtt_stuff.o [1]
strcat                   0x802'4ab9    0x1e  Code  Gb  strcat.o [2]
strchr                   0x802'e539          Code  Gb  strchr.o [5]
strcmp                   0x802'4a65          Code  Gb  strcmp.o [5]
strcpy                   0x802'3cdd          Code  Gb  strcpy.o [5]
strlen                   0x802'3ca5          Code  Gb  strlen.o [5]
strncmp                  0x802'4a3d    0x28  Code  Gb  strncmp.o [2]
strtoll                  0x802'eea1     0x2  Code  Gb  iar_Stollx.o [2]
strtoull                 0x802'edf9     0x2  Code  Gb  iar_Stoullx.o [2]
sys_check_timeouts       0x802'3631    0x34  Code  Gb  timeouts.o [3]
sys_now                  0x802'1c69     0x8  Code  Gb  ethernetif.o [1]
sys_timeout              0x802'35c9    0x32  Code  Gb  timeouts.o [3]
sys_timeout_abs          0x802'34f5    0x5e  Code  Lc  timeouts.o [3]
sys_timeouts_init        0x802'357d    0x4c  Code  Gb  timeouts.o [3]
sys_untimeout            0x802'35fb    0x36  Code  Gb  timeouts.o [3]
tcp_abandon              0x802'7cf9    0xe2  Code  Gb  tcp.o [3]
tcp_abort                0x802'7df9     0x4  Code  Gb  tcp.o [3]
tcp_active_pcbs         0x2000'0c94     0x4  Data  Gb  tcp.o [3]
tcp_active_pcbs_changed
                        0x2000'0c84     0x1  Data  Gb  tcp.o [3]
tcp_alloc                0x802'870b   0x16c  Code  Gb  tcp.o [3]
tcp_arg                  0x802'887f     0x6  Code  Gb  tcp.o [3]
tcp_backoff              0x802'8c48    0x10  Data  Lc  tcp.o [3]
tcp_bind                 0x802'7dfd    0x8c  Code  Gb  tcp.o [3]
tcp_bound_pcbs          0x2000'0c8c     0x4  Data  Gb  tcp.o [3]
tcp_close                0x802'7cb9    0x26  Code  Gb  tcp.o [3]
tcp_close_shutdown       0x802'7a31   0x198  Code  Lc  tcp.o [3]
tcp_close_shutdown_fin   0x802'7bc9    0x72  Code  Lc  tcp.o [3]
tcp_connect              0x802'800d   0x10a  Code  Gb  tcp.o [3]
tcp_create_segment       0x802'ce4d    0xdc  Code  Lc  tcp_out.o [3]
tcp_eff_send_mss_netif   0x802'8a45    0x38  Code  Gb  tcp.o [3]
tcp_enqueue_flags        0x802'd9cb   0x128  Code  Gb  tcp_out.o [3]
tcp_err                  0x802'88d9    0x26  Code  Gb  tcp.o [3]
tcp_fasttmr              0x802'8591    0x6a  Code  Gb  tcp.o [3]
tcp_free                 0x802'79eb    0x28  Code  Gb  tcp.o [3]
tcp_free_acked_segments
                         0x802'fdff    0xa8  Code  Lc  tcp_in.o [3]
tcp_get_next_optbyte     0x803'0303    0x24  Code  Lc  tcp_in.o [3]
tcp_init                 0x802'79d5    0x16  Code  Gb  tcp.o [3]
tcp_input                0x802'f401   0x958  Code  Gb  tcp_in.o [3]
tcp_input_delayed_close
                         0x802'fdb5    0x4a  Code  Lc  tcp_in.o [3]
tcp_input_pcb           0x2001'06b8     0x4  Data  Gb  tcp_in.o [3]
tcp_keepalive            0x802'e281    0x40  Code  Gb  tcp_out.o [3]
tcp_listen_pcbs         0x2000'0c90     0x4  Data  Gb  tcp.o [3]
tcp_netif_ip_addr_changed
                         0x802'8ab3    0x42  Code  Gb  tcp.o [3]
tcp_netif_ip_addr_changed_pcblist
                         0x802'8a7d    0x36  Code  Lc  tcp.o [3]
tcp_new_ip_type          0x802'8879     0x2  Code  Gb  tcp.o [3]
tcp_new_port             0x802'7fa1    0x5a  Code  Lc  tcp.o [3]
tcp_next_iss             0x802'8a25    0x20  Code  Gb  tcp.o [3]
tcp_next_iss::iss       0x2000'0c9c     0x4  Data  Lc  tcp.o [3]
tcp_optidx              0x2001'069c     0x2  Data  Lc  tcp_in.o [3]
tcp_output               0x802'dafd   0x32c  Code  Gb  tcp_out.o [3]
tcp_output_alloc_header
                         0x802'e0c7    0x4a  Code  Lc  tcp_out.o [3]
tcp_output_alloc_header_common
                         0x802'e03d    0x8a  Code  Lc  tcp_out.o [3]
tcp_output_control_segment
                         0x802'e111    0x5e  Code  Lc  tcp_out.o [3]
tcp_parseopt             0x803'032d    0x84  Code  Lc  tcp_in.o [3]
tcp_pbuf_prealloc        0x802'cf41    0xae  Code  Lc  tcp_out.o [3]
tcp_pcb_lists            0x802'7ffc    0x10  Data  Gb  tcp.o [3]
tcp_pcb_purge            0x802'8935    0x4a  Code  Gb  tcp.o [3]
tcp_pcb_remove           0x802'8981    0xa4  Code  Gb  tcp.o [3]
tcp_persist_backoff      0x802'8c58     0x8  Data  Lc  tcp.o [3]
tcp_poll                 0x802'88ff    0x36  Code  Gb  tcp.o [3]
tcp_port                0x2000'0e30     0x2  Data  Lc  tcp.o [3]
tcp_process_refused_data
                         0x802'8601    0x88  Code  Gb  tcp.o [3]
tcp_receive              0x802'feb9   0x44a  Code  Lc  tcp_in.o [3]
tcp_recv                 0x802'8885    0x26  Code  Gb  tcp.o [3]
tcp_recv_null            0x802'86d5    0x2c  Code  Gb  tcp.o [3]
tcp_recved               0x802'7f21    0x66  Code  Gb  tcp.o [3]
tcp_rexmit               0x802'df4b    0x8a  Code  Gb  tcp_out.o [3]
tcp_rexmit_fast          0x802'dfd5    0x68  Code  Gb  tcp_out.o [3]
tcp_rexmit_rto           0x802'df1f    0x2c  Code  Gb  tcp_out.o [3]
tcp_rexmit_rto_commit    0x802'deef    0x30  Code  Gb  tcp_out.o [3]
tcp_rexmit_rto_prepare   0x802'de31    0xbe  Code  Gb  tcp_out.o [3]
tcp_route                0x802'ce39    0x12  Code  Lc  tcp_out.o [3]
tcp_rst                  0x802'e16f    0xb6  Code  Gb  tcp_out.o [3]
tcp_seg_free             0x802'86b9    0x1c  Code  Gb  tcp.o [3]
tcp_segs_free            0x802'869b    0x1e  Code  Gb  tcp.o [3]
tcp_send_empty_ack       0x802'e225    0x5a  Code  Gb  tcp_out.o [3]
tcp_send_fin             0x802'd8ad   0x11e  Code  Gb  tcp_out.o [3]
tcp_sent                 0x802'88ab    0x24  Code  Gb  tcp.o [3]
tcp_slowtmr              0x802'816d   0x424  Code  Gb  tcp.o [3]
tcp_split_unsent_seg     0x802'd72d   0x180  Code  Gb  tcp_out.o [3]
tcp_ticks               0x2000'0c88     0x4  Data  Gb  tcp.o [3]
tcp_timer               0x2001'0be9     0x1  Data  Lc  tcp.o [3]
tcp_timer_ctr           0x2000'0c85     0x1  Data  Lc  tcp.o [3]
tcp_timer_needed         0x802'34c3    0x24  Code  Gb  timeouts.o [3]
tcp_tmr                  0x802'7a13    0x1e  Code  Gb  tcp.o [3]
tcp_trigger_input_pcb_close
                         0x803'03b1     0xc  Code  Gb  tcp_in.o [3]
tcp_tw_pcbs             0x2000'0c98     0x4  Data  Gb  tcp.o [3]
tcp_update_rcv_ann_wnd   0x802'7ea1    0x64  Code  Gb  tcp.o [3]
tcp_write                0x802'd025   0x62c  Code  Gb  tcp_out.o [3]
tcp_zero_window_probe    0x802'e2c1    0xb8  Code  Gb  tcp_out.o [3]
tcphdr                  0x2001'06a4     0x4  Data  Lc  tcp_in.o [3]
tcphdr_opt1len          0x2001'069a     0x2  Data  Lc  tcp_in.o [3]
tcphdr_opt2             0x2001'06a8     0x4  Data  Lc  tcp_in.o [3]
tcphdr_optlen           0x2001'0698     0x2  Data  Lc  tcp_in.o [3]
tcpip_tcp_timer          0x802'34a5    0x1e  Code  Lc  timeouts.o [3]
tcpip_tcp_timer_active  0x2001'0bb4     0x4  Data  Lc  timeouts.o [3]
tcplen                  0x2001'06a0     0x2  Data  Lc  tcp_in.o [3]
tim7_handle              0x801'67c3     0xe  Code  Gb  main.o [1]
timer_pool              0x2000'f1c0   0x190  Data  Gb  timers.o [1]
timer_pool_init          0x801'a601    0x1c  Code  Gb  timers.o [1]
tolower                  0x802'6c75    0x14  Code  Gb  tolower.o [2]
total_lora_msgs         0x2001'0b18     0x4  Data  Gb  lora_stuff.o [1]
ttio_guard              0x2001'0bea     0x1  Data  Lc  XShttio.o [2]
udp_bind                 0x802'7647    0xd8  Code  Gb  udp.o [3]
udp_connect              0x802'7721    0x5a  Code  Gb  udp.o [3]
udp_init                 0x802'734d    0x16  Code  Gb  udp.o [3]
udp_input                0x802'7363   0x194  Code  Gb  udp.o [3]
udp_netif_ip_addr_changed
                         0x802'77dd    0x32  Code  Gb  udp.o [3]
udp_new                  0x802'77c1     0x4  Code  Gb  udp.o [3]
udp_pcbs                0x2000'0ca4     0x4  Data  Gb  udp.o [3]
udp_port                0x2000'0ca0     0x2  Data  Lc  udp.o [3]
udp_recv                 0x802'777b    0x12  Code  Gb  udp.o [3]
udp_remove               0x802'778d    0x34  Code  Gb  udp.o [3]
udp_sendto_if            0x802'74f7    0x54  Code  Gb  udp.o [3]
udp_sendto_if_src        0x802'754d    0xf4  Code  Gb  udp.o [3]
uwTick                  0x2001'0b84     0x4  Data  Gb  stm32f4xx_hal.o [1]
uwTickFreq              0x2000'0e36     0x1  Data  Gb  stm32f4xx_hal.o [1]
uwTickPrio              0x2000'0b7c     0x4  Data  Gb  stm32f4xx_hal.o [1]
w25qxx                  0x2001'0870    0x28  Data  Gb  W25Qxx.o [1]
write_device_info        0x801'9f91    0x26  Code  Gb  eeprom_lib.o [1]
xor_block                0x801'3695    0x82  Code  Lc  aes.o [1]


[1] = C:\Users\Daniluxa\Documents\GitHub\LIC\lic_epd_v2_mcu\EWARM\Release\Obj
[2] = dl7M_tlf.a
[3] = lwip.a
[4] = m7M_tls.a
[5] = rt7M_tl.a
[6] = shb_l.a

  173'562 bytes of readonly  code memory
   15'239 bytes of readonly  data memory
  117'737 bytes of readwrite data memory

Errors: none
Warnings: none
